root@master-fr-par-1:~# cat /var/log/syslog
Aug 23 12:50:45 master-fr-par-1 systemd-growfs[241]: Partition size 39865765376 is not a multiple of the blocksize 4096, ignoring 3584 bytes
Aug 23 12:50:45 master-fr-par-1 systemd[1]: Starting Flush Journal to Persistent Storage...
Aug 23 12:50:45 master-fr-par-1 systemd[1]: Started Helper to synchronize boot up for ifupdown.
Aug 23 12:50:45 master-fr-par-1 systemd-sysusers[239]: Creating group systemd-coredump with gid 999.
Aug 23 12:50:45 master-fr-par-1 systemd-sysusers[239]: Creating user systemd-coredump (systemd Core Dumper) with uid 999 and gid 999.
Aug 23 12:50:45 master-fr-par-1 systemd[1]: Started Flush Journal to Persistent Storage.
Aug 23 12:50:45 master-fr-par-1 systemd-growfs[241]: Successfully resized "/" to 37.1G bytes (9732852 blocks of 4096 bytes).
Aug 23 12:50:45 master-fr-par-1 systemd[1]: Started Grow File System on /.
Aug 23 12:50:45 master-fr-par-1 systemd[1]: Started Create System Users.
Aug 23 12:50:45 master-fr-par-1 systemd[1]: Starting Create Static Device Nodes in /dev...
Aug 23 12:50:45 master-fr-par-1 systemd[1]: Started Create Static Device Nodes in /dev.
Aug 23 12:50:45 master-fr-par-1 systemd[1]: Reached target Local File Systems (Pre).
Aug 23 12:50:45 master-fr-par-1 systemd[1]: Starting udev Kernel Device Manager...
Aug 23 12:50:45 master-fr-par-1 systemd[1]: Started udev Kernel Device Manager.
Aug 23 12:50:45 master-fr-par-1 systemd-udevd[266]: Using default interface naming scheme 'v240'.
Aug 23 12:50:45 master-fr-par-1 systemd-udevd[266]: link_config: autonegotiation is unset or enabled, the speed and duplex are not writable.
Aug 23 12:50:45 master-fr-par-1 systemd-udevd[265]: Using default interface naming scheme 'v240'.
Aug 23 12:50:45 master-fr-par-1 systemd-udevd[265]: link_config: autonegotiation is unset or enabled, the speed and duplex are not writable.
Aug 23 12:50:45 master-fr-par-1 systemd-udevd[277]: link_config: autonegotiation is unset or enabled, the speed and duplex are not writable.
Aug 23 12:50:45 master-fr-par-1 systemd[1]: Found device /dev/ttyS0.
Aug 23 12:50:45 master-fr-par-1 systemd[1]: Found device /dev/disk/by-uuid/D9F1-4628.
Aug 23 12:50:45 master-fr-par-1 systemd[1]: Created slice system-scw\x2dvpc\x2diface.slice.
Aug 23 12:50:45 master-fr-par-1 systemd[1]: Condition check resulted in Kernel Configuration File System being skipped.
Aug 23 12:50:45 master-fr-par-1 systemd[1]: Condition check resulted in FUSE Control File System being skipped.
Aug 23 12:50:45 master-fr-par-1 systemd[1]: Condition check resulted in Set Up Additional Binary Formats being skipped.
Aug 23 12:50:45 master-fr-par-1 systemd[1]: Condition check resulted in Rebuild Hardware Database being skipped.
Aug 23 12:50:45 master-fr-par-1 systemd[1]: Condition check resulted in File System Check on Root Device being skipped.
Aug 23 12:50:45 master-fr-par-1 systemd[1]: Mounting /boot/efi...
Aug 23 12:50:45 master-fr-par-1 systemd[1]: Mounted /boot/efi.
Aug 23 12:50:45 master-fr-par-1 systemd[1]: Reached target Local File Systems.
Aug 23 12:50:45 master-fr-par-1 systemd[1]: Starting Commit a transient machine-id on disk...
Aug 23 12:50:45 master-fr-par-1 systemd[1]: Starting Load AppArmor profiles...
Aug 23 12:50:45 master-fr-par-1 systemd[1]: Starting Create Volatile Files and Directories...
Aug 23 12:50:45 master-fr-par-1 systemd[1]: Started Create Volatile Files and Directories.
Aug 23 12:50:45 master-fr-par-1 systemd[1]: Starting Update UTMP about System Boot/Shutdown...
Aug 23 12:50:45 master-fr-par-1 systemd[1]: Condition check resulted in Network Time Synchronization being skipped.
Aug 23 12:50:45 master-fr-par-1 systemd[1]: etc-machine\x2did.mount: Succeeded.
Aug 23 12:50:45 master-fr-par-1 systemd[1]: Started Commit a transient machine-id on disk.
Aug 23 12:50:45 master-fr-par-1 apparmor.systemd[352]: Restarting AppArmor
Aug 23 12:50:45 master-fr-par-1 apparmor.systemd[352]: Reloading AppArmor profiles
Aug 23 12:50:45 master-fr-par-1 systemd[1]: Started Update UTMP about System Boot/Shutdown.
Aug 23 12:50:45 master-fr-par-1 systemd[1]: Started Load AppArmor profiles.
Aug 23 12:50:45 master-fr-par-1 dhclient[387]: Internet Systems Consortium DHCP Client 4.4.1
Aug 23 12:50:45 master-fr-par-1 dhclient[387]: Copyright 2004-2018 Internet Systems Consortium.
Aug 23 12:50:45 master-fr-par-1 dhclient[387]: All rights reserved.
Aug 23 12:50:45 master-fr-par-1 dhclient[387]: For info, please visit https://www.isc.org/software/dhcp/
Aug 23 12:50:45 master-fr-par-1 dhclient[387]: 
Aug 23 12:50:45 master-fr-par-1 dhclient[387]: Listening on LPF/ens2/de:1c:a0:7d:10:2e
Aug 23 12:50:45 master-fr-par-1 dhclient[387]: Sending on   LPF/ens2/de:1c:a0:7d:10:2e
Aug 23 12:50:45 master-fr-par-1 dhclient[387]: Sending on   Socket/fallback
Aug 23 12:50:45 master-fr-par-1 dhclient[387]: DHCPDISCOVER on ens2 to 255.255.255.255 port 67 interval 5
Aug 23 12:50:45 master-fr-par-1 dhclient[387]: DHCPOFFER of 10.70.76.91 from 10.70.76.90
Aug 23 12:50:45 master-fr-par-1 dhclient[387]: DHCPREQUEST for 10.70.76.91 on ens2 to 255.255.255.255 port 67
Aug 23 12:50:45 master-fr-par-1 dhclient[387]: DHCPACK of 10.70.76.91 from 10.70.76.90
Aug 23 12:50:45 master-fr-par-1 dhclient[387]: bound to 10.70.76.91 -- renewal in 36621 seconds.
Aug 23 12:50:45 master-fr-par-1 cloud-init[240]: Cloud-init v. 20.2 running 'init-local' at Tue, 23 Aug 2022 12:50:41 +0000. Up 5.50 seconds.
Aug 23 12:50:45 master-fr-par-1 systemd[1]: Started Initial cloud-init job (pre-networking).
Aug 23 12:50:45 master-fr-par-1 systemd[1]: Reached target Network (Pre).
Aug 23 12:50:45 master-fr-par-1 systemd[1]: Starting Raise network interfaces...
Aug 23 12:50:45 master-fr-par-1 dhclient[439]: Internet Systems Consortium DHCP Client 4.4.1
Aug 23 12:50:45 master-fr-par-1 ifup[401]: Internet Systems Consortium DHCP Client 4.4.1
Aug 23 12:50:45 master-fr-par-1 ifup[401]: Copyright 2004-2018 Internet Systems Consortium.
Aug 23 12:50:45 master-fr-par-1 ifup[401]: All rights reserved.
Aug 23 12:50:45 master-fr-par-1 ifup[401]: For info, please visit https://www.isc.org/software/dhcp/
Aug 23 12:50:45 master-fr-par-1 dhclient[439]: Copyright 2004-2018 Internet Systems Consortium.
Aug 23 12:50:45 master-fr-par-1 dhclient[439]: All rights reserved.
Aug 23 12:50:45 master-fr-par-1 dhclient[439]: For info, please visit https://www.isc.org/software/dhcp/
Aug 23 12:50:45 master-fr-par-1 dhclient[439]: 
Aug 23 12:50:45 master-fr-par-1 dhclient[439]: Listening on LPF/ens2/de:1c:a0:7d:10:2e
Aug 23 12:50:45 master-fr-par-1 ifup[401]: Listening on LPF/ens2/de:1c:a0:7d:10:2e
Aug 23 12:50:45 master-fr-par-1 ifup[401]: Sending on   LPF/ens2/de:1c:a0:7d:10:2e
Aug 23 12:50:45 master-fr-par-1 ifup[401]: Sending on   Socket/fallback
Aug 23 12:50:45 master-fr-par-1 ifup[401]: Created duid "\000\001\000\001*\227\211\242\336\034\240}\020.".
Aug 23 12:50:45 master-fr-par-1 ifup[401]: DHCPDISCOVER on ens2 to 255.255.255.255 port 67 interval 4
Aug 23 12:50:45 master-fr-par-1 dhclient[439]: Sending on   LPF/ens2/de:1c:a0:7d:10:2e
Aug 23 12:50:45 master-fr-par-1 dhclient[439]: Sending on   Socket/fallback
Aug 23 12:50:45 master-fr-par-1 ifup[401]: DHCPOFFER of 10.70.76.91 from 10.70.76.90
Aug 23 12:50:45 master-fr-par-1 ifup[401]: DHCPREQUEST for 10.70.76.91 on ens2 to 255.255.255.255 port 67
Aug 23 12:50:45 master-fr-par-1 dhclient[439]: Created duid "\000\001\000\001*\227\211\242\336\034\240}\020.".
Aug 23 12:50:45 master-fr-par-1 dhclient[439]: DHCPDISCOVER on ens2 to 255.255.255.255 port 67 interval 4
Aug 23 12:50:45 master-fr-par-1 dhclient[439]: DHCPOFFER of 10.70.76.91 from 10.70.76.90
Aug 23 12:50:45 master-fr-par-1 dhclient[439]: DHCPREQUEST for 10.70.76.91 on ens2 to 255.255.255.255 port 67
Aug 23 12:50:45 master-fr-par-1 dhclient[439]: DHCPACK of 10.70.76.91 from 10.70.76.90
Aug 23 12:50:45 master-fr-par-1 ifup[401]: DHCPACK of 10.70.76.91 from 10.70.76.90
Aug 23 12:50:45 master-fr-par-1 dhclient[439]: bound to 10.70.76.91 -- renewal in 39759 seconds.
Aug 23 12:50:45 master-fr-par-1 ifup[401]: bound to 10.70.76.91 -- renewal in 39759 seconds.
Aug 23 12:50:45 master-fr-par-1 systemd[1]: Started Raise network interfaces.
Aug 23 12:50:45 master-fr-par-1 systemd[1]: Reached target Network.
Aug 23 12:50:45 master-fr-par-1 systemd[1]: Starting Initial cloud-init job (metadata service crawler)...
Aug 23 12:50:45 master-fr-par-1 dhclient[544]: Internet Systems Consortium DHCP Client 4.4.1
Aug 23 12:50:45 master-fr-par-1 dhclient[544]: Copyright 2004-2018 Internet Systems Consortium.
Aug 23 12:50:45 master-fr-par-1 dhclient[544]: All rights reserved.
Aug 23 12:50:45 master-fr-par-1 dhclient[544]: For info, please visit https://www.isc.org/software/dhcp/
Aug 23 12:50:45 master-fr-par-1 dhclient[544]: 
Aug 23 12:50:45 master-fr-par-1 dhclient[544]: Listening on LPF/ens2/de:1c:a0:7d:10:2e
Aug 23 12:50:45 master-fr-par-1 dhclient[544]: Sending on   LPF/ens2/de:1c:a0:7d:10:2e
Aug 23 12:50:45 master-fr-par-1 dhclient[544]: Sending on   Socket/fallback
Aug 23 12:50:45 master-fr-par-1 dhclient[544]: DHCPDISCOVER on ens2 to 255.255.255.255 port 67 interval 5
Aug 23 12:50:45 master-fr-par-1 dhclient[544]: DHCPOFFER of 10.70.76.91 from 10.70.76.90
Aug 23 12:50:45 master-fr-par-1 dhclient[544]: DHCPREQUEST for 10.70.76.91 on ens2 to 255.255.255.255 port 67
Aug 23 12:50:45 master-fr-par-1 dhclient[544]: DHCPACK of 10.70.76.91 from 10.70.76.90
Aug 23 12:50:45 master-fr-par-1 dhclient[544]: bound to 10.70.76.91 -- renewal in 36545 seconds.
Aug 23 12:50:45 master-fr-par-1 cloud-init[528]: Cloud-init v. 20.2 running 'init' at Tue, 23 Aug 2022 12:50:43 +0000. Up 8.04 seconds.
Aug 23 12:50:45 master-fr-par-1 cloud-init[528]: ci-info: ++++++++++++++++++++++++++++++++++++++++Net device info+++++++++++++++++++++++++++++++++++++++++
Aug 23 12:50:45 master-fr-par-1 cloud-init[528]: ci-info: +--------+-------+------------------------------+-----------------+--------+-------------------+
Aug 23 12:50:45 master-fr-par-1 cloud-init[528]: ci-info: | Device |   Up  |           Address            |       Mask      | Scope  |     Hw-Address    |
Aug 23 12:50:45 master-fr-par-1 cloud-init[528]: ci-info: +--------+-------+------------------------------+-----------------+--------+-------------------+
Aug 23 12:50:45 master-fr-par-1 cloud-init[528]: ci-info: |  ens2  |  True |         10.70.76.91          | 255.255.255.254 | global | de:1c:a0:7d:10:2e |
Aug 23 12:50:45 master-fr-par-1 cloud-init[528]: ci-info: |  ens2  |  True | fe80::dc1c:a0ff:fe7d:102e/64 |        .        |  link  | de:1c:a0:7d:10:2e |
Aug 23 12:50:45 master-fr-par-1 cloud-init[528]: ci-info: |  ens5  | False |              .               |        .        |   .    | 02:00:00:01:5b:ad |
Aug 23 12:50:45 master-fr-par-1 cloud-init[528]: ci-info: |   lo   |  True |          127.0.0.1           |    255.0.0.0    |  host  |         .         |
Aug 23 12:50:45 master-fr-par-1 cloud-init[528]: ci-info: |   lo   |  True |           ::1/128            |        .        |  host  |         .         |
Aug 23 12:50:45 master-fr-par-1 cloud-init[528]: ci-info: +--------+-------+------------------------------+-----------------+--------+-------------------+
Aug 23 12:50:45 master-fr-par-1 cloud-init[528]: ci-info: ++++++++++++++++++++++++++++++Route IPv4 info++++++++++++++++++++++++++++++
Aug 23 12:50:45 master-fr-par-1 cloud-init[528]: ci-info: +-------+-------------+-------------+-----------------+-----------+-------+
Aug 23 12:50:45 master-fr-par-1 cloud-init[528]: ci-info: | Route | Destination |   Gateway   |     Genmask     | Interface | Flags |
Aug 23 12:50:45 master-fr-par-1 cloud-init[528]: ci-info: +-------+-------------+-------------+-----------------+-----------+-------+
Aug 23 12:50:45 master-fr-par-1 cloud-init[528]: ci-info: |   0   |   0.0.0.0   | 10.70.76.90 |     0.0.0.0     |    ens2   |   UG  |
Aug 23 12:50:45 master-fr-par-1 cloud-init[528]: ci-info: |   1   | 10.70.76.90 |   0.0.0.0   | 255.255.255.254 |    ens2   |   U   |
Aug 23 12:50:45 master-fr-par-1 cloud-init[528]: ci-info: +-------+-------------+-------------+-----------------+-----------+-------+
Aug 23 12:50:45 master-fr-par-1 cloud-init[528]: ci-info: +++++++++++++++++++Route IPv6 info+++++++++++++++++++
Aug 23 12:50:45 master-fr-par-1 cloud-init[528]: ci-info: +-------+-------------+---------+-----------+-------+
Aug 23 12:50:45 master-fr-par-1 cloud-init[528]: ci-info: | Route | Destination | Gateway | Interface | Flags |
Aug 23 12:50:45 master-fr-par-1 cloud-init[528]: ci-info: +-------+-------------+---------+-----------+-------+
Aug 23 12:50:45 master-fr-par-1 cloud-init[528]: ci-info: |   1   |  fe80::/64  |    ::   |    ens2   |   U   |
Aug 23 12:50:45 master-fr-par-1 cloud-init[528]: ci-info: |   3   |  multicast  |    ::   |    ens2   |   U   |
Aug 23 12:50:45 master-fr-par-1 cloud-init[528]: ci-info: +-------+-------------+---------+-----------+-------+
Aug 23 12:50:45 master-fr-par-1 cloud-init[528]: Generating public/private rsa key pair.
Aug 23 12:50:45 master-fr-par-1 cloud-init[528]: Your identification has been saved in /etc/ssh/ssh_host_rsa_key.
Aug 23 12:50:45 master-fr-par-1 cloud-init[528]: Your public key has been saved in /etc/ssh/ssh_host_rsa_key.pub.
Aug 23 12:50:45 master-fr-par-1 cloud-init[528]: The key fingerprint is:
Aug 23 12:50:45 master-fr-par-1 cloud-init[528]: SHA256:cgGKBqZZ4j+fpjBWmwGBGhLfwCu6ijskASW+bnjYZnU root@master-fr-par-1.masters.kops.scaleway-terraform.com
Aug 23 12:50:45 master-fr-par-1 cloud-init[528]: The key's randomart image is:
Aug 23 12:50:45 master-fr-par-1 cloud-init[528]: +---[RSA 2048]----+
Aug 23 12:50:45 master-fr-par-1 cloud-init[528]: |**+   .          |
Aug 23 12:50:45 master-fr-par-1 cloud-init[528]: |XBo+ . .         |
Aug 23 12:50:45 master-fr-par-1 cloud-init[528]: |*=+.o   .        |
Aug 23 12:50:45 master-fr-par-1 cloud-init[528]: |+.=      .       |
Aug 23 12:50:45 master-fr-par-1 cloud-init[528]: |.+ =. E S        |
Aug 23 12:50:45 master-fr-par-1 cloud-init[528]: |=+..*..o         |
Aug 23 12:50:45 master-fr-par-1 cloud-init[528]: |=B=o +           |
Aug 23 12:50:45 master-fr-par-1 cloud-init[528]: |*+o o            |
Aug 23 12:50:45 master-fr-par-1 cloud-init[528]: |=o .             |
Aug 23 12:50:45 master-fr-par-1 cloud-init[528]: +----[SHA256]-----+
Aug 23 12:50:45 master-fr-par-1 cloud-init[528]: Generating public/private dsa key pair.
Aug 23 12:50:45 master-fr-par-1 cloud-init[528]: Your identification has been saved in /etc/ssh/ssh_host_dsa_key.
Aug 23 12:50:45 master-fr-par-1 cloud-init[528]: Your public key has been saved in /etc/ssh/ssh_host_dsa_key.pub.
Aug 23 12:50:45 master-fr-par-1 cloud-init[528]: The key fingerprint is:
Aug 23 12:50:45 master-fr-par-1 cloud-init[528]: SHA256:sKDpXoc9aAD0Ky6GfhYIyZ3VlkGK1ACuKiIV2adcliA root@master-fr-par-1.masters.kops.scaleway-terraform.com
Aug 23 12:50:45 master-fr-par-1 cloud-init[528]: The key's randomart image is:
Aug 23 12:50:45 master-fr-par-1 cloud-init[528]: +---[DSA 1024]----+
Aug 23 12:50:45 master-fr-par-1 cloud-init[528]: | oEo+ ooo        |
Aug 23 12:50:45 master-fr-par-1 cloud-init[528]: |o o+.+.=         |
Aug 23 12:50:45 master-fr-par-1 cloud-init[528]: |oo+o=.B          |
Aug 23 12:50:45 master-fr-par-1 cloud-init[528]: |+o B.* o         |
Aug 23 12:50:45 master-fr-par-1 cloud-init[528]: |o.*.o . S        |
Aug 23 12:50:45 master-fr-par-1 cloud-init[528]: |++.o +           |
Aug 23 12:50:45 master-fr-par-1 cloud-init[528]: |Bo. * +          |
Aug 23 12:50:45 master-fr-par-1 cloud-init[528]: |B. = . .         |
Aug 23 12:50:45 master-fr-par-1 cloud-init[528]: | .+              |
Aug 23 12:50:45 master-fr-par-1 cloud-init[528]: +----[SHA256]-----+
Aug 23 12:50:45 master-fr-par-1 cloud-init[528]: Generating public/private ecdsa key pair.
Aug 23 12:50:45 master-fr-par-1 cloud-init[528]: Your identification has been saved in /etc/ssh/ssh_host_ecdsa_key.
Aug 23 12:50:45 master-fr-par-1 cloud-init[528]: Your public key has been saved in /etc/ssh/ssh_host_ecdsa_key.pub.
Aug 23 12:50:45 master-fr-par-1 cloud-init[528]: The key fingerprint is:
Aug 23 12:50:45 master-fr-par-1 cloud-init[528]: SHA256:Tox2imjnBdrqxWpUMIBlTZu8XhAXYC9dWhiu/oBRmKY root@master-fr-par-1.masters.kops.scaleway-terraform.com
Aug 23 12:50:45 master-fr-par-1 cloud-init[528]: The key's randomart image is:
Aug 23 12:50:45 master-fr-par-1 cloud-init[528]: +---[ECDSA 256]---+
Aug 23 12:50:45 master-fr-par-1 cloud-init[528]: |oooo=.++o        |
Aug 23 12:50:45 master-fr-par-1 cloud-init[528]: |..o=.O.+         |
Aug 23 12:50:45 master-fr-par-1 cloud-init[528]: |  +oB =          |
Aug 23 12:50:45 master-fr-par-1 cloud-init[528]: | o ..= o         |
Aug 23 12:50:45 master-fr-par-1 cloud-init[528]: |E ..+ + S        |
Aug 23 12:50:45 master-fr-par-1 cloud-init[528]: |  .X = =         |
Aug 23 12:50:45 master-fr-par-1 cloud-init[528]: | .= X o .        |
Aug 23 12:50:45 master-fr-par-1 cloud-init[528]: | ..* +           |
Aug 23 12:50:45 master-fr-par-1 cloud-init[528]: | o+ . .          |
Aug 23 12:50:45 master-fr-par-1 cloud-init[528]: +----[SHA256]-----+
Aug 23 12:50:45 master-fr-par-1 cloud-init[528]: Generating public/private ed25519 key pair.
Aug 23 12:50:45 master-fr-par-1 cloud-init[528]: Your identification has been saved in /etc/ssh/ssh_host_ed25519_key.
Aug 23 12:50:45 master-fr-par-1 cloud-init[528]: Your public key has been saved in /etc/ssh/ssh_host_ed25519_key.pub.
Aug 23 12:50:45 master-fr-par-1 cloud-init[528]: The key fingerprint is:
Aug 23 12:50:45 master-fr-par-1 cloud-init[528]: SHA256:IBfYARKTMuSH56exGF1tbiTYIXaFBC17Vb6UZkuJRDI root@master-fr-par-1.masters.kops.scaleway-terraform.com
Aug 23 12:50:45 master-fr-par-1 cloud-init[528]: The key's randomart image is:
Aug 23 12:50:45 master-fr-par-1 cloud-init[528]: +--[ED25519 256]--+
Aug 23 12:50:45 master-fr-par-1 cloud-init[528]: |..+*=E*=..       |
Aug 23 12:50:45 master-fr-par-1 cloud-init[528]: |+ ++*oBoo o      |
Aug 23 12:50:45 master-fr-par-1 cloud-init[528]: | = ++++= O       |
Aug 23 12:50:45 master-fr-par-1 cloud-init[528]: |  =..+=.= o      |
Aug 23 12:50:45 master-fr-par-1 cloud-init[528]: | . +.. oSo       |
Aug 23 12:50:45 master-fr-par-1 cloud-init[528]: |  o = .          |
Aug 23 12:50:45 master-fr-par-1 cloud-init[528]: | . o             |
Aug 23 12:50:45 master-fr-par-1 cloud-init[528]: |                 |
Aug 23 12:50:45 master-fr-par-1 cloud-init[528]: |                 |
Aug 23 12:50:45 master-fr-par-1 cloud-init[528]: +----[SHA256]-----+
Aug 23 12:50:45 master-fr-par-1 systemd[1]: Started Initial cloud-init job (metadata service crawler).
Aug 23 12:50:45 master-fr-par-1 systemd[1]: Reached target Network is Online.
Aug 23 12:50:45 master-fr-par-1 systemd[1]: Reached target System Initialization.
Aug 23 12:50:45 master-fr-par-1 systemd[1]: Started Daily apt download activities.
Aug 23 12:50:45 master-fr-par-1 systemd[1]: Started Daily man-db regeneration.
Aug 23 12:50:45 master-fr-par-1 systemd[1]: Listening on D-Bus System Message Bus Socket.
Aug 23 12:50:45 master-fr-par-1 systemd[1]: Listening on UUID daemon activation socket.
Aug 23 12:50:45 master-fr-par-1 systemd[1]: Reached target Sockets.
Aug 23 12:50:45 master-fr-par-1 systemd[1]: Reached target Basic System.
Aug 23 12:50:45 master-fr-par-1 systemd[1]: Started D-Bus System Message Bus.
Aug 23 12:50:45 master-fr-par-1 systemd[1]: Starting Login Service...
Aug 23 12:50:45 master-fr-par-1 systemd[1]: Starting System Logging Service...
Aug 23 12:50:45 master-fr-par-1 systemd[1]: Condition check resulted in getty on tty2-tty6 if dbus and logind are not available being skipped.
Aug 23 12:50:45 master-fr-par-1 systemd[1]: Started Daily rotation of log files.
Aug 23 12:50:45 master-fr-par-1 systemd[1]: Started Daily apt upgrade and clean activities.
Aug 23 12:50:45 master-fr-par-1 systemd[1]: Started Regular background program processing daemon.
Aug 23 12:50:45 master-fr-par-1 systemd[1]: Starting Automatic configuration for Scaleway private network...
Aug 23 12:50:45 master-fr-par-1 systemd[1]: Starting SCW fetch ssh keys from metadata...
Aug 23 12:50:45 master-fr-par-1 systemd[1]: Starting chrony, an NTP client/server...
Aug 23 12:50:45 master-fr-par-1 systemd[1]: Starting SCW set hostname from metadata on first boot...
Aug 23 12:50:45 master-fr-par-1 cron[595]: (CRON) INFO (pidfile fd = 3)
Aug 23 12:50:45 master-fr-par-1 systemd[1]: Started Daily Cleanup of Temporary Directories.
Aug 23 12:50:45 master-fr-par-1 systemd[1]: Reached target Timers.
Aug 23 12:50:45 master-fr-par-1 systemd[1]: Condition check resulted in SCW fetch kernel modules from Scaleway mirror being skipped.
Aug 23 12:50:45 master-fr-par-1 systemd[1]: Starting SCW signal successful boot...
Aug 23 12:50:45 master-fr-par-1 cron[595]: (CRON) INFO (Running @reboot jobs)
Aug 23 12:50:45 master-fr-par-1 systemd[1]: Starting Permit User Sessions...
Aug 23 12:50:45 master-fr-par-1 systemd[1]: Reached target Cloud-config availability.
Aug 23 12:50:45 master-fr-par-1 rsyslogd: imuxsock: Acquired UNIX socket '/run/systemd/journal/syslog' (fd 3) from systemd.  [v8.1901.0]
Aug 23 12:50:45 master-fr-par-1 rsyslogd:  [origin software="rsyslogd" swVersion="8.1901.0" x-pid="594" x-info="https://www.rsyslog.com"] start
Aug 23 12:50:45 master-fr-par-1 systemd[1]: Starting Apply the settings specified in cloud-config...
Aug 23 12:50:45 master-fr-par-1 systemd[1]: Started System Logging Service.
Aug 23 12:50:45 master-fr-par-1 kernel: [    0.000000] Linux version 5.10.103-scaleway (root@build-debian-kernel) (gcc (Debian 8.3.0-6) 8.3.0, GNU ld (GNU Binutils for Debian) 2.31.1) #4 SMP Wed May 4 09:27:37 UTC 2022
Aug 23 12:50:45 master-fr-par-1 kernel: [    0.000000] Command line: BOOT_IMAGE=/boot/vmlinuz-5.10.103-scaleway root=UUID=e5f37558-518e-4804-8f59-fc858d32ac21 ro console=tty0 console=ttyS0,115200 earlyprintk=ttyS0,115200 scsi_mod.use_blk_mq=Y
Aug 23 12:50:45 master-fr-par-1 kernel: [    0.000000] x86/fpu: Supporting XSAVE feature 0x001: 'x87 floating point registers'
Aug 23 12:50:45 master-fr-par-1 kernel: [    0.000000] x86/fpu: Supporting XSAVE feature 0x002: 'SSE registers'
Aug 23 12:50:45 master-fr-par-1 kernel: [    0.000000] x86/fpu: Supporting XSAVE feature 0x004: 'AVX registers'
Aug 23 12:50:45 master-fr-par-1 kernel: [    0.000000] x86/fpu: xstate_offset[2]:  576, xstate_sizes[2]:  256
Aug 23 12:50:45 master-fr-par-1 kernel: [    0.000000] x86/fpu: Enabled xstate features 0x7, context size is 832 bytes, using 'standard' format.
Aug 23 12:50:45 master-fr-par-1 kernel: [    0.000000] BIOS-provided physical RAM map:
Aug 23 12:50:45 master-fr-par-1 kernel: [    0.000000] BIOS-e820: [mem 0x0000000000000000-0x000000000009ffff] usable
Aug 23 12:50:45 master-fr-par-1 kernel: [    0.000000] BIOS-e820: [mem 0x0000000000100000-0x00000000007fffff] usable
Aug 23 12:50:45 master-fr-par-1 kernel: [    0.000000] BIOS-e820: [mem 0x0000000000800000-0x0000000000807fff] ACPI NVS
Aug 23 12:50:45 master-fr-par-1 kernel: [    0.000000] BIOS-e820: [mem 0x0000000000808000-0x000000000080ffff] usable
Aug 23 12:50:45 master-fr-par-1 kernel: [    0.000000] BIOS-e820: [mem 0x0000000000810000-0x00000000008fffff] ACPI NVS
Aug 23 12:50:45 master-fr-par-1 kernel: [    0.000000] BIOS-e820: [mem 0x0000000000900000-0x00000000be8b5fff] usable
Aug 23 12:50:45 master-fr-par-1 kernel: [    0.000000] BIOS-e820: [mem 0x00000000be8b6000-0x00000000be8c3fff] ACPI NVS
Aug 23 12:50:45 master-fr-par-1 kernel: [    0.000000] BIOS-e820: [mem 0x00000000be8c4000-0x00000000be8dcfff] reserved
Aug 23 12:50:45 master-fr-par-1 kernel: [    0.000000] BIOS-e820: [mem 0x00000000be8dd000-0x00000000be9ecfff] usable
Aug 23 12:50:45 master-fr-par-1 kernel: [    0.000000] BIOS-e820: [mem 0x00000000be9ed000-0x00000000beab4fff] reserved
Aug 23 12:50:45 master-fr-par-1 kernel: [    0.000000] BIOS-e820: [mem 0x00000000beab5000-0x00000000beb1afff] type 20
Aug 23 12:50:45 master-fr-par-1 kernel: [    0.000000] BIOS-e820: [mem 0x00000000beb1b000-0x00000000bfb9afff] usable
Aug 23 12:50:45 master-fr-par-1 kernel: [    0.000000] BIOS-e820: [mem 0x00000000bfb9b000-0x00000000bfbcafff] type 20
Aug 23 12:50:45 master-fr-par-1 kernel: [    0.000000] BIOS-e820: [mem 0x00000000bfbcb000-0x00000000bfbf2fff] reserved
Aug 23 12:50:45 master-fr-par-1 kernel: [    0.000000] BIOS-e820: [mem 0x00000000bfbf3000-0x00000000bfbfafff] ACPI data
Aug 23 12:50:45 master-fr-par-1 kernel: [    0.000000] BIOS-e820: [mem 0x00000000bfbfb000-0x00000000bfbfefff] ACPI NVS
Aug 23 12:50:45 master-fr-par-1 kernel: [    0.000000] BIOS-e820: [mem 0x00000000bfbff000-0x00000000bff47fff] usable
Aug 23 12:50:45 master-fr-par-1 kernel: [    0.000000] BIOS-e820: [mem 0x00000000bff48000-0x00000000bff67fff] reserved
Aug 23 12:50:45 master-fr-par-1 kernel: [    0.000000] BIOS-e820: [mem 0x00000000bff68000-0x00000000bfffffff] ACPI NVS
Aug 23 12:50:45 master-fr-par-1 kernel: [    0.000000] BIOS-e820: [mem 0x00000000ffe00000-0x00000000ffffffff] reserved
Aug 23 12:50:45 master-fr-par-1 kernel: [    0.000000] BIOS-e820: [mem 0x0000000100000000-0x000000013fffffff] usable
Aug 23 12:50:45 master-fr-par-1 kernel: [    0.000000] printk: bootconsole [earlyser0] enabled
Aug 23 12:50:45 master-fr-par-1 kernel: [    0.000000] NX (Execute Disable) protection: active
Aug 23 12:50:45 master-fr-par-1 kernel: [    0.000000] efi: EFI v2.70 by EDK II
Aug 23 12:50:45 master-fr-par-1 kernel: [    0.000000] efi: SMBIOS=0xbfbcb000 ACPI=0xbfbfa000 ACPI 2.0=0xbfbfa014 MEMATTR=0xbec0c698 
Aug 23 12:50:45 master-fr-par-1 kernel: [    0.000000] secureboot: Secure boot could not be determined (mode 0)
Aug 23 12:50:45 master-fr-par-1 kernel: [    0.000000] SMBIOS 2.8 present.
Aug 23 12:50:45 master-fr-par-1 kernel: [    0.000000] DMI: Scaleway SCW-DEV1-M, BIOS 0.0.0 02/06/2015
Aug 23 12:50:45 master-fr-par-1 kernel: [    0.000000] Hypervisor detected: KVM
Aug 23 12:50:45 master-fr-par-1 kernel: [    0.000000] kvm-clock: Using msrs 4b564d01 and 4b564d00
Aug 23 12:50:45 master-fr-par-1 kernel: [    0.000000] kvm-clock: cpu 0, msr 63201001, primary cpu clock
Aug 23 12:50:45 master-fr-par-1 kernel: [    0.000001] kvm-clock: using sched offset of 13283028944 cycles
Aug 23 12:50:45 master-fr-par-1 kernel: [    0.000700] clocksource: kvm-clock: mask: 0xffffffffffffffff max_cycles: 0x1cd42e4dffb, max_idle_ns: 881590591483 ns
Aug 23 12:50:45 master-fr-par-1 kernel: [    0.002826] tsc: Detected 2096.056 MHz processor
Aug 23 12:50:45 master-fr-par-1 kernel: [    0.003482] e820: update [mem 0x00000000-0x00000fff] usable ==> reserved
Aug 23 12:50:45 master-fr-par-1 kernel: [    0.003486] e820: remove [mem 0x000a0000-0x000fffff] usable
Aug 23 12:50:45 master-fr-par-1 kernel: [    0.003496] last_pfn = 0x140000 max_arch_pfn = 0x400000000
Aug 23 12:50:45 master-fr-par-1 kernel: [    0.004200] MTRR default type: write-back
Aug 23 12:50:45 master-fr-par-1 kernel: [    0.004202] MTRR fixed ranges enabled:
Aug 23 12:50:45 master-fr-par-1 kernel: [    0.004204]   00000-9FFFF write-back
Aug 23 12:50:45 master-fr-par-1 kernel: [    0.004206]   A0000-FFFFF uncachable
Aug 23 12:50:45 master-fr-par-1 kernel: [    0.004207] MTRR variable ranges enabled:
Aug 23 12:50:45 master-fr-par-1 kernel: [    0.004209]   0 base 00C0000000 mask FFC0000000 uncachable
Aug 23 12:50:45 master-fr-par-1 kernel: [    0.004210]   1 base 0800000000 mask F800000000 uncachable
Aug 23 12:50:45 master-fr-par-1 kernel: [    0.004211]   2 disabled
Aug 23 12:50:45 master-fr-par-1 kernel: [    0.004212]   3 disabled
Aug 23 12:50:45 master-fr-par-1 kernel: [    0.004212]   4 disabled
Aug 23 12:50:45 master-fr-par-1 kernel: [    0.004213]   5 disabled
Aug 23 12:50:45 master-fr-par-1 kernel: [    0.004214]   6 disabled
Aug 23 12:50:45 master-fr-par-1 kernel: [    0.004215]   7 disabled
Aug 23 12:50:45 master-fr-par-1 kernel: [    0.004238] x86/PAT: Configuration [0-7]: WB  WC  UC- UC  WB  WP  UC- WT  
Aug 23 12:50:45 master-fr-par-1 kernel: [    0.005509] last_pfn = 0xbff48 max_arch_pfn = 0x400000000
Aug 23 12:50:45 master-fr-par-1 kernel: [    0.006391] Using GB pages for direct mapping
Aug 23 12:50:45 master-fr-par-1 kernel: [    0.010710] RAMDISK: [mem 0x36645000-0x37319fff]
Aug 23 12:50:45 master-fr-par-1 kernel: [    0.011356] ACPI: Early table checksum verification disabled
Aug 23 12:50:45 master-fr-par-1 kernel: [    0.012002] ACPI: RSDP 0x00000000BFBFA014 000024 (v02 BOCHS )
Aug 23 12:50:45 master-fr-par-1 kernel: [    0.012821] ACPI: XSDT 0x00000000BFBF90E8 00003C (v01 BOCHS  BXPCFACP 00000001      01000013)
Aug 23 12:50:45 master-fr-par-1 kernel: [    0.013837] ACPI: FACP 0x00000000BFBF6000 000074 (v01 BOCHS  BXPCFACP 00000001 BXPC 00000001)
Aug 23 12:50:45 master-fr-par-1 kernel: [    0.014941] ACPI: DSDT 0x00000000BFBF7000 00148C (v01 BOCHS  BXPCDSDT 00000001 BXPC 00000001)
Aug 23 12:50:45 master-fr-par-1 kernel: [    0.015980] ACPI: FACS 0x00000000BFBFD000 000040
Aug 23 12:50:45 master-fr-par-1 kernel: [    0.016686] ACPI: APIC 0x00000000BFBF5000 000088 (v01 BOCHS  BXPCAPIC 00000001 BXPC 00000001)
Aug 23 12:50:45 master-fr-par-1 kernel: [    0.017911] ACPI: HPET 0x00000000BFBF4000 000038 (v01 BOCHS  BXPCHPET 00000001 BXPC 00000001)
Aug 23 12:50:45 master-fr-par-1 kernel: [    0.019137] ACPI: Reserving FACP table memory at [mem 0xbfbf6000-0xbfbf6073]
Aug 23 12:50:45 master-fr-par-1 kernel: [    0.020294] ACPI: Reserving DSDT table memory at [mem 0xbfbf7000-0xbfbf848b]
Aug 23 12:50:45 master-fr-par-1 kernel: [    0.021414] ACPI: Reserving FACS table memory at [mem 0xbfbfd000-0xbfbfd03f]
Aug 23 12:50:45 master-fr-par-1 kernel: [    0.022499] ACPI: Reserving APIC table memory at [mem 0xbfbf5000-0xbfbf5087]
Aug 23 12:50:45 master-fr-par-1 kernel: [    0.023566] ACPI: Reserving HPET table memory at [mem 0xbfbf4000-0xbfbf4037]
Aug 23 12:50:45 master-fr-par-1 kernel: [    0.024697] ACPI: Local APIC address 0xfee00000
Aug 23 12:50:45 master-fr-par-1 kernel: [    0.024898] No NUMA configuration found
Aug 23 12:50:45 master-fr-par-1 kernel: [    0.025467] Faking a node at [mem 0x0000000000000000-0x000000013fffffff]
Aug 23 12:50:45 master-fr-par-1 kernel: [    0.026232] NODE_DATA(0) allocated [mem 0x13ffd4000-0x13fffdfff]
Aug 23 12:50:45 master-fr-par-1 kernel: [    0.027479] Zone ranges:
Aug 23 12:50:45 master-fr-par-1 kernel: [    0.027850]   DMA      [mem 0x0000000000001000-0x0000000000ffffff]
Aug 23 12:50:45 master-fr-par-1 kernel: [    0.028776]   DMA32    [mem 0x0000000001000000-0x00000000ffffffff]
Aug 23 12:50:45 master-fr-par-1 kernel: [    0.029670]   Normal   [mem 0x0000000100000000-0x000000013fffffff]
Aug 23 12:50:45 master-fr-par-1 kernel: [    0.030590]   Device   empty
Aug 23 12:50:45 master-fr-par-1 kernel: [    0.031050] Movable zone start for each node
Aug 23 12:50:45 master-fr-par-1 kernel: [    0.031702] Early memory node ranges
Aug 23 12:50:45 master-fr-par-1 kernel: [    0.032254]   node   0: [mem 0x0000000000001000-0x000000000009ffff]
Aug 23 12:50:45 master-fr-par-1 kernel: [    0.033266]   node   0: [mem 0x0000000000100000-0x00000000007fffff]
Aug 23 12:50:45 master-fr-par-1 kernel: [    0.034244]   node   0: [mem 0x0000000000808000-0x000000000080ffff]
Aug 23 12:50:45 master-fr-par-1 kernel: [    0.035179]   node   0: [mem 0x0000000000900000-0x00000000be8b5fff]
Aug 23 12:50:45 master-fr-par-1 kernel: [    0.036157]   node   0: [mem 0x00000000be8dd000-0x00000000be9ecfff]
Aug 23 12:50:45 master-fr-par-1 kernel: [    0.037151]   node   0: [mem 0x00000000beb1b000-0x00000000bfb9afff]
Aug 23 12:50:45 master-fr-par-1 kernel: [    0.038202]   node   0: [mem 0x00000000bfbff000-0x00000000bff47fff]
Aug 23 12:50:45 master-fr-par-1 kernel: [    0.039190]   node   0: [mem 0x0000000100000000-0x000000013fffffff]
Aug 23 12:50:45 master-fr-par-1 kernel: [    0.040102] Initmem setup node 0 [mem 0x0000000000001000-0x000000013fffffff]
Aug 23 12:50:45 master-fr-par-1 kernel: [    0.041093] On node 0 totalpages: 1047606
Aug 23 12:50:45 master-fr-par-1 kernel: [    0.041097]   DMA zone: 59 pages used for memmap
Aug 23 12:50:45 master-fr-par-1 kernel: [    0.041098]   DMA zone: 1815 pages reserved
Aug 23 12:50:45 master-fr-par-1 kernel: [    0.041099]   DMA zone: 3751 pages, LIFO batch:0
Aug 23 12:50:45 master-fr-par-1 kernel: [    0.041101]   DMA32 zone: 12215 pages used for memmap
Aug 23 12:50:45 master-fr-par-1 kernel: [    0.041103]   DMA32 zone: 781711 pages, LIFO batch:63
Aug 23 12:50:45 master-fr-par-1 kernel: [    0.041104]   Normal zone: 4096 pages used for memmap
Aug 23 12:50:45 master-fr-par-1 kernel: [    0.041105]   Normal zone: 262144 pages, LIFO batch:63
Aug 23 12:50:45 master-fr-par-1 kernel: [    0.045174] On node 0, zone DMA: 1 pages in unavailable ranges
Aug 23 12:50:45 master-fr-par-1 kernel: [    0.045324] On node 0, zone DMA: 96 pages in unavailable ranges
Aug 23 12:50:45 master-fr-par-1 kernel: [    0.046181] On node 0, zone DMA: 8 pages in unavailable ranges
Aug 23 12:50:45 master-fr-par-1 kernel: [    0.047309] On node 0, zone DMA: 240 pages in unavailable ranges
Aug 23 12:50:45 master-fr-par-1 kernel: [    0.421562] On node 0, zone DMA32: 39 pages in unavailable ranges
Aug 23 12:50:45 master-fr-par-1 kernel: [    0.424726] On node 0, zone DMA32: 302 pages in unavailable ranges
Aug 23 12:50:45 master-fr-par-1 kernel: [    0.426835] On node 0, zone DMA32: 100 pages in unavailable ranges
Aug 23 12:50:45 master-fr-par-1 kernel: [    0.436357] On node 0, zone Normal: 184 pages in unavailable ranges
Aug 23 12:50:45 master-fr-par-1 kernel: [    0.437767] ACPI: PM-Timer IO Port: 0xb008
Aug 23 12:50:45 master-fr-par-1 kernel: [    0.439338] ACPI: Local APIC address 0xfee00000
Aug 23 12:50:45 master-fr-par-1 kernel: [    0.439368] ACPI: LAPIC_NMI (acpi_id[0xff] dfl dfl lint[0x1])
Aug 23 12:50:45 master-fr-par-1 kernel: [    0.440356] IOAPIC[0]: apic_id 0, version 17, address 0xfec00000, GSI 0-23
Aug 23 12:50:45 master-fr-par-1 kernel: [    0.441380] ACPI: INT_SRC_OVR (bus 0 bus_irq 0 global_irq 2 dfl dfl)
Aug 23 12:50:45 master-fr-par-1 kernel: [    0.442243] ACPI: INT_SRC_OVR (bus 0 bus_irq 5 global_irq 5 high level)
Aug 23 12:50:45 master-fr-par-1 kernel: [    0.443445] ACPI: INT_SRC_OVR (bus 0 bus_irq 9 global_irq 9 high level)
Aug 23 12:50:45 master-fr-par-1 kernel: [    0.444391] ACPI: INT_SRC_OVR (bus 0 bus_irq 10 global_irq 10 high level)
Aug 23 12:50:45 master-fr-par-1 kernel: [    0.445489] ACPI: INT_SRC_OVR (bus 0 bus_irq 11 global_irq 11 high level)
Aug 23 12:50:45 master-fr-par-1 kernel: [    0.446399] ACPI: IRQ0 used by override.
Aug 23 12:50:45 master-fr-par-1 kernel: [    0.446401] ACPI: IRQ5 used by override.
Aug 23 12:50:45 master-fr-par-1 kernel: [    0.446402] ACPI: IRQ9 used by override.
Aug 23 12:50:45 master-fr-par-1 kernel: [    0.446403] ACPI: IRQ10 used by override.
Aug 23 12:50:45 master-fr-par-1 kernel: [    0.446404] ACPI: IRQ11 used by override.
Aug 23 12:50:45 master-fr-par-1 kernel: [    0.446408] Using ACPI (MADT) for SMP configuration information
Aug 23 12:50:45 master-fr-par-1 kernel: [    0.447267] ACPI: HPET id: 0x8086a201 base: 0xfed00000
Aug 23 12:50:45 master-fr-par-1 kernel: [    0.447897] TSC deadline timer available
Aug 23 12:50:45 master-fr-par-1 kernel: [    0.448487] smpboot: Allowing 3 CPUs, 0 hotplug CPUs
Aug 23 12:50:45 master-fr-par-1 kernel: [    0.449097] kvm-guest: KVM setup pv remote TLB flush
Aug 23 12:50:45 master-fr-par-1 kernel: [    0.449783] PM: hibernation: Registered nosave memory: [mem 0x00000000-0x00000fff]
Aug 23 12:50:45 master-fr-par-1 kernel: [    0.450670] PM: hibernation: Registered nosave memory: [mem 0x000a0000-0x000fffff]
Aug 23 12:50:45 master-fr-par-1 kernel: [    0.451563] PM: hibernation: Registered nosave memory: [mem 0x00800000-0x00807fff]
Aug 23 12:50:45 master-fr-par-1 kernel: [    0.452625] PM: hibernation: Registered nosave memory: [mem 0x00810000-0x008fffff]
Aug 23 12:50:45 master-fr-par-1 kernel: [    0.453563] PM: hibernation: Registered nosave memory: [mem 0xbe8b6000-0xbe8c3fff]
Aug 23 12:50:45 master-fr-par-1 kernel: [    0.454716] PM: hibernation: Registered nosave memory: [mem 0xbe8c4000-0xbe8dcfff]
Aug 23 12:50:45 master-fr-par-1 kernel: [    0.455777] PM: hibernation: Registered nosave memory: [mem 0xbe9ed000-0xbeab4fff]
Aug 23 12:50:45 master-fr-par-1 kernel: [    0.456668] PM: hibernation: Registered nosave memory: [mem 0xbeab5000-0xbeb1afff]
Aug 23 12:50:45 master-fr-par-1 kernel: [    0.457542] PM: hibernation: Registered nosave memory: [mem 0xbfb9b000-0xbfbcafff]
Aug 23 12:50:45 master-fr-par-1 kernel: [    0.458512] PM: hibernation: Registered nosave memory: [mem 0xbfbcb000-0xbfbf2fff]
Aug 23 12:50:45 master-fr-par-1 kernel: [    0.459477] PM: hibernation: Registered nosave memory: [mem 0xbfbf3000-0xbfbfafff]
Aug 23 12:50:45 master-fr-par-1 kernel: [    0.460497] PM: hibernation: Registered nosave memory: [mem 0xbfbfb000-0xbfbfefff]
Aug 23 12:50:45 master-fr-par-1 kernel: [    0.461435] PM: hibernation: Registered nosave memory: [mem 0xbff48000-0xbff67fff]
Aug 23 12:50:45 master-fr-par-1 kernel: [    0.462289] PM: hibernation: Registered nosave memory: [mem 0xbff68000-0xbfffffff]
Aug 23 12:50:45 master-fr-par-1 kernel: [    0.463280] PM: hibernation: Registered nosave memory: [mem 0xc0000000-0xffdfffff]
Aug 23 12:50:45 master-fr-par-1 kernel: [    0.464279] PM: hibernation: Registered nosave memory: [mem 0xffe00000-0xffffffff]
Aug 23 12:50:45 master-fr-par-1 kernel: [    0.465282] [mem 0xc0000000-0xffdfffff] available for PCI devices
Aug 23 12:50:45 master-fr-par-1 kernel: [    0.466075] Booting paravirtualized kernel on KVM
Aug 23 12:50:45 master-fr-par-1 kernel: [    0.466663] clocksource: refined-jiffies: mask: 0xffffffff max_cycles: 0xffffffff, max_idle_ns: 7645519600211568 ns
Aug 23 12:50:45 master-fr-par-1 kernel: [    0.473934] setup_percpu: NR_CPUS:8192 nr_cpumask_bits:3 nr_cpu_ids:3 nr_node_ids:1
Aug 23 12:50:45 master-fr-par-1 kernel: [    0.481149] percpu: Embedded 63 pages/cpu s221184 r8192 d28672 u524288
Aug 23 12:50:45 master-fr-par-1 kernel: [    0.482019] pcpu-alloc: s221184 r8192 d28672 u524288 alloc=1*2097152
Aug 23 12:50:45 master-fr-par-1 kernel: [    0.482022] pcpu-alloc: [0] 0 1 2 - 
Aug 23 12:50:45 master-fr-par-1 kernel: [    0.482088] kvm-guest: stealtime: cpu 0, msr 13bc35080
Aug 23 12:50:45 master-fr-par-1 kernel: [    0.482723] kvm-guest: PV spinlocks enabled
Aug 23 12:50:45 master-fr-par-1 kernel: [    0.483249] PV qspinlock hash table entries: 256 (order: 0, 4096 bytes, linear)
Aug 23 12:50:45 master-fr-par-1 kernel: [    0.484176] Built 1 zonelists, mobility grouping on.  Total pages: 1029421
Aug 23 12:50:45 master-fr-par-1 kernel: [    0.485113] Policy zone: Normal
Aug 23 12:50:45 master-fr-par-1 kernel: [    0.485538] Kernel command line: BOOT_IMAGE=/boot/vmlinuz-5.10.103-scaleway root=UUID=e5f37558-518e-4804-8f59-fc858d32ac21 ro console=tty0 console=ttyS0,115200 earlyprintk=ttyS0,115200 scsi_mod.use_blk_mq=Y
Aug 23 12:50:45 master-fr-par-1 kernel: [    0.501907] Dentry cache hash table entries: 524288 (order: 10, 4194304 bytes, linear)
Aug 23 12:50:45 master-fr-par-1 kernel: [    0.508990] Inode-cache hash table entries: 262144 (order: 9, 2097152 bytes, linear)
Aug 23 12:50:45 master-fr-par-1 kernel: [    0.510704] mem auto-init: stack:off, heap alloc:on, heap free:off
Aug 23 12:50:45 master-fr-par-1 kernel: [    0.764327] Memory: 3137468K/4190424K available (12296K kernel code, 2560K rwdata, 7052K rodata, 2260K init, 4012K bss, 208248K reserved, 0K cma-reserved)
Aug 23 12:50:45 master-fr-par-1 kernel: [    0.766477] random: get_random_u64 called from __kmem_cache_create+0x2c/0x430 with crng_init=0
Aug 23 12:50:45 master-fr-par-1 kernel: [    0.766829] SLUB: HWalign=64, Order=0-3, MinObjects=0, CPUs=3, Nodes=1
Aug 23 12:50:45 master-fr-par-1 kernel: [    0.769073] ftrace: allocating 34744 entries in 136 pages
Aug 23 12:50:45 master-fr-par-1 kernel: [    0.787178] ftrace: allocated 136 pages with 2 groups
Aug 23 12:50:45 master-fr-par-1 kernel: [    0.791998] rcu: Hierarchical RCU implementation.
Aug 23 12:50:45 master-fr-par-1 kernel: [    0.792651] rcu:     RCU restricting CPUs from NR_CPUS=8192 to nr_cpu_ids=3.
Aug 23 12:50:45 master-fr-par-1 kernel: [    0.793438]  Rude variant of Tasks RCU enabled.
Aug 23 12:50:45 master-fr-par-1 kernel: [    0.793973]  Tracing variant of Tasks RCU enabled.
Aug 23 12:50:45 master-fr-par-1 kernel: [    0.794543] rcu: RCU calculated value of scheduler-enlistment delay is 25 jiffies.
Aug 23 12:50:45 master-fr-par-1 kernel: [    0.795563] rcu: Adjusting geometry for rcu_fanout_leaf=16, nr_cpu_ids=3
Aug 23 12:50:45 master-fr-par-1 kernel: [    0.801749] NR_IRQS: 524544, nr_irqs: 448, preallocated irqs: 16
Aug 23 12:50:45 master-fr-par-1 kernel: [    0.802844] random: crng done (trusting CPU's manufacturer)
Aug 23 12:50:45 master-fr-par-1 kernel: [    0.803540] Console: colour dummy device 80x25
Aug 23 12:50:45 master-fr-par-1 kernel: [    0.804409] printk: console [tty0] enabled
Aug 23 12:50:45 master-fr-par-1 kernel: [    0.805027] printk: console [ttyS0] enabled
Aug 23 12:50:45 master-fr-par-1 kernel: [    0.806062] printk: bootconsole [earlyser0] disabled
Aug 23 12:50:45 master-fr-par-1 kernel: [    0.807476] ACPI: Core revision 20200925
Aug 23 12:50:45 master-fr-par-1 kernel: [    0.808278] clocksource: hpet: mask: 0xffffffff max_cycles: 0xffffffff, max_idle_ns: 19112604467 ns
Aug 23 12:50:45 master-fr-par-1 kernel: [    0.809753] APIC: Switch to symmetric I/O mode setup
Aug 23 12:50:45 master-fr-par-1 kernel: [    0.810915] x2apic enabled
Aug 23 12:50:45 master-fr-par-1 kernel: [    0.811589] Switched APIC routing to physical x2apic.
Aug 23 12:50:45 master-fr-par-1 kernel: [    0.812381] kvm-guest: setup PV IPIs
Aug 23 12:50:45 master-fr-par-1 kernel: [    0.814099] ..TIMER: vector=0x30 apic1=0 pin1=2 apic2=-1 pin2=-1
Aug 23 12:50:45 master-fr-par-1 kernel: [    0.814996] tsc: Marking TSC unstable due to TSCs unsynchronized
Aug 23 12:50:45 master-fr-par-1 kernel: [    0.815761] Calibrating delay loop (skipped) preset value.. 4192.11 BogoMIPS (lpj=8384224)
Aug 23 12:50:45 master-fr-par-1 kernel: [    0.816967] pid_max: default: 32768 minimum: 301
Aug 23 12:50:45 master-fr-par-1 kernel: [    0.821981] LSM: Security Framework initializing
Aug 23 12:50:45 master-fr-par-1 kernel: [    0.822655] Yama: disabled by default; enable with sysctl kernel.yama.*
Aug 23 12:50:45 master-fr-par-1 kernel: [    0.823626] AppArmor: AppArmor initialized
Aug 23 12:50:45 master-fr-par-1 kernel: [    0.823763] TOMOYO Linux initialized
Aug 23 12:50:45 master-fr-par-1 kernel: [    0.824327] Mount-cache hash table entries: 8192 (order: 4, 65536 bytes, linear)
Aug 23 12:50:45 master-fr-par-1 kernel: [    0.825295] Mountpoint-cache hash table entries: 8192 (order: 4, 65536 bytes, linear)
Aug 23 12:50:45 master-fr-par-1 kernel: [    0.827204] Last level iTLB entries: 4KB 512, 2MB 255, 4MB 127
Aug 23 12:50:45 master-fr-par-1 kernel: [    0.827764] Last level dTLB entries: 4KB 512, 2MB 255, 4MB 127, 1GB 0
Aug 23 12:50:45 master-fr-par-1 kernel: [    0.828529] Spectre V1 : Mitigation: usercopy/swapgs barriers and __user pointer sanitization
Aug 23 12:50:45 master-fr-par-1 kernel: [    0.829684] Spectre V2 : Mitigation: Retpolines
Aug 23 12:50:45 master-fr-par-1 kernel: [    0.830431] Spectre V2 : Spectre v2 / SpectreRSB mitigation: Filling RSB on context switch
Aug 23 12:50:45 master-fr-par-1 kernel: [    0.831770] Spectre V2 : mitigation: Enabling conditional Indirect Branch Prediction Barrier
Aug 23 12:50:45 master-fr-par-1 kernel: [    0.832821] Speculative Store Bypass: Mitigation: Speculative Store Bypass disabled via prctl and seccomp
Aug 23 12:50:45 master-fr-par-1 kernel: [    0.834503] Freeing SMP alternatives memory: 32K
Aug 23 12:50:45 master-fr-par-1 kernel: [    0.840136] smpboot: CPU0: AMD EPYC 7281 16-Core Processor (family: 0x17, model: 0x1, stepping: 0x2)
Aug 23 12:50:45 master-fr-par-1 kernel: [    0.842331] Performance Events: Fam17h+ core perfctr, AMD PMU driver.
Aug 23 12:50:45 master-fr-par-1 kernel: [    0.843403] ... version:                0
Aug 23 12:50:45 master-fr-par-1 kernel: [    0.843753] ... bit width:              48
Aug 23 12:50:45 master-fr-par-1 kernel: [    0.843766] ... generic registers:      6
Aug 23 12:50:45 master-fr-par-1 kernel: [    0.844335] ... value mask:             0000ffffffffffff
Aug 23 12:50:45 master-fr-par-1 kernel: [    0.845189] ... max period:             00007fffffffffff
Aug 23 12:50:45 master-fr-par-1 kernel: [    0.845967] ... fixed-purpose events:   0
Aug 23 12:50:45 master-fr-par-1 kernel: [    0.846575] ... event mask:             000000000000003f
Aug 23 12:50:45 master-fr-par-1 kernel: [    0.847665] rcu: Hierarchical SRCU implementation.
Aug 23 12:50:45 master-fr-par-1 kernel: [    0.848854] smp: Bringing up secondary CPUs ...
Aug 23 12:50:45 master-fr-par-1 kernel: [    0.850014] x86: Booting SMP configuration:
Aug 23 12:50:45 master-fr-par-1 kernel: [    0.850666] .... node  #0, CPUs:      #1
Aug 23 12:50:45 master-fr-par-1 kernel: [    0.012998] kvm-clock: cpu 1, msr 63201041, secondary cpu clock
Aug 23 12:50:45 master-fr-par-1 kernel: [    0.851910] kvm-guest: stealtime: cpu 1, msr 13bcb5080
Aug 23 12:50:45 master-fr-par-1 kernel: [    0.854655]  #2
Aug 23 12:50:45 master-fr-par-1 kernel: [    0.012998] kvm-clock: cpu 2, msr 63201081, secondary cpu clock
Aug 23 12:50:45 master-fr-par-1 kernel: [    0.856044] kvm-guest: stealtime: cpu 2, msr 13bd35080
Aug 23 12:50:45 master-fr-par-1 kernel: [    0.857236] smp: Brought up 1 node, 3 CPUs
Aug 23 12:50:45 master-fr-par-1 kernel: [    0.857236] smpboot: Max logical packages: 3
Aug 23 12:50:45 master-fr-par-1 kernel: [    0.857337] smpboot: Total of 3 processors activated (12576.33 BogoMIPS)
Aug 23 12:50:45 master-fr-par-1 kernel: [    0.901966] node 0 deferred pages initialised in 40ms
Aug 23 12:50:45 master-fr-par-1 kernel: [    0.904318] devtmpfs: initialized
Aug 23 12:50:45 master-fr-par-1 kernel: [    0.904638] x86/mm: Memory block size: 128MB
Aug 23 12:50:45 master-fr-par-1 kernel: [    0.906073] PM: Registering ACPI NVS region [mem 0x00800000-0x00807fff] (32768 bytes)
Aug 23 12:50:45 master-fr-par-1 kernel: [    0.907823] PM: Registering ACPI NVS region [mem 0x00810000-0x008fffff] (983040 bytes)
Aug 23 12:50:45 master-fr-par-1 kernel: [    0.908932] PM: Registering ACPI NVS region [mem 0xbe8b6000-0xbe8c3fff] (57344 bytes)
Aug 23 12:50:45 master-fr-par-1 kernel: [    0.909951] PM: Registering ACPI NVS region [mem 0xbfbfb000-0xbfbfefff] (16384 bytes)
Aug 23 12:50:45 master-fr-par-1 kernel: [    0.911076] PM: Registering ACPI NVS region [mem 0xbff68000-0xbfffffff] (622592 bytes)
Aug 23 12:50:45 master-fr-par-1 kernel: [    0.911930] clocksource: jiffies: mask: 0xffffffff max_cycles: 0xffffffff, max_idle_ns: 7645041785100000 ns
Aug 23 12:50:45 master-fr-par-1 kernel: [    0.913270] futex hash table entries: 1024 (order: 4, 65536 bytes, linear)
Aug 23 12:50:45 master-fr-par-1 kernel: [    0.914994] NET: Registered protocol family 16
Aug 23 12:50:45 master-fr-par-1 kernel: [    0.916403] DMA: preallocated 512 KiB GFP_KERNEL pool for atomic allocations
Aug 23 12:50:45 master-fr-par-1 kernel: [    0.918439] DMA: preallocated 512 KiB GFP_KERNEL|GFP_DMA pool for atomic allocations
Aug 23 12:50:45 master-fr-par-1 kernel: [    0.920908] DMA: preallocated 512 KiB GFP_KERNEL|GFP_DMA32 pool for atomic allocations
Aug 23 12:50:45 master-fr-par-1 kernel: [    0.922047] audit: initializing netlink subsys (disabled)
Aug 23 12:50:45 master-fr-par-1 kernel: [    0.922843] audit: type=2000 audit(1661259036.574:1): state=initialized audit_enabled=0 res=1
Aug 23 12:50:45 master-fr-par-1 kernel: [    0.922843] thermal_sys: Registered thermal governor 'fair_share'
Aug 23 12:50:45 master-fr-par-1 kernel: [    0.923801] thermal_sys: Registered thermal governor 'bang_bang'
Aug 23 12:50:45 master-fr-par-1 kernel: [    0.924707] thermal_sys: Registered thermal governor 'step_wise'
Aug 23 12:50:45 master-fr-par-1 kernel: [    0.925605] thermal_sys: Registered thermal governor 'user_space'
Aug 23 12:50:45 master-fr-par-1 kernel: [    0.926390] thermal_sys: Registered thermal governor 'power_allocator'
Aug 23 12:50:45 master-fr-par-1 kernel: [    0.927264] cpuidle: using governor ladder
Aug 23 12:50:45 master-fr-par-1 kernel: [    0.928368] cpuidle: using governor menu
Aug 23 12:50:45 master-fr-par-1 kernel: [    0.929471] ACPI: bus type PCI registered
Aug 23 12:50:45 master-fr-par-1 kernel: [    0.929471] acpiphp: ACPI Hot Plug PCI Controller Driver version: 0.5
Aug 23 12:50:45 master-fr-par-1 kernel: [    0.931923] PCI: Using configuration type 1 for base access
Aug 23 12:50:45 master-fr-par-1 kernel: [    0.932817] PCI: Using configuration type 1 for extended access
Aug 23 12:50:45 master-fr-par-1 kernel: [    0.934828] Kprobes globally optimized
Aug 23 12:50:45 master-fr-par-1 kernel: [    0.935875] HugeTLB registered 1.00 GiB page size, pre-allocated 0 pages
Aug 23 12:50:45 master-fr-par-1 kernel: [    0.936905] HugeTLB registered 2.00 MiB page size, pre-allocated 0 pages
Aug 23 12:50:45 master-fr-par-1 kernel: [    1.120235] ACPI: Added _OSI(Module Device)
Aug 23 12:50:45 master-fr-par-1 kernel: [    1.120609] ACPI: Added _OSI(Processor Device)
Aug 23 12:50:45 master-fr-par-1 kernel: [    1.123790] ACPI: Added _OSI(3.0 _SCP Extensions)
Aug 23 12:50:45 master-fr-par-1 kernel: [    1.124517] ACPI: Added _OSI(Processor Aggregator Device)
Aug 23 12:50:45 master-fr-par-1 kernel: [    1.125361] ACPI: Added _OSI(Linux-Dell-Video)
Aug 23 12:50:45 master-fr-par-1 kernel: [    1.126011] ACPI: Added _OSI(Linux-Lenovo-NV-HDMI-Audio)
Aug 23 12:50:45 master-fr-par-1 kernel: [    1.126798] ACPI: Added _OSI(Linux-HPI-Hybrid-Graphics)
Aug 23 12:50:45 master-fr-par-1 kernel: [    1.128477] ACPI: 1 ACPI AML tables successfully acquired and loaded
Aug 23 12:50:45 master-fr-par-1 kernel: [    1.131170] ACPI: Interpreter enabled
Aug 23 12:50:45 master-fr-par-1 kernel: [    1.131744] ACPI: (supports S0 S3 S4 S5)
Aug 23 12:50:45 master-fr-par-1 kernel: [    1.131770] ACPI: Using IOAPIC for interrupt routing
Aug 23 12:50:45 master-fr-par-1 kernel: [    1.132556] PCI: Using host bridge windows from ACPI; if necessary, use "pci=nocrs" and report a bug
Aug 23 12:50:45 master-fr-par-1 kernel: [    1.134131] ACPI: Enabled 2 GPEs in block 00 to 0F
Aug 23 12:50:45 master-fr-par-1 kernel: [    1.139215] ACPI: PCI Root Bridge [PCI0] (domain 0000 [bus 00-ff])
Aug 23 12:50:45 master-fr-par-1 kernel: [    1.139776] acpi PNP0A03:00: _OSC: OS supports [ExtendedConfig ASPM ClockPM Segments MSI HPX-Type3]
Aug 23 12:50:45 master-fr-par-1 kernel: [    1.141682] acpiphp: Slot [2] registered
Aug 23 12:50:45 master-fr-par-1 kernel: [    1.142414] acpiphp: Slot [3] registered
Aug 23 12:50:45 master-fr-par-1 kernel: [    1.143158] acpiphp: Slot [4] registered
Aug 23 12:50:45 master-fr-par-1 kernel: [    1.143798] acpiphp: Slot [5] registered
Aug 23 12:50:45 master-fr-par-1 kernel: [    1.144333] acpiphp: Slot [6] registered
Aug 23 12:50:45 master-fr-par-1 kernel: [    1.144830] acpiphp: Slot [7] registered
Aug 23 12:50:45 master-fr-par-1 kernel: [    1.145424] acpiphp: Slot [8] registered
Aug 23 12:50:45 master-fr-par-1 kernel: [    1.146078] acpiphp: Slot [9] registered
Aug 23 12:50:45 master-fr-par-1 kernel: [    1.146601] acpiphp: Slot [10] registered
Aug 23 12:50:45 master-fr-par-1 kernel: [    1.147361] acpiphp: Slot [11] registered
Aug 23 12:50:45 master-fr-par-1 kernel: [    1.147798] acpiphp: Slot [12] registered
Aug 23 12:50:45 master-fr-par-1 kernel: [    1.148561] acpiphp: Slot [13] registered
Aug 23 12:50:45 master-fr-par-1 kernel: [    1.149235] acpiphp: Slot [14] registered
Aug 23 12:50:45 master-fr-par-1 kernel: [    1.149828] acpiphp: Slot [15] registered
Aug 23 12:50:45 master-fr-par-1 kernel: [    1.150404] acpiphp: Slot [16] registered
Aug 23 12:50:45 master-fr-par-1 kernel: [    1.150972] acpiphp: Slot [17] registered
Aug 23 12:50:45 master-fr-par-1 kernel: [    1.151552] acpiphp: Slot [18] registered
Aug 23 12:50:45 master-fr-par-1 kernel: [    1.151816] acpiphp: Slot [19] registered
Aug 23 12:50:45 master-fr-par-1 kernel: [    1.152389] acpiphp: Slot [20] registered
Aug 23 12:50:45 master-fr-par-1 kernel: [    1.152948] acpiphp: Slot [21] registered
Aug 23 12:50:45 master-fr-par-1 kernel: [    1.153469] acpiphp: Slot [22] registered
Aug 23 12:50:45 master-fr-par-1 kernel: [    1.154005] acpiphp: Slot [23] registered
Aug 23 12:50:45 master-fr-par-1 kernel: [    1.154582] acpiphp: Slot [24] registered
Aug 23 12:50:45 master-fr-par-1 kernel: [    1.155095] acpiphp: Slot [25] registered
Aug 23 12:50:45 master-fr-par-1 kernel: [    1.155702] acpiphp: Slot [26] registered
Aug 23 12:50:45 master-fr-par-1 kernel: [    1.155788] acpiphp: Slot [27] registered
Aug 23 12:50:45 master-fr-par-1 kernel: [    1.156298] acpiphp: Slot [28] registered
Aug 23 12:50:45 master-fr-par-1 kernel: [    1.156830] acpiphp: Slot [29] registered
Aug 23 12:50:45 master-fr-par-1 kernel: [    1.157326] acpiphp: Slot [30] registered
Aug 23 12:50:45 master-fr-par-1 kernel: [    1.157880] acpiphp: Slot [31] registered
Aug 23 12:50:45 master-fr-par-1 kernel: [    1.158412] PCI host bridge to bus 0000:00
Aug 23 12:50:45 master-fr-par-1 kernel: [    1.158922] pci_bus 0000:00: root bus resource [io  0x0000-0x0cf7 window]
Aug 23 12:50:45 master-fr-par-1 kernel: [    1.159766] pci_bus 0000:00: root bus resource [io  0x0d00-0xffff window]
Aug 23 12:50:45 master-fr-par-1 kernel: [    1.160621] pci_bus 0000:00: root bus resource [mem 0x000a0000-0x000bffff window]
Aug 23 12:50:45 master-fr-par-1 kernel: [    1.161629] pci_bus 0000:00: root bus resource [mem 0xc0000000-0xfebfffff window]
Aug 23 12:50:45 master-fr-par-1 kernel: [    1.162603] pci_bus 0000:00: root bus resource [mem 0x800000000-0x87fffffff window]
Aug 23 12:50:45 master-fr-par-1 kernel: [    1.163657] pci_bus 0000:00: root bus resource [bus 00-ff]
Aug 23 12:50:45 master-fr-par-1 kernel: [    1.163942] pci 0000:00:00.0: [8086:1237] type 00 class 0x060000
Aug 23 12:50:45 master-fr-par-1 kernel: [    1.165311] pci 0000:00:01.0: [8086:7000] type 00 class 0x060100
Aug 23 12:50:45 master-fr-par-1 kernel: [    1.166677] pci 0000:00:01.1: [8086:7010] type 00 class 0x010180
Aug 23 12:50:45 master-fr-par-1 kernel: [    1.171565] pci 0000:00:01.1: reg 0x20: [io  0xc0c0-0xc0cf]
Aug 23 12:50:45 master-fr-par-1 kernel: [    1.173481] pci 0000:00:01.1: legacy IDE quirk: reg 0x10: [io  0x01f0-0x01f7]
Aug 23 12:50:45 master-fr-par-1 kernel: [    1.174462] pci 0000:00:01.1: legacy IDE quirk: reg 0x14: [io  0x03f6]
Aug 23 12:50:45 master-fr-par-1 kernel: [    1.175258] pci 0000:00:01.1: legacy IDE quirk: reg 0x18: [io  0x0170-0x0177]
Aug 23 12:50:45 master-fr-par-1 kernel: [    1.175768] pci 0000:00:01.1: legacy IDE quirk: reg 0x1c: [io  0x0376]
Aug 23 12:50:45 master-fr-par-1 kernel: [    1.177855] pci 0000:00:01.3: [8086:7113] type 00 class 0x068000
Aug 23 12:50:45 master-fr-par-1 kernel: [    1.179051] pci 0000:00:01.3: quirk: [io  0xb000-0xb03f] claimed by PIIX4 ACPI
Aug 23 12:50:45 master-fr-par-1 kernel: [    1.179780] pci 0000:00:01.3: quirk: [io  0xb100-0xb10f] claimed by PIIX4 SMB
Aug 23 12:50:45 master-fr-par-1 kernel: [    1.181308] pci 0000:00:02.0: [1af4:1000] type 00 class 0x020000
Aug 23 12:50:45 master-fr-par-1 kernel: [    1.183772] pci 0000:00:02.0: reg 0x10: [io  0xc0a0-0xc0bf]
Aug 23 12:50:45 master-fr-par-1 kernel: [    1.186198] pci 0000:00:02.0: reg 0x14: [mem 0xc0003000-0xc0003fff]
Aug 23 12:50:45 master-fr-par-1 kernel: [    1.191771] pci 0000:00:02.0: reg 0x20: [mem 0x800000000-0x800003fff 64bit pref]
Aug 23 12:50:45 master-fr-par-1 kernel: [    1.194521] pci 0000:00:02.0: reg 0x30: [mem 0xfff80000-0xffffffff pref]
Aug 23 12:50:45 master-fr-par-1 kernel: [    1.196024] pci 0000:00:03.0: [1af4:1004] type 00 class 0x010000
Aug 23 12:50:45 master-fr-par-1 kernel: [    1.199516] pci 0000:00:03.0: reg 0x10: [io  0xc040-0xc07f]
Aug 23 12:50:45 master-fr-par-1 kernel: [    1.201188] pci 0000:00:03.0: reg 0x14: [mem 0xc0002000-0xc0002fff]
Aug 23 12:50:45 master-fr-par-1 kernel: [    1.206630] pci 0000:00:03.0: reg 0x20: [mem 0x800004000-0x800007fff 64bit pref]
Aug 23 12:50:45 master-fr-par-1 kernel: [    1.210246] pci 0000:00:04.0: [1af4:1001] type 00 class 0x010000
Aug 23 12:50:45 master-fr-par-1 kernel: [    1.212480] pci 0000:00:04.0: reg 0x10: [io  0xc000-0xc03f]
Aug 23 12:50:45 master-fr-par-1 kernel: [    1.215085] pci 0000:00:04.0: reg 0x14: [mem 0xc0001000-0xc0001fff]
Aug 23 12:50:45 master-fr-par-1 kernel: [    1.222425] pci 0000:00:04.0: reg 0x20: [mem 0x800008000-0x80000bfff 64bit pref]
Aug 23 12:50:45 master-fr-par-1 kernel: [    1.226588] pci 0000:00:05.0: [1af4:1000] type 00 class 0x020000
Aug 23 12:50:45 master-fr-par-1 kernel: [    1.229765] pci 0000:00:05.0: reg 0x10: [io  0xc080-0xc09f]
Aug 23 12:50:45 master-fr-par-1 kernel: [    1.231773] pci 0000:00:05.0: reg 0x14: [mem 0xc0000000-0xc0000fff]
Aug 23 12:50:45 master-fr-par-1 kernel: [    1.237540] pci 0000:00:05.0: reg 0x20: [mem 0x80000c000-0x80000ffff 64bit pref]
Aug 23 12:50:45 master-fr-par-1 kernel: [    1.241612] pci 0000:00:05.0: reg 0x30: [mem 0xfff80000-0xffffffff pref]
Aug 23 12:50:45 master-fr-par-1 kernel: [    1.244476] ACPI: PCI Interrupt Link [LNKA] (IRQs 5 10 *11)
Aug 23 12:50:45 master-fr-par-1 kernel: [    1.245352] ACPI: PCI Interrupt Link [LNKB] (IRQs 5 10 *11)
Aug 23 12:50:45 master-fr-par-1 kernel: [    1.246232] ACPI: PCI Interrupt Link [LNKC] (IRQs 5 *10 11)
Aug 23 12:50:45 master-fr-par-1 kernel: [    1.247064] ACPI: PCI Interrupt Link [LNKD] (IRQs 5 *10 11)
Aug 23 12:50:45 master-fr-par-1 kernel: [    1.247855] ACPI: PCI Interrupt Link [LNKS] (IRQs *9)
Aug 23 12:50:45 master-fr-par-1 kernel: [    1.248868] iommu: Default domain type: Translated 
Aug 23 12:50:45 master-fr-par-1 kernel: [    1.249615] vgaarb: loaded
Aug 23 12:50:45 master-fr-par-1 kernel: [    1.250176] Registered efivars operations
Aug 23 12:50:45 master-fr-par-1 kernel: [    1.251055] NetLabel: Initializing
Aug 23 12:50:45 master-fr-par-1 kernel: [    1.251543] NetLabel:  domain hash size = 128
Aug 23 12:50:45 master-fr-par-1 kernel: [    1.251780] NetLabel:  protocols = UNLABELED CIPSOv4 CALIPSO
Aug 23 12:50:45 master-fr-par-1 kernel: [    1.252616] NetLabel:  unlabeled traffic allowed by default
Aug 23 12:50:45 master-fr-par-1 kernel: [    1.253362] PCI: Using ACPI for IRQ routing
Aug 23 12:50:45 master-fr-par-1 kernel: [    1.253945] PCI: pci_cache_line_size set to 64 bytes
Aug 23 12:50:45 master-fr-par-1 kernel: [    1.254071] e820: reserve RAM buffer [mem 0x00810000-0x008fffff]
Aug 23 12:50:45 master-fr-par-1 kernel: [    1.254074] e820: reserve RAM buffer [mem 0xbe8b6000-0xbfffffff]
Aug 23 12:50:45 master-fr-par-1 kernel: [    1.254076] e820: reserve RAM buffer [mem 0xbe9ed000-0xbfffffff]
Aug 23 12:50:45 master-fr-par-1 kernel: [    1.254077] e820: reserve RAM buffer [mem 0xbfb9b000-0xbfffffff]
Aug 23 12:50:45 master-fr-par-1 kernel: [    1.254079] e820: reserve RAM buffer [mem 0xbff48000-0xbfffffff]
Aug 23 12:50:45 master-fr-par-1 kernel: [    1.254144] hpet0: at MMIO 0xfed00000, IRQs 2, 8, 0
Aug 23 12:50:45 master-fr-par-1 kernel: [    1.254832] hpet0: 3 comparators, 64-bit 100.000000 MHz counter
Aug 23 12:50:45 master-fr-par-1 kernel: [    1.259066] clocksource: Switched to clocksource kvm-clock
Aug 23 12:50:45 master-fr-par-1 kernel: [    1.315831] VFS: Disk quotas dquot_6.6.0
Aug 23 12:50:45 master-fr-par-1 kernel: [    1.316486] VFS: Dquot-cache hash table entries: 512 (order 0, 4096 bytes)
Aug 23 12:50:45 master-fr-par-1 kernel: [    1.317978] AppArmor: AppArmor Filesystem Enabled
Aug 23 12:50:45 master-fr-par-1 kernel: [    1.318743] pnp: PnP ACPI init
Aug 23 12:50:45 master-fr-par-1 kernel: [    1.319310] pnp 00:00: Plug and Play ACPI device, IDs PNP0b00 (active)
Aug 23 12:50:45 master-fr-par-1 kernel: [    1.319425] pnp 00:01: Plug and Play ACPI device, IDs PNP0303 (active)
Aug 23 12:50:45 master-fr-par-1 kernel: [    1.319456] pnp 00:02: Plug and Play ACPI device, IDs PNP0f13 (active)
Aug 23 12:50:45 master-fr-par-1 kernel: [    1.319468] pnp 00:03: [dma 2]
Aug 23 12:50:45 master-fr-par-1 kernel: [    1.319487] pnp 00:03: Plug and Play ACPI device, IDs PNP0700 (active)
Aug 23 12:50:45 master-fr-par-1 kernel: [    1.319595] pnp 00:04: Plug and Play ACPI device, IDs PNP0501 (active)
Aug 23 12:50:45 master-fr-par-1 kernel: [    1.319910] pnp: PnP ACPI: found 5 devices
Aug 23 12:50:45 master-fr-par-1 kernel: [    1.327105] clocksource: acpi_pm: mask: 0xffffff max_cycles: 0xffffff, max_idle_ns: 2085701024 ns
Aug 23 12:50:45 master-fr-par-1 kernel: [    1.328592] NET: Registered protocol family 2
Aug 23 12:50:45 master-fr-par-1 kernel: [    1.334096] IP idents hash table entries: 65536 (order: 7, 524288 bytes, linear)
Aug 23 12:50:45 master-fr-par-1 kernel: [    1.337168] tcp_listen_portaddr_hash hash table entries: 2048 (order: 3, 32768 bytes, linear)
Aug 23 12:50:45 master-fr-par-1 kernel: [    1.338822] TCP established hash table entries: 32768 (order: 6, 262144 bytes, linear)
Aug 23 12:50:45 master-fr-par-1 kernel: [    1.340668] TCP bind hash table entries: 32768 (order: 7, 524288 bytes, linear)
Aug 23 12:50:45 master-fr-par-1 kernel: [    1.341841] TCP: Hash tables configured (established 32768 bind 32768)
Aug 23 12:50:45 master-fr-par-1 kernel: [    1.343147] UDP hash table entries: 2048 (order: 4, 65536 bytes, linear)
Aug 23 12:50:45 master-fr-par-1 kernel: [    1.344317] UDP-Lite hash table entries: 2048 (order: 4, 65536 bytes, linear)
Aug 23 12:50:45 master-fr-par-1 kernel: [    1.345503] NET: Registered protocol family 1
Aug 23 12:50:45 master-fr-par-1 kernel: [    1.346190] NET: Registered protocol family 44
Aug 23 12:50:45 master-fr-par-1 kernel: [    1.346849] pci 0000:00:02.0: can't claim BAR 6 [mem 0xfff80000-0xffffffff pref]: no compatible bridge window
Aug 23 12:50:45 master-fr-par-1 kernel: [    1.348294] pci 0000:00:05.0: can't claim BAR 6 [mem 0xfff80000-0xffffffff pref]: no compatible bridge window
Aug 23 12:50:45 master-fr-par-1 kernel: [    1.349758] pci 0000:00:02.0: BAR 6: assigned [mem 0xc0080000-0xc00fffff pref]
Aug 23 12:50:45 master-fr-par-1 kernel: [    1.350816] pci 0000:00:05.0: BAR 6: assigned [mem 0xc0100000-0xc017ffff pref]
Aug 23 12:50:45 master-fr-par-1 kernel: [    1.351944] pci_bus 0000:00: resource 4 [io  0x0000-0x0cf7 window]
Aug 23 12:50:45 master-fr-par-1 kernel: [    1.352845] pci_bus 0000:00: resource 5 [io  0x0d00-0xffff window]
Aug 23 12:50:45 master-fr-par-1 kernel: [    1.353705] pci_bus 0000:00: resource 6 [mem 0x000a0000-0x000bffff window]
Aug 23 12:50:45 master-fr-par-1 kernel: [    1.354679] pci_bus 0000:00: resource 7 [mem 0xc0000000-0xfebfffff window]
Aug 23 12:50:45 master-fr-par-1 kernel: [    1.355669] pci_bus 0000:00: resource 8 [mem 0x800000000-0x87fffffff window]
Aug 23 12:50:45 master-fr-par-1 kernel: [    1.356790] pci 0000:00:01.0: PIIX3: Enabling Passive Release
Aug 23 12:50:45 master-fr-par-1 kernel: [    1.357648] pci 0000:00:00.0: Limiting direct PCI/PCI transfers
Aug 23 12:50:45 master-fr-par-1 kernel: [    1.358499] pci 0000:00:01.0: Activating ISA DMA hang workarounds
Aug 23 12:50:45 master-fr-par-1 kernel: [    1.359380] PCI: CLS 0 bytes, default 64
Aug 23 12:50:45 master-fr-par-1 kernel: [    1.360110] Trying to unpack rootfs image as initramfs...
Aug 23 12:50:45 master-fr-par-1 kernel: [    1.849833] Freeing initrd memory: 13140K
Aug 23 12:50:45 master-fr-par-1 kernel: [    1.858898] PCI-DMA: Using software bounce buffering for IO (SWIOTLB)
Aug 23 12:50:45 master-fr-par-1 kernel: [    1.861932] software IO TLB: mapped [mem 0x00000000b7f26000-0x00000000bbf26000] (64MB)
Aug 23 12:50:45 master-fr-par-1 kernel: [    1.863912] Initialise system trusted keyrings
Aug 23 12:50:45 master-fr-par-1 kernel: [    1.864478] Key type blacklist registered
Aug 23 12:50:45 master-fr-par-1 kernel: [    1.865253] workingset: timestamp_bits=36 max_order=20 bucket_order=0
Aug 23 12:50:45 master-fr-par-1 kernel: [    1.867859] zbud: loaded
Aug 23 12:50:45 master-fr-par-1 kernel: [    1.869102] Key type asymmetric registered
Aug 23 12:50:45 master-fr-par-1 kernel: [    1.869681] Asymmetric key parser 'x509' registered
Aug 23 12:50:45 master-fr-par-1 kernel: [    1.870357] Block layer SCSI generic (bsg) driver version 0.4 loaded (major 252)
Aug 23 12:50:45 master-fr-par-1 kernel: [    1.871776] io scheduler mq-deadline registered
Aug 23 12:50:45 master-fr-par-1 kernel: [    1.873975] Serial: 8250/16550 driver, 4 ports, IRQ sharing enabled
Aug 23 12:50:45 master-fr-par-1 kernel: [    1.875256] 00:04: ttyS0 at I/O 0x3f8 (irq = 4, base_baud = 115200) is a 16550A
Aug 23 12:50:45 master-fr-par-1 kernel: [    1.883172] i8042: PNP: PS/2 Controller [PNP0303:KBD,PNP0f13:MOU] at 0x60,0x64 irq 1,12
Aug 23 12:50:45 master-fr-par-1 kernel: [    1.885353] serio: i8042 KBD port at 0x60,0x64 irq 1
Aug 23 12:50:45 master-fr-par-1 kernel: [    1.886258] serio: i8042 AUX port at 0x60,0x64 irq 12
Aug 23 12:50:45 master-fr-par-1 kernel: [    1.887528] input: AT Translated Set 2 keyboard as /devices/platform/i8042/serio0/input/input0
Aug 23 12:50:45 master-fr-par-1 kernel: [    1.888966] rtc_cmos 00:00: RTC can wake from S4
Aug 23 12:50:45 master-fr-par-1 kernel: [    1.890720] rtc_cmos 00:00: registered as rtc0
Aug 23 12:50:45 master-fr-par-1 kernel: [    1.891463] rtc_cmos 00:00: setting system clock to 2022-08-23T12:50:37 UTC (1661259037)
Aug 23 12:50:45 master-fr-par-1 kernel: [    1.892475] rtc_cmos 00:00: alarms up to one day, y3k, 114 bytes nvram, hpet irqs
Aug 23 12:50:45 master-fr-par-1 kernel: [    1.893802] EFI Variables Facility v0.08 2004-May-17
Aug 23 12:50:45 master-fr-par-1 kernel: [    1.899945] NET: Registered protocol family 10
Aug 23 12:50:45 master-fr-par-1 kernel: [    1.926852] Segment Routing with IPv6
Aug 23 12:50:45 master-fr-par-1 kernel: [    1.928578] mip6: Mobile IPv6
Aug 23 12:50:45 master-fr-par-1 kernel: [    1.929168] NET: Registered protocol family 17
Aug 23 12:50:45 master-fr-par-1 kernel: [    1.930223] IPI shorthand broadcast: enabled
Aug 23 12:50:45 master-fr-par-1 kernel: [    1.934927] sched_clock: Marking stable (1925843387, 8998476)->(2009489255, -74647392)
Aug 23 12:50:45 master-fr-par-1 kernel: [    1.936617] registered taskstats version 1
Aug 23 12:50:45 master-fr-par-1 kernel: [    1.937238] Loading compiled-in X.509 certificates
Aug 23 12:50:45 master-fr-par-1 kernel: [    1.938249] Key type ._fscrypt registered
Aug 23 12:50:45 master-fr-par-1 kernel: [    1.938953] Key type .fscrypt registered
Aug 23 12:50:45 master-fr-par-1 kernel: [    1.939559] Key type fscrypt-provisioning registered
Aug 23 12:50:45 master-fr-par-1 kernel: [    1.940576] AppArmor: AppArmor sha1 policy hashing enabled
Aug 23 12:50:45 master-fr-par-1 kernel: [    1.945333] Freeing unused decrypted memory: 2036K
Aug 23 12:50:45 master-fr-par-1 kernel: [    1.947250] Freeing unused kernel image (initmem) memory: 2260K
Aug 23 12:50:45 master-fr-par-1 kernel: [    1.959895] Write protecting the kernel read-only data: 22528k
Aug 23 12:50:45 master-fr-par-1 kernel: [    1.964041] Freeing unused kernel image (text/rodata gap) memory: 2036K
Aug 23 12:50:45 master-fr-par-1 kernel: [    1.975148] Freeing unused kernel image (rodata/data gap) memory: 1140K
Aug 23 12:50:45 master-fr-par-1 kernel: [    1.979108] x86/mm: Checked W+X mappings: passed, no W+X pages found.
Aug 23 12:50:45 master-fr-par-1 kernel: [    1.980167] Run /init as init process
Aug 23 12:50:45 master-fr-par-1 kernel: [    1.980729]   with arguments:
Aug 23 12:50:45 master-fr-par-1 kernel: [    1.980731]     /init
Aug 23 12:50:45 master-fr-par-1 kernel: [    1.980732]   with environment:
Aug 23 12:50:45 master-fr-par-1 kernel: [    1.980733]     HOME=/
Aug 23 12:50:45 master-fr-par-1 kernel: [    1.980734]     TERM=linux
Aug 23 12:50:45 master-fr-par-1 kernel: [    1.980735]     BOOT_IMAGE=/boot/vmlinuz-5.10.103-scaleway
Aug 23 12:50:45 master-fr-par-1 kernel: [    1.980999] process '/usr/bin/sh' started with executable stack
Aug 23 12:50:45 master-fr-par-1 kernel: [    2.163312] virtio: module verification failed: signature and/or required key missing - tainting kernel
Aug 23 12:50:45 master-fr-par-1 kernel: [    2.186945] scsi_mod: unknown parameter 'use_blk_mq' ignored
Aug 23 12:50:45 master-fr-par-1 kernel: [    2.188579] SCSI subsystem initialized
Aug 23 12:50:45 master-fr-par-1 kernel: [    2.195445] libata version 3.00 loaded.
Aug 23 12:50:45 master-fr-par-1 kernel: [    2.196669] ata_piix 0000:00:01.1: version 2.13
Aug 23 12:50:45 master-fr-par-1 kernel: [    2.198060] scsi host0: ata_piix
Aug 23 12:50:45 master-fr-par-1 kernel: [    2.198266] PCI Interrupt Link [LNKB] enabled at IRQ 11
Aug 23 12:50:45 master-fr-par-1 kernel: [    2.200011] scsi host1: ata_piix
Aug 23 12:50:45 master-fr-par-1 kernel: [    2.201319] ata1: PATA max MWDMA2 cmd 0x1f0 ctl 0x3f6 bmdma 0xc0c0 irq 14
Aug 23 12:50:45 master-fr-par-1 kernel: [    2.202461] ata2: PATA max MWDMA2 cmd 0x170 ctl 0x376 bmdma 0xc0c8 irq 15
Aug 23 12:50:45 master-fr-par-1 kernel: [    2.203546] ata1: port disabled--ignoring
Aug 23 12:50:45 master-fr-par-1 kernel: [    2.203655] ata2: port disabled--ignoring
Aug 23 12:50:45 master-fr-par-1 kernel: [    2.229552] PCI Interrupt Link [LNKC] enabled at IRQ 10
Aug 23 12:50:45 master-fr-par-1 kernel: [    2.259022] PCI Interrupt Link [LNKD] enabled at IRQ 10
Aug 23 12:50:45 master-fr-par-1 kernel: [    2.288372] PCI Interrupt Link [LNKA] enabled at IRQ 11
Aug 23 12:50:45 master-fr-par-1 kernel: [    2.298839] scsi host2: Virtio SCSI HBA
Aug 23 12:50:45 master-fr-par-1 kernel: [    2.320727] virtio_blk virtio2: [vda] 78125000 512-byte logical blocks (40.0 GB/37.3 GiB)
Aug 23 12:50:45 master-fr-par-1 kernel: [    2.321881] vda: detected capacity change from 0 to 40000000000
Aug 23 12:50:45 master-fr-par-1 kernel: [    2.355343] GPT:Primary header thinks Alt. header is not at the end of the disk.
Aug 23 12:50:45 master-fr-par-1 kernel: [    2.356416] GPT:4194303 != 78124999
Aug 23 12:50:45 master-fr-par-1 kernel: [    2.356895] GPT:Alternate GPT header not at the end of the disk.
Aug 23 12:50:45 master-fr-par-1 kernel: [    2.357851] GPT:4194303 != 78124999
Aug 23 12:50:45 master-fr-par-1 kernel: [    2.358391] GPT: Use GNU Parted to correct GPT errors.
Aug 23 12:50:45 master-fr-par-1 kernel: [    2.359146]  vda: vda1 vda14 vda15
Aug 23 12:50:45 master-fr-par-1 kernel: [    2.394654] virtio_net virtio3 ens5: renamed from eth1
Aug 23 12:50:45 master-fr-par-1 kernel: [    2.409853] virtio_net virtio0 ens2: renamed from eth0
Aug 23 12:50:45 master-fr-par-1 kernel: [    2.518510] EXT4-fs (vda1): mounted filesystem with ordered data mode. Opts: (null)
Aug 23 12:50:45 master-fr-par-1 kernel: [    2.903843]  vda: vda1 vda14 vda15
Aug 23 12:50:45 master-fr-par-1 kernel: [    2.970719] EXT4-fs (vda1): mounted filesystem with ordered data mode. Opts: (null)
Aug 23 12:50:45 master-fr-par-1 kernel: [    3.009635] Not activating Mandatory Access Control as /sbin/tomoyo-init does not exist.
Aug 23 12:50:45 master-fr-par-1 kernel: [    3.517652] EXT4-fs (vda1): re-mounted. Opts: discard,errors=remount-ro
Aug 23 12:50:45 master-fr-par-1 kernel: [    3.575913] EXT4-fs (vda1): resizing filesystem from 491515 to 9732852 blocks
Aug 23 12:50:45 master-fr-par-1 kernel: [    3.961175] EXT4-fs (vda1): resized filesystem to 9732852
Aug 23 12:50:45 master-fr-par-1 kernel: [    4.501726] input: Power Button as /devices/LNXSYSTM:00/LNXPWRBN:00/input/input2
Aug 23 12:50:45 master-fr-par-1 kernel: [    4.516302] ACPI: Power Button [PWRF]
Aug 23 12:50:45 master-fr-par-1 kernel: [    4.645921] pstore: Using crash dump compression: deflate
Aug 23 12:50:45 master-fr-par-1 kernel: [    4.648710] pstore: Registered efi as persistent store backend
Aug 23 12:50:45 master-fr-par-1 kernel: [    4.715512] cryptd: max_cpu_qlen set to 1000
Aug 23 12:50:45 master-fr-par-1 kernel: [    4.726761] AVX2 version of gcm_enc/dec engaged.
Aug 23 12:50:45 master-fr-par-1 kernel: [    4.727616] AES CTR mode by8 optimization enabled
Aug 23 12:50:45 master-fr-par-1 kernel: [    4.978911] kvm: Nested Virtualization enabled
Aug 23 12:50:45 master-fr-par-1 kernel: [    4.979601] SVM: kvm: Nested Paging enabled
Aug 23 12:50:45 master-fr-par-1 kernel: [    5.114558] audit: type=1400 audit(1661259040.720:2): apparmor="STATUS" operation="profile_load" profile="unconfined" name="nvidia_modprobe" pid=373 comm="apparmor_parser"
Aug 23 12:50:45 master-fr-par-1 kernel: [    5.121554] audit: type=1400 audit(1661259040.728:3): apparmor="STATUS" operation="profile_load" profile="unconfined" name="nvidia_modprobe//kmod" pid=373 comm="apparmor_parser"
Aug 23 12:50:45 master-fr-par-1 kernel: [    5.125491] audit: type=1400 audit(1661259040.732:4): apparmor="STATUS" operation="profile_load" profile="unconfined" name="/usr/bin/man" pid=371 comm="apparmor_parser"
Aug 23 12:50:45 master-fr-par-1 kernel: [    5.127846] audit: type=1400 audit(1661259040.732:5): apparmor="STATUS" operation="profile_load" profile="unconfined" name="man_filter" pid=371 comm="apparmor_parser"
Aug 23 12:50:45 master-fr-par-1 kernel: [    5.129755] audit: type=1400 audit(1661259040.736:6): apparmor="STATUS" operation="profile_load" profile="unconfined" name="man_groff" pid=371 comm="apparmor_parser"
Aug 23 12:50:45 master-fr-par-1 kernel: [    5.152343] audit: type=1400 audit(1661259040.760:7): apparmor="STATUS" operation="profile_load" profile="unconfined" name="/usr/sbin/tcpdump" pid=372 comm="apparmor_parser"
Aug 23 12:50:45 master-fr-par-1 kernel: [    5.301626] audit: type=1400 audit(1661259040.908:8): apparmor="STATUS" operation="profile_load" profile="unconfined" name="/usr/sbin/chronyd" pid=374 comm="apparmor_parser"
Aug 23 12:50:45 master-fr-par-1 dbus-daemon[592]: [system] Activating via systemd: service name='org.freedesktop.hostname1' unit='dbus-org.freedesktop.hostname1.service' requested by ':1.1' (uid=0 pid=617 comm="hostnamectl status ")
Aug 23 12:50:45 master-fr-par-1 chronyd[623]: chronyd version 3.4 starting (+CMDMON +NTP +REFCLOCK +RTC +PRIVDROP +SCFILTER +SIGND +ASYNCDNS +SECHASH +IPV6 -DEBUG)
Aug 23 12:50:45 master-fr-par-1 chronyd[623]: Loaded seccomp filter
Aug 23 12:50:45 master-fr-par-1 systemd[1]: Starting Hostname Service...
Aug 23 12:50:45 master-fr-par-1 systemd[1]: Started Permit User Sessions.
Aug 23 12:50:45 master-fr-par-1 systemd[1]: Started Serial Getty on ttyS0.
Aug 23 12:50:45 master-fr-par-1 systemd[1]: Started Getty on tty1.
Aug 23 12:50:45 master-fr-par-1 systemd[1]: Reached target Login Prompts.
Aug 23 12:50:45 master-fr-par-1 systemd[1]: Started Login Service.
Aug 23 12:50:45 master-fr-par-1 systemd[1]: Started Unattended Upgrades Shutdown.
Aug 23 12:50:45 master-fr-par-1 dhclient[647]: Internet Systems Consortium DHCP Client 4.4.1
Aug 23 12:50:45 master-fr-par-1 scw-vpc-ifup[596]: Internet Systems Consortium DHCP Client 4.4.1
Aug 23 12:50:45 master-fr-par-1 dhclient[647]: Copyright 2004-2018 Internet Systems Consortium.
Aug 23 12:50:45 master-fr-par-1 scw-vpc-ifup[596]: Copyright 2004-2018 Internet Systems Consortium.
Aug 23 12:50:45 master-fr-par-1 dhclient[647]: All rights reserved.
Aug 23 12:50:45 master-fr-par-1 scw-vpc-ifup[596]: All rights reserved.
Aug 23 12:50:45 master-fr-par-1 dhclient[647]: For info, please visit https://www.isc.org/software/dhcp/
Aug 23 12:50:45 master-fr-par-1 scw-vpc-ifup[596]: For info, please visit https://www.isc.org/software/dhcp/
Aug 23 12:50:45 master-fr-par-1 dhclient[647]: 
Aug 23 12:50:45 master-fr-par-1 dbus-daemon[592]: [system] Successfully activated service 'org.freedesktop.hostname1'
Aug 23 12:50:45 master-fr-par-1 systemd[1]: Started Hostname Service.
Aug 23 12:50:46 master-fr-par-1 dhclient[647]: Listening on LPF/ens5/02:00:00:01:5b:ad
Aug 23 12:50:46 master-fr-par-1 scw-vpc-ifup[596]: Listening on LPF/ens5/02:00:00:01:5b:ad
Aug 23 12:50:46 master-fr-par-1 scw-vpc-ifup[596]: Sending on   LPF/ens5/02:00:00:01:5b:ad
Aug 23 12:50:46 master-fr-par-1 scw-vpc-ifup[596]: Sending on   Socket/fallback
Aug 23 12:50:46 master-fr-par-1 scw-vpc-ifup[596]: Created duid "\000\001\000\001*\227\211\245\002\000\000\001[\255".
Aug 23 12:50:46 master-fr-par-1 scw-vpc-ifup[596]: DHCPDISCOVER on ens5 to 255.255.255.255 port 67 interval 4
Aug 23 12:50:46 master-fr-par-1 dhclient[647]: Sending on   LPF/ens5/02:00:00:01:5b:ad
Aug 23 12:50:46 master-fr-par-1 dhclient[647]: Sending on   Socket/fallback
Aug 23 12:50:46 master-fr-par-1 dhclient[647]: Created duid "\000\001\000\001*\227\211\245\002\000\000\001[\255".
Aug 23 12:50:46 master-fr-par-1 dhclient[647]: DHCPDISCOVER on ens5 to 255.255.255.255 port 67 interval 4
Aug 23 12:50:46 master-fr-par-1 systemd[1]: Started chrony, an NTP client/server.
Aug 23 12:50:46 master-fr-par-1 scw-signal-state[601]: booted signal sent!
Aug 23 12:50:46 master-fr-par-1 systemd[1]: scw-signal-booted.service: Succeeded.
Aug 23 12:50:46 master-fr-par-1 systemd[1]: Started SCW signal successful boot.
Aug 23 12:50:46 master-fr-par-1 systemd[1]: scw-set-hostname.service: Succeeded.
Aug 23 12:50:46 master-fr-par-1 systemd[1]: Started SCW set hostname from metadata on first boot.
Aug 23 12:50:46 master-fr-par-1 systemd[1]: Condition check resulted in Generate ssh host keys being skipped.
Aug 23 12:50:46 master-fr-par-1 systemd[1]: scw-fetch-ssh-keys.service: Succeeded.
Aug 23 12:50:46 master-fr-par-1 systemd[1]: Started SCW fetch ssh keys from metadata.
Aug 23 12:50:46 master-fr-par-1 systemd[1]: Starting OpenBSD Secure Shell server...
Aug 23 12:50:46 master-fr-par-1 systemd[1]: Started OpenBSD Secure Shell server.
Aug 23 12:50:46 master-fr-par-1 systemd[1]: Reached target Multi-User System.
Aug 23 12:50:46 master-fr-par-1 systemd[1]: Reached target Graphical Interface.
Aug 23 12:50:46 master-fr-par-1 systemd[1]: Starting Update UTMP about System Runlevel Changes...
Aug 23 12:50:46 master-fr-par-1 systemd[1]: systemd-update-utmp-runlevel.service: Succeeded.
Aug 23 12:50:46 master-fr-par-1 systemd[1]: Started Update UTMP about System Runlevel Changes.
Aug 23 12:50:46 master-fr-par-1 cloud-init[609]: Cloud-init v. 20.2 running 'modules:config' at Tue, 23 Aug 2022 12:50:46 +0000. Up 10.76 seconds.
Aug 23 12:50:47 master-fr-par-1 systemd[1]: Started Apply the settings specified in cloud-config.
Aug 23 12:50:47 master-fr-par-1 systemd[1]: Starting Execute cloud user/final scripts...
Aug 23 12:50:47 master-fr-par-1 cloud-init[729]: net.core.rmem_max = 16777216
Aug 23 12:50:47 master-fr-par-1 cloud-init[729]: net.core.wmem_max = 16777216
Aug 23 12:50:47 master-fr-par-1 cloud-init[729]: net.ipv4.tcp_rmem = 4096 87380 16777216
Aug 23 12:50:47 master-fr-par-1 cloud-init[729]: net.ipv4.tcp_wmem = 4096 87380 16777216
Aug 23 12:50:47 master-fr-par-1 cloud-init[729]: == nodeup node config starting ==
Aug 23 12:50:47 master-fr-par-1 cloud-init[729]: Attempting download with: curl -f --compressed -Lo nodeup --connect-timeout 20 --retry 6 --retry-delay 10 {url}
Aug 23 12:50:47 master-fr-par-1 cloud-init[729]:   % Total    % Received % Xferd  Average Speed   Time    Time     Time  Current
Aug 23 12:50:47 master-fr-par-1 cloud-init[729]:                                  Dload  Upload   Total   Spent    Left  Speed
Aug 23 12:50:49 master-fr-par-1 dhclient[647]: DHCPOFFER of 192.168.1.97 from 192.168.1.1
Aug 23 12:50:49 master-fr-par-1 scw-vpc-ifup[596]: DHCPOFFER of 192.168.1.97 from 192.168.1.1
Aug 23 12:50:49 master-fr-par-1 scw-vpc-ifup[596]: DHCPREQUEST for 192.168.1.97 on ens5 to 255.255.255.255 port 67
Aug 23 12:50:49 master-fr-par-1 dhclient[647]: DHCPREQUEST for 192.168.1.97 on ens5 to 255.255.255.255 port 67
Aug 23 12:50:49 master-fr-par-1 dhclient[647]: DHCPACK of 192.168.1.97 from 192.168.1.1
Aug 23 12:50:49 master-fr-par-1 scw-vpc-ifup[596]: DHCPACK of 192.168.1.97 from 192.168.1.1
Aug 23 12:50:49 master-fr-par-1 cloud-init[729]: #015  0     0    0     0    0     0      0      0 --:--:-- --:--:-- --:--:--     0#015  0     0    0     0    0     0      0      0 --:--:-- --:--:-- --:--:--     0#015 47  125M   47 60.2M    0     0  59.2M      0  0:00:02  0:00:01  0:00:01 59.2M#015100  125M  100  125M    0     0  79.5M      0  0:00:01  0:00:01 --:--:-- 79.5M
Aug 23 12:50:49 master-fr-par-1 dhclient[647]: bound to 192.168.1.97 -- renewal in 2664 seconds.
Aug 23 12:50:49 master-fr-par-1 scw-vpc-ifup[596]: bound to 192.168.1.97 -- renewal in 2664 seconds.
Aug 23 12:50:49 master-fr-par-1 systemd[1]: Started Automatic configuration for Scaleway private network.
Aug 23 12:50:49 master-fr-par-1 cloud-init[729]: == Downloaded https://s3.fr-par.scw.cloud/kops-binaries/kops/1.25.0-alpha.2/linux/amd64/nodeup (SHA256 = 8e223c53dc1b9a452a53af75c061fadfd7c6595bda09ff2c32b7bf71646be132) ==
Aug 23 12:50:49 master-fr-par-1 cloud-init[729]: Running nodeup
Aug 23 12:50:50 master-fr-par-1 cloud-init[729]: nodeup version 1.25.0-alpha.2 (git-v1.25.0-alpha.2-118-g343fa277af)
Aug 23 12:50:50 master-fr-par-1 cloud-init[729]: I0823 12:50:50.157891     842 install.go:194] Built service manifest "kops-configuration.service"
Aug 23 12:50:50 master-fr-par-1 cloud-init[729]: [Unit]
Aug 23 12:50:50 master-fr-par-1 cloud-init[729]: Description=Run kOps bootstrap (nodeup)
Aug 23 12:50:50 master-fr-par-1 cloud-init[729]: Documentation=https://github.com/kubernetes/kops
Aug 23 12:50:50 master-fr-par-1 cloud-init[729]: [Service]
Aug 23 12:50:50 master-fr-par-1 cloud-init[729]: EnvironmentFile=/etc/sysconfig/kops-configuration
Aug 23 12:50:50 master-fr-par-1 cloud-init[729]: EnvironmentFile=/etc/environment
Aug 23 12:50:50 master-fr-par-1 cloud-init[729]: ExecStart=/opt/kops/bin/nodeup --conf=/opt/kops/conf/kube_env.yaml --v=8
Aug 23 12:50:50 master-fr-par-1 cloud-init[729]: Type=oneshot
Aug 23 12:50:50 master-fr-par-1 cloud-init[729]: [Install]
Aug 23 12:50:50 master-fr-par-1 cloud-init[729]: WantedBy=multi-user.target
Aug 23 12:50:50 master-fr-par-1 cloud-init[729]: I0823 12:50:50.158026     842 install.go:62] No package task found; won't update packages
Aug 23 12:50:50 master-fr-par-1 cloud-init[729]: I0823 12:50:50.158476     842 topological_sort.go:71] Dependencies:
Aug 23 12:50:50 master-fr-par-1 cloud-init[729]: I0823 12:50:50.158497     842 topological_sort.go:73] #011File//etc/sysconfig/kops-configuration:#011[]
Aug 23 12:50:50 master-fr-par-1 cloud-init[729]: I0823 12:50:50.158507     842 topological_sort.go:73] #011Service/kops-configuration.service:#011[File//etc/sysconfig/kops-configuration]
Aug 23 12:50:50 master-fr-par-1 cloud-init[729]: I0823 12:50:50.158539     842 executor.go:111] Tasks: 0 done / 2 total; 1 can run
Aug 23 12:50:50 master-fr-par-1 cloud-init[729]: I0823 12:50:50.158597     842 executor.go:186] Executing task "File//etc/sysconfig/kops-configuration": File: "/etc/sysconfig/kops-configuration"
Aug 23 12:50:50 master-fr-par-1 cloud-init[729]: I0823 12:50:50.158906     842 files.go:57] Writing file "/etc/sysconfig/kops-configuration"
Aug 23 12:50:50 master-fr-par-1 cloud-init[729]: I0823 12:50:50.159032     842 files.go:113] Changing file mode for "/etc/sysconfig/kops-configuration" to -rw-r--r--
Aug 23 12:50:50 master-fr-par-1 cloud-init[729]: I0823 12:50:50.159075     842 executor.go:111] Tasks: 1 done / 2 total; 1 can run
Aug 23 12:50:50 master-fr-par-1 cloud-init[729]: I0823 12:50:50.159102     842 executor.go:186] Executing task "Service/kops-configuration.service": Service: kops-configuration.service
Aug 23 12:50:50 master-fr-par-1 cloud-init[729]: I0823 12:50:50.159245     842 changes.go:81] Field changed "Definition" actual="<nil>" expected="[Unit]\nDescription=Run kOps bootstrap (nodeup)\nDocumentation=https://github.com/kubernetes/kops\n\n[Service]\nEnvironmentFile=/etc/sysconfig/kops-configuration\nEnvironmentFile=/etc/environment\nExecStart=/opt/kops/bin/nodeup --conf=/opt/kops/conf/kube_env.yaml --v=8\nType=oneshot\n\n[Install]\nWantedBy=multi-user.target\n"
Aug 23 12:50:50 master-fr-par-1 cloud-init[729]: I0823 12:50:50.159282     842 changes.go:81] Field changed "Running" actual="false" expected="true"
Aug 23 12:50:50 master-fr-par-1 cloud-init[729]: I0823 12:50:50.159300     842 changes.go:81] Field changed "Enabled" actual="<nil>" expected="true"
Aug 23 12:50:50 master-fr-par-1 cloud-init[729]: I0823 12:50:50.159313     842 changes.go:81] Field changed "ManageState" actual="<nil>" expected="true"
Aug 23 12:50:50 master-fr-par-1 cloud-init[729]: I0823 12:50:50.159326     842 changes.go:81] Field changed "SmartRestart" actual="<nil>" expected="true"
Aug 23 12:50:50 master-fr-par-1 cloud-init[729]: I0823 12:50:50.159434     842 files.go:57] Writing file "/lib/systemd/system/kops-configuration.service"
Aug 23 12:50:50 master-fr-par-1 cloud-init[729]: I0823 12:50:50.159561     842 files.go:113] Changing file mode for "/lib/systemd/system/kops-configuration.service" to -rw-r--r--
Aug 23 12:50:50 master-fr-par-1 cloud-init[729]: I0823 12:50:50.159606     842 service.go:287] Reloading systemd configuration
Aug 23 12:50:50 master-fr-par-1 systemd[1]: Reloading.
Aug 23 12:50:50 master-fr-par-1 systemd[1]: serial-getty@ttyS0.service: Current command vanished from the unit file, execution of the command list won't be resumed.
Aug 23 12:50:50 master-fr-par-1 systemd[1]: getty@tty1.service: Current command vanished from the unit file, execution of the command list won't be resumed.
Aug 23 12:50:50 master-fr-par-1 cloud-init[729]: I0823 12:50:50.371397     842 service.go:350] Restarting service "kops-configuration.service"
Aug 23 12:50:50 master-fr-par-1 systemd[1]: Starting Run kOps bootstrap (nodeup)...
Aug 23 12:50:50 master-fr-par-1 nodeup[870]: nodeup version 1.25.0-alpha.2 (git-v1.25.0-alpha.2-118-g343fa277af)
Aug 23 12:50:50 master-fr-par-1 nodeup[870]: I0823 12:50:50.463772     870 s3context.go:90] Found S3_ENDPOINT="https://s3.fr-par.scw.cloud", using as non-AWS S3 backend
Aug 23 12:50:50 master-fr-par-1 nodeup[870]: I0823 12:50:50.465043     870 s3fs.go:329] Reading file "scw://kops-state-store-test/kops.scaleway-terraform.com/cluster-completed.spec"
Aug 23 12:50:50 master-fr-par-1 nodeup[870]: I0823 12:50:50.727502     870 s3fs.go:329] Reading file "scw://kops-state-store-test/kops.scaleway-terraform.com/igconfig/master/master-fr-par-1/nodeupconfig.yaml"
Aug 23 12:50:50 master-fr-par-1 nodeup[870]: ***** adding asset [da575ceb7c44fddbe7d2514c16798f39f8c10e54b5dbef3bcee5ac547637db11@https://storage.googleapis.com/kubernetes-release/release/v1.24.3/bin/linux/amd64/kubelet]I0823 12:50:50.842394     870 http.go:82] Downloading "https://storage.googleapis.com/kubernetes-release/release/v1.24.3/bin/linux/amd64/kubelet"
Aug 23 12:50:51 master-fr-par-1 chronyd[623]: Selected source 10.194.3.3
Aug 23 12:50:52 master-fr-par-1 nodeup[870]: I0823 12:50:52.438076     870 http.go:126] Copying "https://storage.googleapis.com/kubernetes-release/release/v1.24.3/bin/linux/amd64/kubelet" to "/var/cache/nodeup/sha256:da575ceb7c44fddbe7d2514c16798f39f8c10e54b5dbef3bcee5ac547637db11_kubelet" took "2.173s"
Aug 23 12:50:52 master-fr-par-1 nodeup[870]: I0823 12:50:52.971965     870 files.go:133] Hash matched for "/var/cache/nodeup/sha256:da575ceb7c44fddbe7d2514c16798f39f8c10e54b5dbef3bcee5ac547637db11_kubelet": sha256:da575ceb7c44fddbe7d2514c16798f39f8c10e54b5dbef3bcee5ac547637db11
Aug 23 12:50:52 master-fr-par-1 nodeup[870]: I0823 12:50:52.972495     870 assetstore.go:272] added asset "kubelet" for &{"/var/cache/nodeup/sha256:da575ceb7c44fddbe7d2514c16798f39f8c10e54b5dbef3bcee5ac547637db11_kubelet"}
Aug 23 12:50:52 master-fr-par-1 nodeup[870]: ***** adding asset [8a45348bdaf81d46caf1706c8bf95b3f431150554f47d444ffde89e8cdd712c1@https://storage.googleapis.com/kubernetes-release/release/v1.24.3/bin/linux/amd64/kubectl]I0823 12:50:52.973173     870 http.go:82] Downloading "https://storage.googleapis.com/kubernetes-release/release/v1.24.3/bin/linux/amd64/kubectl"
Aug 23 12:50:53 master-fr-par-1 nodeup[870]: I0823 12:50:53.633906     870 http.go:126] Copying "https://storage.googleapis.com/kubernetes-release/release/v1.24.3/bin/linux/amd64/kubectl" to "/var/cache/nodeup/sha256:8a45348bdaf81d46caf1706c8bf95b3f431150554f47d444ffde89e8cdd712c1_kubectl" took "2.736s"
Aug 23 12:50:53 master-fr-par-1 chronyd[623]: Selected source 176.137.36.37
Aug 23 12:50:53 master-fr-par-1 nodeup[870]: I0823 12:50:53.815222     870 files.go:133] Hash matched for "/var/cache/nodeup/sha256:8a45348bdaf81d46caf1706c8bf95b3f431150554f47d444ffde89e8cdd712c1_kubectl": sha256:8a45348bdaf81d46caf1706c8bf95b3f431150554f47d444ffde89e8cdd712c1
Aug 23 12:50:53 master-fr-par-1 nodeup[870]: I0823 12:50:53.815338     870 assetstore.go:272] added asset "kubectl" for &{"/var/cache/nodeup/sha256:8a45348bdaf81d46caf1706c8bf95b3f431150554f47d444ffde89e8cdd712c1_kubectl"}
Aug 23 12:50:53 master-fr-par-1 nodeup[870]: ***** adding asset [962100bbc4baeaaa5748cdbfce941f756b1531c2eadb290129401498bfac21e7@https://storage.googleapis.com/k8s-artifacts-cni/release/v0.9.1/cni-plugins-linux-amd64-v0.9.1.tgz]I0823 12:50:53.815540     870 http.go:82] Downloading "https://storage.googleapis.com/k8s-artifacts-cni/release/v0.9.1/cni-plugins-linux-amd64-v0.9.1.tgz"
Aug 23 12:50:54 master-fr-par-1 nodeup[870]: I0823 12:50:54.278896     870 http.go:126] Copying "https://storage.googleapis.com/k8s-artifacts-cni/release/v0.9.1/cni-plugins-linux-amd64-v0.9.1.tgz" to "/var/cache/nodeup/sha256:962100bbc4baeaaa5748cdbfce941f756b1531c2eadb290129401498bfac21e7_cni-plugins-linux-amd64-v0_9_1_tgz" took "2.034s"
Aug 23 12:50:54 master-fr-par-1 nodeup[870]: I0823 12:50:54.453533     870 files.go:133] Hash matched for "/var/cache/nodeup/sha256:962100bbc4baeaaa5748cdbfce941f756b1531c2eadb290129401498bfac21e7_cni-plugins-linux-amd64-v0_9_1_tgz": sha256:962100bbc4baeaaa5748cdbfce941f756b1531c2eadb290129401498bfac21e7
Aug 23 12:50:54 master-fr-par-1 nodeup[870]: I0823 12:50:54.453616     870 assetstore.go:272] added asset "cni-plugins-linux-amd64-v0.9.1.tgz" for &{"/var/cache/nodeup/sha256:962100bbc4baeaaa5748cdbfce941f756b1531c2eadb290129401498bfac21e7_cni-plugins-linux-amd64-v0_9_1_tgz"}
Aug 23 12:50:54 master-fr-par-1 nodeup[870]: I0823 12:50:54.453864     870 assetstore.go:301] running extract command [tar zxf /var/cache/nodeup/sha256:962100bbc4baeaaa5748cdbfce941f756b1531c2eadb290129401498bfac21e7_cni-plugins-linux-amd64-v0_9_1_tgz -C /var/cache/nodeup/extracted/sha256:962100bbc4baeaaa5748cdbfce941f756b1531c2eadb290129401498bfac21e7_cni-plugins-linux-amd64-v0_9_1_tgz.tmp-1661259054453675019]
Aug 23 12:50:55 master-fr-par-1 nodeup[870]: I0823 12:50:55.602685     870 assetstore.go:340] added asset "bandwidth" for &{"/var/cache/nodeup/extracted/sha256:962100bbc4baeaaa5748cdbfce941f756b1531c2eadb290129401498bfac21e7_cni-plugins-linux-amd64-v0_9_1_tgz/bandwidth"}
Aug 23 12:50:55 master-fr-par-1 nodeup[870]: I0823 12:50:55.602812     870 assetstore.go:340] added asset "bridge" for &{"/var/cache/nodeup/extracted/sha256:962100bbc4baeaaa5748cdbfce941f756b1531c2eadb290129401498bfac21e7_cni-plugins-linux-amd64-v0_9_1_tgz/bridge"}
Aug 23 12:50:55 master-fr-par-1 nodeup[870]: I0823 12:50:55.602938     870 assetstore.go:340] added asset "dhcp" for &{"/var/cache/nodeup/extracted/sha256:962100bbc4baeaaa5748cdbfce941f756b1531c2eadb290129401498bfac21e7_cni-plugins-linux-amd64-v0_9_1_tgz/dhcp"}
Aug 23 12:50:55 master-fr-par-1 nodeup[870]: I0823 12:50:55.602985     870 assetstore.go:340] added asset "firewall" for &{"/var/cache/nodeup/extracted/sha256:962100bbc4baeaaa5748cdbfce941f756b1531c2eadb290129401498bfac21e7_cni-plugins-linux-amd64-v0_9_1_tgz/firewall"}
Aug 23 12:50:55 master-fr-par-1 nodeup[870]: I0823 12:50:55.603018     870 assetstore.go:340] added asset "flannel" for &{"/var/cache/nodeup/extracted/sha256:962100bbc4baeaaa5748cdbfce941f756b1531c2eadb290129401498bfac21e7_cni-plugins-linux-amd64-v0_9_1_tgz/flannel"}
Aug 23 12:50:55 master-fr-par-1 nodeup[870]: I0823 12:50:55.603073     870 assetstore.go:340] added asset "host-device" for &{"/var/cache/nodeup/extracted/sha256:962100bbc4baeaaa5748cdbfce941f756b1531c2eadb290129401498bfac21e7_cni-plugins-linux-amd64-v0_9_1_tgz/host-device"}
Aug 23 12:50:55 master-fr-par-1 nodeup[870]: I0823 12:50:55.603156     870 assetstore.go:340] added asset "host-local" for &{"/var/cache/nodeup/extracted/sha256:962100bbc4baeaaa5748cdbfce941f756b1531c2eadb290129401498bfac21e7_cni-plugins-linux-amd64-v0_9_1_tgz/host-local"}
Aug 23 12:50:55 master-fr-par-1 nodeup[870]: I0823 12:50:55.603203     870 assetstore.go:340] added asset "ipvlan" for &{"/var/cache/nodeup/extracted/sha256:962100bbc4baeaaa5748cdbfce941f756b1531c2eadb290129401498bfac21e7_cni-plugins-linux-amd64-v0_9_1_tgz/ipvlan"}
Aug 23 12:50:55 master-fr-par-1 nodeup[870]: I0823 12:50:55.603240     870 assetstore.go:340] added asset "loopback" for &{"/var/cache/nodeup/extracted/sha256:962100bbc4baeaaa5748cdbfce941f756b1531c2eadb290129401498bfac21e7_cni-plugins-linux-amd64-v0_9_1_tgz/loopback"}
Aug 23 12:50:55 master-fr-par-1 nodeup[870]: I0823 12:50:55.603275     870 assetstore.go:340] added asset "macvlan" for &{"/var/cache/nodeup/extracted/sha256:962100bbc4baeaaa5748cdbfce941f756b1531c2eadb290129401498bfac21e7_cni-plugins-linux-amd64-v0_9_1_tgz/macvlan"}
Aug 23 12:50:55 master-fr-par-1 nodeup[870]: I0823 12:50:55.603306     870 assetstore.go:340] added asset "portmap" for &{"/var/cache/nodeup/extracted/sha256:962100bbc4baeaaa5748cdbfce941f756b1531c2eadb290129401498bfac21e7_cni-plugins-linux-amd64-v0_9_1_tgz/portmap"}
Aug 23 12:50:55 master-fr-par-1 nodeup[870]: I0823 12:50:55.603464     870 assetstore.go:340] added asset "ptp" for &{"/var/cache/nodeup/extracted/sha256:962100bbc4baeaaa5748cdbfce941f756b1531c2eadb290129401498bfac21e7_cni-plugins-linux-amd64-v0_9_1_tgz/ptp"}
Aug 23 12:50:55 master-fr-par-1 nodeup[870]: I0823 12:50:55.603540     870 assetstore.go:340] added asset "sbr" for &{"/var/cache/nodeup/extracted/sha256:962100bbc4baeaaa5748cdbfce941f756b1531c2eadb290129401498bfac21e7_cni-plugins-linux-amd64-v0_9_1_tgz/sbr"}
Aug 23 12:50:55 master-fr-par-1 nodeup[870]: I0823 12:50:55.603582     870 assetstore.go:340] added asset "static" for &{"/var/cache/nodeup/extracted/sha256:962100bbc4baeaaa5748cdbfce941f756b1531c2eadb290129401498bfac21e7_cni-plugins-linux-amd64-v0_9_1_tgz/static"}
Aug 23 12:50:55 master-fr-par-1 nodeup[870]: I0823 12:50:55.603617     870 assetstore.go:340] added asset "tuning" for &{"/var/cache/nodeup/extracted/sha256:962100bbc4baeaaa5748cdbfce941f756b1531c2eadb290129401498bfac21e7_cni-plugins-linux-amd64-v0_9_1_tgz/tuning"}
Aug 23 12:50:55 master-fr-par-1 nodeup[870]: I0823 12:50:55.603658     870 assetstore.go:340] added asset "vlan" for &{"/var/cache/nodeup/extracted/sha256:962100bbc4baeaaa5748cdbfce941f756b1531c2eadb290129401498bfac21e7_cni-plugins-linux-amd64-v0_9_1_tgz/vlan"}
Aug 23 12:50:55 master-fr-par-1 nodeup[870]: I0823 12:50:55.603687     870 assetstore.go:340] added asset "vrf" for &{"/var/cache/nodeup/extracted/sha256:962100bbc4baeaaa5748cdbfce941f756b1531c2eadb290129401498bfac21e7_cni-plugins-linux-amd64-v0_9_1_tgz/vrf"}
Aug 23 12:50:55 master-fr-par-1 nodeup[870]: ***** adding asset [3a1322c18ee5ff4b9bd5af6b7b30c923a3eab8af1df05554f530ef8e2b24ac5e@https://github.com/containerd/containerd/releases/download/v1.6.8/containerd-1.6.8-linux-amd64.tar.gz]I0823 12:50:55.603930     870 http.go:82] Downloading "https://github.com/containerd/containerd/releases/download/v1.6.8/containerd-1.6.8-linux-amd64.tar.gz"
Aug 23 12:50:57 master-fr-par-1 nodeup[870]: I0823 12:50:57.654671     870 http.go:126] Copying "https://github.com/containerd/containerd/releases/download/v1.6.8/containerd-1.6.8-linux-amd64.tar.gz" to "/var/cache/nodeup/sha256:3a1322c18ee5ff4b9bd5af6b7b30c923a3eab8af1df05554f530ef8e2b24ac5e_containerd-1_6_8-linux-amd64_tar_gz" took "1.984s"
Aug 23 12:50:57 master-fr-par-1 nodeup[870]: I0823 12:50:57.879870     870 files.go:133] Hash matched for "/var/cache/nodeup/sha256:3a1322c18ee5ff4b9bd5af6b7b30c923a3eab8af1df05554f530ef8e2b24ac5e_containerd-1_6_8-linux-amd64_tar_gz": sha256:3a1322c18ee5ff4b9bd5af6b7b30c923a3eab8af1df05554f530ef8e2b24ac5e
Aug 23 12:50:57 master-fr-par-1 nodeup[870]: I0823 12:50:57.880484     870 assetstore.go:272] added asset "containerd-1.6.8-linux-amd64.tar.gz" for &{"/var/cache/nodeup/sha256:3a1322c18ee5ff4b9bd5af6b7b30c923a3eab8af1df05554f530ef8e2b24ac5e_containerd-1_6_8-linux-amd64_tar_gz"}
Aug 23 12:50:57 master-fr-par-1 nodeup[870]: I0823 12:50:57.881049     870 assetstore.go:301] running extract command [tar zxf /var/cache/nodeup/sha256:3a1322c18ee5ff4b9bd5af6b7b30c923a3eab8af1df05554f530ef8e2b24ac5e_containerd-1_6_8-linux-amd64_tar_gz -C /var/cache/nodeup/extracted/sha256:3a1322c18ee5ff4b9bd5af6b7b30c923a3eab8af1df05554f530ef8e2b24ac5e_containerd-1_6_8-linux-amd64_tar_gz.tmp-1661259057880876112]
Aug 23 12:51:00 master-fr-par-1 nodeup[870]: I0823 12:51:00.077614     870 assetstore.go:340] added asset "containerd" for &{"/var/cache/nodeup/extracted/sha256:3a1322c18ee5ff4b9bd5af6b7b30c923a3eab8af1df05554f530ef8e2b24ac5e_containerd-1_6_8-linux-amd64_tar_gz/bin/containerd"}
Aug 23 12:51:00 master-fr-par-1 nodeup[870]: I0823 12:51:00.077689     870 assetstore.go:340] added asset "containerd-shim" for &{"/var/cache/nodeup/extracted/sha256:3a1322c18ee5ff4b9bd5af6b7b30c923a3eab8af1df05554f530ef8e2b24ac5e_containerd-1_6_8-linux-amd64_tar_gz/bin/containerd-shim"}
Aug 23 12:51:00 master-fr-par-1 nodeup[870]: I0823 12:51:00.077725     870 assetstore.go:340] added asset "containerd-shim-runc-v1" for &{"/var/cache/nodeup/extracted/sha256:3a1322c18ee5ff4b9bd5af6b7b30c923a3eab8af1df05554f530ef8e2b24ac5e_containerd-1_6_8-linux-amd64_tar_gz/bin/containerd-shim-runc-v1"}
Aug 23 12:51:00 master-fr-par-1 nodeup[870]: I0823 12:51:00.077773     870 assetstore.go:340] added asset "containerd-shim-runc-v2" for &{"/var/cache/nodeup/extracted/sha256:3a1322c18ee5ff4b9bd5af6b7b30c923a3eab8af1df05554f530ef8e2b24ac5e_containerd-1_6_8-linux-amd64_tar_gz/bin/containerd-shim-runc-v2"}
Aug 23 12:51:00 master-fr-par-1 nodeup[870]: I0823 12:51:00.077817     870 assetstore.go:340] added asset "containerd-stress" for &{"/var/cache/nodeup/extracted/sha256:3a1322c18ee5ff4b9bd5af6b7b30c923a3eab8af1df05554f530ef8e2b24ac5e_containerd-1_6_8-linux-amd64_tar_gz/bin/containerd-stress"}
Aug 23 12:51:00 master-fr-par-1 nodeup[870]: I0823 12:51:00.077848     870 assetstore.go:340] added asset "ctr" for &{"/var/cache/nodeup/extracted/sha256:3a1322c18ee5ff4b9bd5af6b7b30c923a3eab8af1df05554f530ef8e2b24ac5e_containerd-1_6_8-linux-amd64_tar_gz/bin/ctr"}
Aug 23 12:51:00 master-fr-par-1 nodeup[870]: ***** adding asset [6e8b24be90fffce6b025d254846da9d2ca6d65125f9139b6354bab0272253d01@https://github.com/opencontainers/runc/releases/download/v1.1.3/runc.amd64]I0823 12:51:00.077955     870 http.go:82] Downloading "https://github.com/opencontainers/runc/releases/download/v1.1.3/runc.amd64"
Aug 23 12:51:00 master-fr-par-1 nodeup[870]: I0823 12:51:00.318196     870 http.go:126] Copying "https://github.com/opencontainers/runc/releases/download/v1.1.3/runc.amd64" to "/var/cache/nodeup/sha256:6e8b24be90fffce6b025d254846da9d2ca6d65125f9139b6354bab0272253d01_runc_amd64" took "2.425s"
Aug 23 12:51:00 master-fr-par-1 nodeup[870]: I0823 12:51:00.356294     870 files.go:133] Hash matched for "/var/cache/nodeup/sha256:6e8b24be90fffce6b025d254846da9d2ca6d65125f9139b6354bab0272253d01_runc_amd64": sha256:6e8b24be90fffce6b025d254846da9d2ca6d65125f9139b6354bab0272253d01
Aug 23 12:51:00 master-fr-par-1 nodeup[870]: I0823 12:51:00.357375     870 assetstore.go:272] added asset "runc.amd64" for &{"/var/cache/nodeup/sha256:6e8b24be90fffce6b025d254846da9d2ca6d65125f9139b6354bab0272253d01_runc_amd64"}
Aug 23 12:51:00 master-fr-par-1 nodeup[870]: ***** adding asset [808c2a5f7bccd6724ece915b5db2af8e617be62737aa91102a4f5579729a5455@https://s3.fr-par.scw.cloud/kops-binaries/kops/1.25.0-alpha.2/linux/amd64/protokube]I0823 12:51:00.357545     870 http.go:82] Downloading "https://s3.fr-par.scw.cloud/kops-binaries/kops/1.25.0-alpha.2/linux/amd64/protokube"
