➜  kops git:(scw_init_and_dns) ✗ ssh root@212.47.228.232 -p 2022
^C
➜  kops git:(scw_init_and_dns) ✗ ssh root@212.47.228.232 -p 2022
^[[1;5Cssh: connect to host 212.47.228.232 port 2022: Connection timed out
➜  kops git:(scw_init_and_dns) ✗ ssh root@212.47.228.232 -p 2022
ssh: connect to host 212.47.228.232 port 2022: Connection timed out
➜  kops git:(scw_init_and_dns) ✗ ssh root@51.15.199.105 -p 2022
The authenticity of host '[51.15.199.105]:2022 ([51.15.199.105]:2022)' can't be established.
ED25519 key fingerprint is SHA256:Sbmtu7FHeiGbiRc8/plbUNYgTsHV3X4BGRHJIOEjLPY.
This key is not known by any other names
Are you sure you want to continue connecting (yes/no/[fingerprint])? yes
Warning: Permanently added '[51.15.199.105]:2022' (ED25519) to the list of known hosts.
Linux master-fr-par-1.masters.kops.scaleway-terraform.com 5.10.103-scaleway #4 SMP Wed May 4 09:27:37 UTC 2022 x86_64

The programs included with the Debian GNU/Linux system are free software;
the exact distribution terms for each program are described in the
individual files in /usr/share/doc/*/copyright.

Debian GNU/Linux comes with ABSOLUTELY NO WARRANTY, to the extent
permitted by applicable law.
root@master-fr-par-1:~# cat /var/log/syslog 
Aug 22 15:20:56 master-fr-par-1 systemd-growfs[246]: Partition size 39865765376 is not a multiple of the blocksize 4096, ignoring 3584 bytes
Aug 22 15:20:56 master-fr-par-1 kernel: [    0.000000] Linux version 5.10.103-scaleway (root@build-debian-kernel) (gcc (Debian 8.3.0-6) 8.3.0, GNU ld (GNU Binutils for Debian) 2.31.1) #4 SMP Wed May 4 09:27:37 UTC 2022
Aug 22 15:20:56 master-fr-par-1 kernel: [    0.000000] Command line: BOOT_IMAGE=/boot/vmlinuz-5.10.103-scaleway root=UUID=e5f37558-518e-4804-8f59-fc858d32ac21 ro console=tty0 console=ttyS0,115200 earlyprintk=ttyS0,115200 scsi_mod.use_blk_mq=Y
Aug 22 15:20:56 master-fr-par-1 kernel: [    0.000000] x86/fpu: Supporting XSAVE feature 0x001: 'x87 floating point registers'
Aug 22 15:20:56 master-fr-par-1 kernel: [    0.000000] x86/fpu: Supporting XSAVE feature 0x002: 'SSE registers'
Aug 22 15:20:56 master-fr-par-1 kernel: [    0.000000] x86/fpu: Supporting XSAVE feature 0x004: 'AVX registers'
Aug 22 15:20:56 master-fr-par-1 kernel: [    0.000000] x86/fpu: xstate_offset[2]:  576, xstate_sizes[2]:  256
Aug 22 15:20:56 master-fr-par-1 kernel: [    0.000000] x86/fpu: Enabled xstate features 0x7, context size is 832 bytes, using 'standard' format.
Aug 22 15:20:56 master-fr-par-1 kernel: [    0.000000] BIOS-provided physical RAM map:
Aug 22 15:20:56 master-fr-par-1 systemd-sysusers[245]: Creating group systemd-coredump with gid 999.
Aug 22 15:20:56 master-fr-par-1 kernel: [    0.000000] BIOS-e820: [mem 0x0000000000000000-0x000000000009ffff] usable
Aug 22 15:20:56 master-fr-par-1 systemd-sysusers[245]: Creating user systemd-coredump (systemd Core Dumper) with uid 999 and gid 999.
Aug 22 15:20:56 master-fr-par-1 kernel: [    0.000000] BIOS-e820: [mem 0x0000000000100000-0x00000000007fffff] usable
Aug 22 15:20:56 master-fr-par-1 kernel: [    0.000000] BIOS-e820: [mem 0x0000000000800000-0x0000000000807fff] ACPI NVS
Aug 22 15:20:56 master-fr-par-1 kernel: [    0.000000] BIOS-e820: [mem 0x0000000000808000-0x000000000080ffff] usable
Aug 22 15:20:56 master-fr-par-1 kernel: [    0.000000] BIOS-e820: [mem 0x0000000000810000-0x00000000008fffff] ACPI NVS
Aug 22 15:20:56 master-fr-par-1 systemd[1]: Starting Flush Journal to Persistent Storage...
Aug 22 15:20:56 master-fr-par-1 kernel: [    0.000000] BIOS-e820: [mem 0x0000000000900000-0x00000000be8b5fff] usable
Aug 22 15:20:56 master-fr-par-1 systemd[1]: Started Helper to synchronize boot up for ifupdown.
Aug 22 15:20:56 master-fr-par-1 kernel: [    0.000000] BIOS-e820: [mem 0x00000000be8b6000-0x00000000be8c3fff] ACPI NVS
Aug 22 15:20:56 master-fr-par-1 kernel: [    0.000000] BIOS-e820: [mem 0x00000000be8c4000-0x00000000be8dcfff] reserved
Aug 22 15:20:56 master-fr-par-1 kernel: [    0.000000] BIOS-e820: [mem 0x00000000be8dd000-0x00000000be9ecfff] usable
Aug 22 15:20:56 master-fr-par-1 kernel: [    0.000000] BIOS-e820: [mem 0x00000000be9ed000-0x00000000beab4fff] reserved
Aug 22 15:20:56 master-fr-par-1 kernel: [    0.000000] BIOS-e820: [mem 0x00000000beab5000-0x00000000beb1afff] type 20
Aug 22 15:20:56 master-fr-par-1 kernel: [    0.000000] BIOS-e820: [mem 0x00000000beb1b000-0x00000000bfb9afff] usable
Aug 22 15:20:56 master-fr-par-1 systemd[1]: Started Flush Journal to Persistent Storage.
Aug 22 15:20:56 master-fr-par-1 kernel: [    0.000000] BIOS-e820: [mem 0x00000000bfb9b000-0x00000000bfbcafff] type 20
Aug 22 15:20:56 master-fr-par-1 kernel: [    0.000000] BIOS-e820: [mem 0x00000000bfbcb000-0x00000000bfbf2fff] reserved
Aug 22 15:20:56 master-fr-par-1 kernel: [    0.000000] BIOS-e820: [mem 0x00000000bfbf3000-0x00000000bfbfafff] ACPI data
Aug 22 15:20:56 master-fr-par-1 kernel: [    0.000000] BIOS-e820: [mem 0x00000000bfbfb000-0x00000000bfbfefff] ACPI NVS
Aug 22 15:20:56 master-fr-par-1 kernel: [    0.000000] BIOS-e820: [mem 0x00000000bfbff000-0x00000000bff47fff] usable
Aug 22 15:20:56 master-fr-par-1 kernel: [    0.000000] BIOS-e820: [mem 0x00000000bff48000-0x00000000bff67fff] reserved
Aug 22 15:20:56 master-fr-par-1 systemd-growfs[246]: Successfully resized "/" to 37.1G bytes (9732852 blocks of 4096 bytes).
Aug 22 15:20:56 master-fr-par-1 kernel: [    0.000000] BIOS-e820: [mem 0x00000000bff68000-0x00000000bfffffff] ACPI NVS
Aug 22 15:20:56 master-fr-par-1 kernel: [    0.000000] BIOS-e820: [mem 0x00000000ffe00000-0x00000000ffffffff] reserved
Aug 22 15:20:56 master-fr-par-1 kernel: [    0.000000] BIOS-e820: [mem 0x0000000100000000-0x000000013fffffff] usable
Aug 22 15:20:56 master-fr-par-1 kernel: [    0.000000] printk: bootconsole [earlyser0] enabled
Aug 22 15:20:56 master-fr-par-1 kernel: [    0.000000] NX (Execute Disable) protection: active
Aug 22 15:20:56 master-fr-par-1 systemd[1]: Started Grow File System on /.
Aug 22 15:20:56 master-fr-par-1 kernel: [    0.000000] efi: EFI v2.70 by EDK II
Aug 22 15:20:56 master-fr-par-1 kernel: [    0.000000] efi: SMBIOS=0xbfbcb000 ACPI=0xbfbfa000 ACPI 2.0=0xbfbfa014 MEMATTR=0xbec0c698 
Aug 22 15:20:56 master-fr-par-1 systemd[1]: Started Create System Users.
Aug 22 15:20:56 master-fr-par-1 systemd[1]: Starting Create Static Device Nodes in /dev...
Aug 22 15:20:56 master-fr-par-1 systemd[1]: Started Create Static Device Nodes in /dev.
Aug 22 15:20:56 master-fr-par-1 kernel: [    0.000000] secureboot: Secure boot could not be determined (mode 0)
Aug 22 15:20:56 master-fr-par-1 systemd[1]: Starting udev Kernel Device Manager...
Aug 22 15:20:56 master-fr-par-1 kernel: [    0.000000] SMBIOS 2.8 present.
Aug 22 15:20:56 master-fr-par-1 kernel: [    0.000000] DMI: Scaleway SCW-DEV1-M, BIOS 0.0.0 02/06/2015
Aug 22 15:20:56 master-fr-par-1 kernel: [    0.000000] Hypervisor detected: KVM
Aug 22 15:20:56 master-fr-par-1 kernel: [    0.000000] kvm-clock: Using msrs 4b564d01 and 4b564d00
Aug 22 15:20:56 master-fr-par-1 systemd[1]: Reached target Local File Systems (Pre).
Aug 22 15:20:56 master-fr-par-1 kernel: [    0.000000] kvm-clock: cpu 0, msr 9801001, primary cpu clock
Aug 22 15:20:56 master-fr-par-1 kernel: [    0.000001] kvm-clock: using sched offset of 11918402634 cycles
Aug 22 15:20:56 master-fr-par-1 systemd[1]: Started udev Kernel Device Manager.
Aug 22 15:20:56 master-fr-par-1 systemd-udevd[288]: Using default interface naming scheme 'v240'.
Aug 22 15:20:56 master-fr-par-1 systemd-udevd[288]: link_config: autonegotiation is unset or enabled, the speed and duplex are not writable.
Aug 22 15:20:56 master-fr-par-1 kernel: [    0.000609] clocksource: kvm-clock: mask: 0xffffffffffffffff max_cycles: 0x1cd42e4dffb, max_idle_ns: 881590591483 ns
Aug 22 15:20:56 master-fr-par-1 systemd-udevd[270]: Using default interface naming scheme 'v240'.
Aug 22 15:20:56 master-fr-par-1 kernel: [    0.002156] tsc: Detected 2799.998 MHz processor
Aug 22 15:20:56 master-fr-par-1 kernel: [    0.002694] e820: update [mem 0x00000000-0x00000fff] usable ==> reserved
Aug 22 15:20:56 master-fr-par-1 kernel: [    0.002697] e820: remove [mem 0x000a0000-0x000fffff] usable
Aug 22 15:20:56 master-fr-par-1 kernel: [    0.002705] last_pfn = 0x140000 max_arch_pfn = 0x400000000
Aug 22 15:20:56 master-fr-par-1 kernel: [    0.003262] MTRR default type: write-back
Aug 22 15:20:56 master-fr-par-1 systemd-udevd[270]: link_config: autonegotiation is unset or enabled, the speed and duplex are not writable.
Aug 22 15:20:56 master-fr-par-1 kernel: [    0.003264] MTRR fixed ranges enabled:
Aug 22 15:20:56 master-fr-par-1 kernel: [    0.003266]   00000-9FFFF write-back
Aug 22 15:20:56 master-fr-par-1 kernel: [    0.003268]   A0000-FFFFF uncachable
Aug 22 15:20:56 master-fr-par-1 kernel: [    0.003269] MTRR variable ranges enabled:
Aug 22 15:20:56 master-fr-par-1 kernel: [    0.003271]   0 base 00C0000000 mask FFC0000000 uncachable
Aug 22 15:20:56 master-fr-par-1 systemd-udevd[281]: link_config: autonegotiation is unset or enabled, the speed and duplex are not writable.
Aug 22 15:20:56 master-fr-par-1 kernel: [    0.003272]   1 base 0800000000 mask F800000000 uncachable
Aug 22 15:20:56 master-fr-par-1 kernel: [    0.003273]   2 disabled
Aug 22 15:20:56 master-fr-par-1 kernel: [    0.003274]   3 disabled
Aug 22 15:20:56 master-fr-par-1 kernel: [    0.003275]   4 disabled
Aug 22 15:20:56 master-fr-par-1 kernel: [    0.003275]   5 disabled
Aug 22 15:20:56 master-fr-par-1 kernel: [    0.003276]   6 disabled
Aug 22 15:20:56 master-fr-par-1 kernel: [    0.003277]   7 disabled
Aug 22 15:20:56 master-fr-par-1 systemd[1]: Found device /dev/ttyS0.
Aug 22 15:20:56 master-fr-par-1 kernel: [    0.003299] x86/PAT: Configuration [0-7]: WB  WC  UC- UC  WB  WP  UC- WT  
Aug 22 15:20:56 master-fr-par-1 kernel: [    0.004201] last_pfn = 0xbff48 max_arch_pfn = 0x400000000
Aug 22 15:20:56 master-fr-par-1 kernel: [    0.004732] Using GB pages for direct mapping
Aug 22 15:20:56 master-fr-par-1 systemd[1]: Found device /dev/disk/by-uuid/D9F1-4628.
Aug 22 15:20:56 master-fr-par-1 kernel: [    0.006176] RAMDISK: [mem 0x36645000-0x37319fff]
Aug 22 15:20:56 master-fr-par-1 kernel: [    0.006596] ACPI: Early table checksum verification disabled
Aug 22 15:20:56 master-fr-par-1 kernel: [    0.007093] ACPI: RSDP 0x00000000BFBFA014 000024 (v02 BOCHS )
Aug 22 15:20:56 master-fr-par-1 kernel: [    0.007600] ACPI: XSDT 0x00000000BFBF90E8 00003C (v01 BOCHS  BXPCFACP 00000001      01000013)
Aug 22 15:20:56 master-fr-par-1 kernel: [    0.008374] ACPI: FACP 0x00000000BFBF6000 000074 (v01 BOCHS  BXPCFACP 00000001 BXPC 00000001)
Aug 22 15:20:56 master-fr-par-1 kernel: [    0.009137] ACPI: DSDT 0x00000000BFBF7000 001499 (v01 BOCHS  BXPCDSDT 00000001 BXPC 00000001)
Aug 22 15:20:56 master-fr-par-1 kernel: [    0.009998] ACPI: FACS 0x00000000BFBFD000 000040
Aug 22 15:20:56 master-fr-par-1 systemd[1]: Mounting /boot/efi...
Aug 22 15:20:56 master-fr-par-1 kernel: [    0.010436] ACPI: APIC 0x00000000BFBF5000 000088 (v01 BOCHS  BXPCAPIC 00000001 BXPC 00000001)
Aug 22 15:20:56 master-fr-par-1 kernel: [    0.011215] ACPI: HPET 0x00000000BFBF4000 000038 (v01 BOCHS  BXPCHPET 00000001 BXPC 00000001)
Aug 22 15:20:56 master-fr-par-1 kernel: [    0.011980] ACPI: Reserving FACP table memory at [mem 0xbfbf6000-0xbfbf6073]
Aug 22 15:20:56 master-fr-par-1 kernel: [    0.012569] ACPI: Reserving DSDT table memory at [mem 0xbfbf7000-0xbfbf8498]
Aug 22 15:20:56 master-fr-par-1 kernel: [    0.013151] ACPI: Reserving FACS table memory at [mem 0xbfbfd000-0xbfbfd03f]
Aug 22 15:20:56 master-fr-par-1 kernel: [    0.013745] ACPI: Reserving APIC table memory at [mem 0xbfbf5000-0xbfbf5087]
Aug 22 15:20:56 master-fr-par-1 systemd[1]: Condition check resulted in File System Check on Root Device being skipped.
Aug 22 15:20:56 master-fr-par-1 kernel: [    0.014346] ACPI: Reserving HPET table memory at [mem 0xbfbf4000-0xbfbf4037]
Aug 22 15:20:56 master-fr-par-1 kernel: [    0.015016] ACPI: Local APIC address 0xfee00000
Aug 22 15:20:56 master-fr-par-1 kernel: [    0.015157] No NUMA configuration found
Aug 22 15:20:56 master-fr-par-1 kernel: [    0.015511] Faking a node at [mem 0x0000000000000000-0x000000013fffffff]
Aug 22 15:20:56 master-fr-par-1 kernel: [    0.016147] NODE_DATA(0) allocated [mem 0x13ffd4000-0x13fffdfff]
Aug 22 15:20:56 master-fr-par-1 systemd[1]: Condition check resulted in Kernel Configuration File System being skipped.
Aug 22 15:20:56 master-fr-par-1 kernel: [    0.017189] Zone ranges:
Aug 22 15:20:56 master-fr-par-1 kernel: [    0.017424]   DMA      [mem 0x0000000000001000-0x0000000000ffffff]
Aug 22 15:20:56 master-fr-par-1 kernel: [    0.017985]   DMA32    [mem 0x0000000001000000-0x00000000ffffffff]
Aug 22 15:20:56 master-fr-par-1 kernel: [    0.018529]   Normal   [mem 0x0000000100000000-0x000000013fffffff]
Aug 22 15:20:56 master-fr-par-1 systemd[1]: Condition check resulted in Rebuild Hardware Database being skipped.
Aug 22 15:20:56 master-fr-par-1 systemd[1]: Condition check resulted in FUSE Control File System being skipped.
Aug 22 15:20:56 master-fr-par-1 kernel: [    0.019074]   Device   empty
Aug 22 15:20:56 master-fr-par-1 kernel: [    0.019325] Movable zone start for each node
Aug 22 15:20:56 master-fr-par-1 kernel: [    0.019695] Early memory node ranges
Aug 22 15:20:56 master-fr-par-1 kernel: [    0.020014]   node   0: [mem 0x0000000000001000-0x000000000009ffff]
Aug 22 15:20:56 master-fr-par-1 systemd[1]: Condition check resulted in Set Up Additional Binary Formats being skipped.
Aug 22 15:20:56 master-fr-par-1 kernel: [    0.020618]   node   0: [mem 0x0000000000100000-0x00000000007fffff]
Aug 22 15:20:56 master-fr-par-1 kernel: [    0.021234]   node   0: [mem 0x0000000000808000-0x000000000080ffff]
Aug 22 15:20:56 master-fr-par-1 kernel: [    0.021771]   node   0: [mem 0x0000000000900000-0x00000000be8b5fff]
Aug 22 15:20:56 master-fr-par-1 kernel: [    0.022293]   node   0: [mem 0x00000000be8dd000-0x00000000be9ecfff]
Aug 22 15:20:56 master-fr-par-1 kernel: [    0.022838]   node   0: [mem 0x00000000beb1b000-0x00000000bfb9afff]
Aug 22 15:20:56 master-fr-par-1 systemd[1]: Created slice system-scw\x2dvpc\x2diface.slice.
Aug 22 15:20:56 master-fr-par-1 kernel: [    0.023373]   node   0: [mem 0x00000000bfbff000-0x00000000bff47fff]
Aug 22 15:20:56 master-fr-par-1 kernel: [    0.023933]   node   0: [mem 0x0000000100000000-0x000000013fffffff]
Aug 22 15:20:56 master-fr-par-1 kernel: [    0.024506] Initmem setup node 0 [mem 0x0000000000001000-0x000000013fffffff]
Aug 22 15:20:56 master-fr-par-1 systemd[1]: Mounted /boot/efi.
Aug 22 15:20:56 master-fr-par-1 systemd[1]: Reached target Local File Systems.
Aug 22 15:20:56 master-fr-par-1 kernel: [    0.025198] On node 0 totalpages: 1047606
Aug 22 15:20:56 master-fr-par-1 kernel: [    0.025201]   DMA zone: 59 pages used for memmap
Aug 22 15:20:56 master-fr-par-1 systemd[1]: Starting Load AppArmor profiles...
Aug 22 15:20:56 master-fr-par-1 kernel: [    0.025202]   DMA zone: 1815 pages reserved
Aug 22 15:20:56 master-fr-par-1 kernel: [    0.025204]   DMA zone: 3751 pages, LIFO batch:0
Aug 22 15:20:56 master-fr-par-1 systemd[1]: Starting Commit a transient machine-id on disk...
Aug 22 15:20:56 master-fr-par-1 kernel: [    0.025206]   DMA32 zone: 12215 pages used for memmap
Aug 22 15:20:56 master-fr-par-1 kernel: [    0.025207]   DMA32 zone: 781711 pages, LIFO batch:63
Aug 22 15:20:56 master-fr-par-1 kernel: [    0.025208]   Normal zone: 4096 pages used for memmap
Aug 22 15:20:56 master-fr-par-1 kernel: [    0.025209]   Normal zone: 262144 pages, LIFO batch:63
Aug 22 15:20:56 master-fr-par-1 kernel: [    0.026049] On node 0, zone DMA: 1 pages in unavailable ranges
Aug 22 15:20:56 master-fr-par-1 kernel: [    0.026147] On node 0, zone DMA: 96 pages in unavailable ranges
Aug 22 15:20:56 master-fr-par-1 kernel: [    0.026732] On node 0, zone DMA: 8 pages in unavailable ranges
Aug 22 15:20:56 master-fr-par-1 systemd[1]: Starting Create Volatile Files and Directories...
Aug 22 15:20:56 master-fr-par-1 kernel: [    0.027402] On node 0, zone DMA: 240 pages in unavailable ranges
Aug 22 15:20:56 master-fr-par-1 kernel: [    0.160748] On node 0, zone DMA32: 39 pages in unavailable ranges
Aug 22 15:20:56 master-fr-par-1 kernel: [    0.161465] On node 0, zone DMA32: 302 pages in unavailable ranges
Aug 22 15:20:56 master-fr-par-1 kernel: [    0.162063] On node 0, zone DMA32: 100 pages in unavailable ranges
Aug 22 15:20:56 master-fr-par-1 kernel: [    0.164879] On node 0, zone Normal: 184 pages in unavailable ranges
Aug 22 15:20:56 master-fr-par-1 kernel: [    0.165883] ACPI: PM-Timer IO Port: 0xb008
Aug 22 15:20:56 master-fr-par-1 apparmor.systemd[359]: Restarting AppArmor
Aug 22 15:20:56 master-fr-par-1 kernel: [    0.166864] ACPI: Local APIC address 0xfee00000
Aug 22 15:20:56 master-fr-par-1 kernel: [    0.166887] ACPI: LAPIC_NMI (acpi_id[0xff] dfl dfl lint[0x1])
Aug 22 15:20:56 master-fr-par-1 apparmor.systemd[359]: Reloading AppArmor profiles
Aug 22 15:20:56 master-fr-par-1 systemd[1]: Started Create Volatile Files and Directories.
Aug 22 15:20:56 master-fr-par-1 systemd[1]: Condition check resulted in Network Time Synchronization being skipped.
Aug 22 15:20:56 master-fr-par-1 systemd[1]: Starting Update UTMP about System Boot/Shutdown...
Aug 22 15:20:56 master-fr-par-1 systemd[1]: Started Update UTMP about System Boot/Shutdown.
Aug 22 15:20:56 master-fr-par-1 systemd[1]: etc-machine\x2did.mount: Succeeded.
Aug 22 15:20:56 master-fr-par-1 systemd[1]: Started Commit a transient machine-id on disk.
Aug 22 15:20:56 master-fr-par-1 systemd[1]: Started Load AppArmor profiles.
Aug 22 15:20:56 master-fr-par-1 dhclient[384]: Internet Systems Consortium DHCP Client 4.4.1
Aug 22 15:20:56 master-fr-par-1 dhclient[384]: Copyright 2004-2018 Internet Systems Consortium.
Aug 22 15:20:56 master-fr-par-1 dhclient[384]: All rights reserved.
Aug 22 15:20:56 master-fr-par-1 dhclient[384]: For info, please visit https://www.isc.org/software/dhcp/
Aug 22 15:20:56 master-fr-par-1 dhclient[384]: 
Aug 22 15:20:56 master-fr-par-1 dhclient[384]: Listening on LPF/ens2/de:1c:ac:1f:80:1f
Aug 22 15:20:56 master-fr-par-1 dhclient[384]: Sending on   LPF/ens2/de:1c:ac:1f:80:1f
Aug 22 15:20:56 master-fr-par-1 dhclient[384]: Sending on   Socket/fallback
Aug 22 15:20:56 master-fr-par-1 dhclient[384]: DHCPDISCOVER on ens2 to 255.255.255.255 port 67 interval 6
Aug 22 15:20:56 master-fr-par-1 kernel: [    0.167416] IOAPIC[0]: apic_id 0, version 17, address 0xfec00000, GSI 0-23
Aug 22 15:20:56 master-fr-par-1 kernel: [    0.168063] ACPI: INT_SRC_OVR (bus 0 bus_irq 0 global_irq 2 dfl dfl)
Aug 22 15:20:56 master-fr-par-1 kernel: [    0.168666] ACPI: INT_SRC_OVR (bus 0 bus_irq 5 global_irq 5 high level)
Aug 22 15:20:56 master-fr-par-1 kernel: [    0.169232] ACPI: INT_SRC_OVR (bus 0 bus_irq 9 global_irq 9 high level)
Aug 22 15:20:56 master-fr-par-1 kernel: [    0.169834] ACPI: INT_SRC_OVR (bus 0 bus_irq 10 global_irq 10 high level)
Aug 22 15:20:56 master-fr-par-1 dhclient[384]: DHCPOFFER of 10.71.102.61 from 10.71.102.60
Aug 22 15:20:56 master-fr-par-1 dhclient[384]: DHCPREQUEST for 10.71.102.61 on ens2 to 255.255.255.255 port 67
Aug 22 15:20:56 master-fr-par-1 kernel: [    0.170475] ACPI: INT_SRC_OVR (bus 0 bus_irq 11 global_irq 11 high level)
Aug 22 15:20:56 master-fr-par-1 kernel: [    0.171076] ACPI: IRQ0 used by override.
Aug 22 15:20:56 master-fr-par-1 kernel: [    0.171077] ACPI: IRQ5 used by override.
Aug 22 15:20:56 master-fr-par-1 kernel: [    0.171077] ACPI: IRQ9 used by override.
Aug 22 15:20:56 master-fr-par-1 dhclient[384]: DHCPACK of 10.71.102.61 from 10.71.102.60
Aug 22 15:20:56 master-fr-par-1 dhclient[384]: bound to 10.71.102.61 -- renewal in 40849 seconds.
Aug 22 15:20:56 master-fr-par-1 kernel: [    0.171078] ACPI: IRQ10 used by override.
Aug 22 15:20:56 master-fr-par-1 kernel: [    0.171078] ACPI: IRQ11 used by override.
Aug 22 15:20:56 master-fr-par-1 cloud-init[243]: Cloud-init v. 20.2 running 'init-local' at Mon, 22 Aug 2022 15:20:52 +0000. Up 3.31 seconds.
Aug 22 15:20:56 master-fr-par-1 kernel: [    0.171081] Using ACPI (MADT) for SMP configuration information
Aug 22 15:20:56 master-fr-par-1 kernel: [    0.171620] ACPI: HPET id: 0x8086a201 base: 0xfed00000
Aug 22 15:20:56 master-fr-par-1 kernel: [    0.172083] TSC deadline timer available
Aug 22 15:20:56 master-fr-par-1 kernel: [    0.172548] smpboot: Allowing 3 CPUs, 0 hotplug CPUs
Aug 22 15:20:56 master-fr-par-1 systemd[1]: Started Initial cloud-init job (pre-networking).
Aug 22 15:20:56 master-fr-par-1 kernel: [    0.173151] kvm-guest: KVM setup pv remote TLB flush
Aug 22 15:20:56 master-fr-par-1 kernel: [    0.173631] PM: hibernation: Registered nosave memory: [mem 0x00000000-0x00000fff]
Aug 22 15:20:56 master-fr-par-1 kernel: [    0.174264] PM: hibernation: Registered nosave memory: [mem 0x000a0000-0x000fffff]
Aug 22 15:20:56 master-fr-par-1 systemd[1]: Reached target Network (Pre).
Aug 22 15:20:56 master-fr-par-1 systemd[1]: Starting Raise network interfaces...
Aug 22 15:20:56 master-fr-par-1 dhclient[436]: Internet Systems Consortium DHCP Client 4.4.1
Aug 22 15:20:56 master-fr-par-1 ifup[398]: Internet Systems Consortium DHCP Client 4.4.1
Aug 22 15:20:56 master-fr-par-1 ifup[398]: Copyright 2004-2018 Internet Systems Consortium.
Aug 22 15:20:56 master-fr-par-1 kernel: [    0.174924] PM: hibernation: Registered nosave memory: [mem 0x00800000-0x00807fff]
Aug 22 15:20:56 master-fr-par-1 kernel: [    0.175597] PM: hibernation: Registered nosave memory: [mem 0x00810000-0x008fffff]
Aug 22 15:20:56 master-fr-par-1 ifup[398]: All rights reserved.
Aug 22 15:20:56 master-fr-par-1 kernel: [    0.176289] PM: hibernation: Registered nosave memory: [mem 0xbe8b6000-0xbe8c3fff]
Aug 22 15:20:56 master-fr-par-1 kernel: [    0.176968] PM: hibernation: Registered nosave memory: [mem 0xbe8c4000-0xbe8dcfff]
Aug 22 15:20:56 master-fr-par-1 kernel: [    0.177653] PM: hibernation: Registered nosave memory: [mem 0xbe9ed000-0xbeab4fff]
Aug 22 15:20:56 master-fr-par-1 kernel: [    0.178334] PM: hibernation: Registered nosave memory: [mem 0xbeab5000-0xbeb1afff]
Aug 22 15:20:56 master-fr-par-1 kernel: [    0.179036] PM: hibernation: Registered nosave memory: [mem 0xbfb9b000-0xbfbcafff]
Aug 22 15:20:56 master-fr-par-1 kernel: [    0.179763] PM: hibernation: Registered nosave memory: [mem 0xbfbcb000-0xbfbf2fff]
Aug 22 15:20:56 master-fr-par-1 kernel: [    0.180495] PM: hibernation: Registered nosave memory: [mem 0xbfbf3000-0xbfbfafff]
Aug 22 15:20:56 master-fr-par-1 kernel: [    0.181251] PM: hibernation: Registered nosave memory: [mem 0xbfbfb000-0xbfbfefff]
Aug 22 15:20:56 master-fr-par-1 kernel: [    0.181901] PM: hibernation: Registered nosave memory: [mem 0xbff48000-0xbff67fff]
Aug 22 15:20:56 master-fr-par-1 kernel: [    0.182555] PM: hibernation: Registered nosave memory: [mem 0xbff68000-0xbfffffff]
Aug 22 15:20:56 master-fr-par-1 kernel: [    0.183309] PM: hibernation: Registered nosave memory: [mem 0xc0000000-0xffdfffff]
Aug 22 15:20:56 master-fr-par-1 ifup[398]: For info, please visit https://www.isc.org/software/dhcp/
Aug 22 15:20:56 master-fr-par-1 kernel: [    0.184070] PM: hibernation: Registered nosave memory: [mem 0xffe00000-0xffffffff]
Aug 22 15:20:56 master-fr-par-1 kernel: [    0.184702] [mem 0xc0000000-0xffdfffff] available for PCI devices
Aug 22 15:20:56 master-fr-par-1 kernel: [    0.185219] Booting paravirtualized kernel on KVM
Aug 22 15:20:56 master-fr-par-1 dhclient[436]: Copyright 2004-2018 Internet Systems Consortium.
Aug 22 15:20:56 master-fr-par-1 kernel: [    0.185604] clocksource: refined-jiffies: mask: 0xffffffff max_cycles: 0xffffffff, max_idle_ns: 7645519600211568 ns
Aug 22 15:20:56 master-fr-par-1 dhclient[436]: All rights reserved.
Aug 22 15:20:56 master-fr-par-1 kernel: [    0.191266] setup_percpu: NR_CPUS:8192 nr_cpumask_bits:3 nr_cpu_ids:3 nr_node_ids:1
Aug 22 15:20:56 master-fr-par-1 kernel: [    0.194224] percpu: Embedded 63 pages/cpu s221184 r8192 d28672 u524288
Aug 22 15:20:56 master-fr-par-1 dhclient[436]: For info, please visit https://www.isc.org/software/dhcp/
Aug 22 15:20:56 master-fr-par-1 dhclient[436]: 
Aug 22 15:20:56 master-fr-par-1 dhclient[436]: Listening on LPF/ens2/de:1c:ac:1f:80:1f
Aug 22 15:20:56 master-fr-par-1 ifup[398]: Listening on LPF/ens2/de:1c:ac:1f:80:1f
Aug 22 15:20:56 master-fr-par-1 ifup[398]: Sending on   LPF/ens2/de:1c:ac:1f:80:1f
Aug 22 15:20:56 master-fr-par-1 ifup[398]: Sending on   Socket/fallback
Aug 22 15:20:56 master-fr-par-1 kernel: [    0.194794] pcpu-alloc: s221184 r8192 d28672 u524288 alloc=1*2097152
Aug 22 15:20:56 master-fr-par-1 kernel: [    0.194795] pcpu-alloc: [0] 0 1 2 - 
Aug 22 15:20:56 master-fr-par-1 kernel: [    0.194844] kvm-guest: stealtime: cpu 0, msr 13bc35080
Aug 22 15:20:56 master-fr-par-1 ifup[398]: Created duid "\000\001\000\001*\226[V\336\034\254\037\200\037".
Aug 22 15:20:56 master-fr-par-1 ifup[398]: DHCPDISCOVER on ens2 to 255.255.255.255 port 67 interval 5
Aug 22 15:20:56 master-fr-par-1 kernel: [    0.195307] kvm-guest: PV spinlocks enabled
Aug 22 15:20:56 master-fr-par-1 kernel: [    0.195697] PV qspinlock hash table entries: 256 (order: 0, 4096 bytes, linear)
Aug 22 15:20:56 master-fr-par-1 kernel: [    0.196420] Built 1 zonelists, mobility grouping on.  Total pages: 1029421
Aug 22 15:20:56 master-fr-par-1 kernel: [    0.197063] Policy zone: Normal
Aug 22 15:20:56 master-fr-par-1 dhclient[436]: Sending on   LPF/ens2/de:1c:ac:1f:80:1f
Aug 22 15:20:56 master-fr-par-1 kernel: [    0.197352] Kernel command line: BOOT_IMAGE=/boot/vmlinuz-5.10.103-scaleway root=UUID=e5f37558-518e-4804-8f59-fc858d32ac21 ro console=tty0 console=ttyS0,115200 earlyprintk=ttyS0,115200 scsi_mod.use_blk_mq=Y
Aug 22 15:20:56 master-fr-par-1 kernel: [    0.203108] Dentry cache hash table entries: 524288 (order: 10, 4194304 bytes, linear)
Aug 22 15:20:56 master-fr-par-1 kernel: [    0.205844] Inode-cache hash table entries: 262144 (order: 9, 2097152 bytes, linear)
Aug 22 15:20:56 master-fr-par-1 kernel: [    0.206586] mem auto-init: stack:off, heap alloc:on, heap free:off
Aug 22 15:20:56 master-fr-par-1 kernel: [    0.290971] Memory: 3137468K/4190424K available (12296K kernel code, 2560K rwdata, 7052K rodata, 2260K init, 4012K bss, 208248K reserved, 0K cma-reserved)
Aug 22 15:20:56 master-fr-par-1 kernel: [    0.292411] random: get_random_u64 called from __kmem_cache_create+0x2c/0x430 with crng_init=0
Aug 22 15:20:56 master-fr-par-1 dhclient[436]: Sending on   Socket/fallback
Aug 22 15:20:56 master-fr-par-1 kernel: [    0.292627] SLUB: HWalign=64, Order=0-3, MinObjects=0, CPUs=3, Nodes=1
Aug 22 15:20:56 master-fr-par-1 kernel: [    0.294057] ftrace: allocating 34744 entries in 136 pages
Aug 22 15:20:56 master-fr-par-1 kernel: [    0.307898] ftrace: allocated 136 pages with 2 groups
Aug 22 15:20:56 master-fr-par-1 kernel: [    0.309343] rcu: Hierarchical RCU implementation.
Aug 22 15:20:56 master-fr-par-1 ifup[398]: DHCPOFFER of 10.71.102.61 from 10.71.102.60
Aug 22 15:20:56 master-fr-par-1 kernel: [    0.309750] rcu:     RCU restricting CPUs from NR_CPUS=8192 to nr_cpu_ids=3.
Aug 22 15:20:56 master-fr-par-1 kernel: [    0.310348]  Rude variant of Tasks RCU enabled.
Aug 22 15:20:56 master-fr-par-1 kernel: [    0.310720]  Tracing variant of Tasks RCU enabled.
Aug 22 15:20:56 master-fr-par-1 ifup[398]: DHCPREQUEST for 10.71.102.61 on ens2 to 255.255.255.255 port 67
Aug 22 15:20:56 master-fr-par-1 dhclient[436]: Created duid "\000\001\000\001*\226[V\336\034\254\037\200\037".
Aug 22 15:20:56 master-fr-par-1 dhclient[436]: DHCPDISCOVER on ens2 to 255.255.255.255 port 67 interval 5
Aug 22 15:20:56 master-fr-par-1 kernel: [    0.311137] rcu: RCU calculated value of scheduler-enlistment delay is 25 jiffies.
Aug 22 15:20:56 master-fr-par-1 kernel: [    0.311788] rcu: Adjusting geometry for rcu_fanout_leaf=16, nr_cpu_ids=3
Aug 22 15:20:56 master-fr-par-1 dhclient[436]: DHCPOFFER of 10.71.102.61 from 10.71.102.60
Aug 22 15:20:56 master-fr-par-1 ifup[398]: DHCPACK of 10.71.102.61 from 10.71.102.60
Aug 22 15:20:56 master-fr-par-1 kernel: [    0.316213] NR_IRQS: 524544, nr_irqs: 448, preallocated irqs: 16
Aug 22 15:20:56 master-fr-par-1 dhclient[436]: DHCPREQUEST for 10.71.102.61 on ens2 to 255.255.255.255 port 67
Aug 22 15:20:56 master-fr-par-1 kernel: [    0.317424] random: crng done (trusting CPU's manufacturer)
Aug 22 15:20:56 master-fr-par-1 kernel: [    0.317988] Console: colour dummy device 80x25
Aug 22 15:20:56 master-fr-par-1 kernel: [    0.318555] printk: console [tty0] enabled
Aug 22 15:20:56 master-fr-par-1 dhclient[436]: DHCPACK of 10.71.102.61 from 10.71.102.60
Aug 22 15:20:56 master-fr-par-1 kernel: [    0.319087] printk: console [ttyS0] enabled
Aug 22 15:20:56 master-fr-par-1 kernel: [    0.320006] printk: bootconsole [earlyser0] disabled
Aug 22 15:20:56 master-fr-par-1 kernel: [    0.321161] ACPI: Core revision 20200925
Aug 22 15:20:56 master-fr-par-1 kernel: [    0.321758] clocksource: hpet: mask: 0xffffffff max_cycles: 0xffffffff, max_idle_ns: 19112604467 ns
Aug 22 15:20:56 master-fr-par-1 dhclient[436]: bound to 10.71.102.61 -- renewal in 32705 seconds.
Aug 22 15:20:56 master-fr-par-1 kernel: [    0.322844] APIC: Switch to symmetric I/O mode setup
Aug 22 15:20:56 master-fr-par-1 kernel: [    0.323451] x2apic enabled
Aug 22 15:20:56 master-fr-par-1 ifup[398]: bound to 10.71.102.61 -- renewal in 32705 seconds.
Aug 22 15:20:56 master-fr-par-1 kernel: [    0.323830] Switched APIC routing to physical x2apic.
Aug 22 15:20:56 master-fr-par-1 kernel: [    0.325124] ..TIMER: vector=0x30 apic1=0 pin1=2 apic2=-1 pin2=-1
Aug 22 15:20:56 master-fr-par-1 kernel: [    0.325730] tsc: Marking TSC unstable due to TSCs unsynchronized
Aug 22 15:20:56 master-fr-par-1 kernel: [    0.326321] Calibrating delay loop (skipped) preset value.. 5599.99 BogoMIPS (lpj=11199992)
Aug 22 15:20:56 master-fr-par-1 systemd[1]: Started Raise network interfaces.
Aug 22 15:20:56 master-fr-par-1 kernel: [    0.330321] pid_max: default: 32768 minimum: 301
Aug 22 15:20:56 master-fr-par-1 kernel: [    0.332248] LSM: Security Framework initializing
Aug 22 15:20:56 master-fr-par-1 kernel: [    0.332829] Yama: disabled by default; enable with sysctl kernel.yama.*
Aug 22 15:20:56 master-fr-par-1 systemd[1]: Starting Initial cloud-init job (metadata service crawler)...
Aug 22 15:20:56 master-fr-par-1 kernel: [    0.333668] AppArmor: AppArmor initialized
Aug 22 15:20:56 master-fr-par-1 kernel: [    0.334056] TOMOYO Linux initialized
Aug 22 15:20:56 master-fr-par-1 kernel: [    0.334415] Mount-cache hash table entries: 8192 (order: 4, 65536 bytes, linear)
Aug 22 15:20:56 master-fr-par-1 kernel: [    0.335263] Mountpoint-cache hash table entries: 8192 (order: 4, 65536 bytes, linear)
Aug 22 15:20:56 master-fr-par-1 kernel: [    0.337001] x86/cpu: User Mode Instruction Prevention (UMIP) activated
Aug 22 15:20:56 master-fr-par-1 kernel: [    0.337633] Last level iTLB entries: 4KB 512, 2MB 255, 4MB 127
Aug 22 15:20:56 master-fr-par-1 kernel: [    0.338324] Last level dTLB entries: 4KB 512, 2MB 255, 4MB 127, 1GB 0
Aug 22 15:20:56 master-fr-par-1 kernel: [    0.338976] Spectre V1 : Mitigation: usercopy/swapgs barriers and __user pointer sanitization
Aug 22 15:20:56 master-fr-par-1 kernel: [    0.339777] Spectre V2 : Mitigation: Retpolines
Aug 22 15:20:56 master-fr-par-1 kernel: [    0.340189] Spectre V2 : Spectre v2 / SpectreRSB mitigation: Filling RSB on context switch
Aug 22 15:20:56 master-fr-par-1 kernel: [    0.340941] Spectre V2 : mitigation: Enabling conditional Indirect Branch Prediction Barrier
Aug 22 15:20:56 master-fr-par-1 kernel: [    0.341756] Speculative Store Bypass: Mitigation: Speculative Store Bypass disabled via prctl and seccomp
Aug 22 15:20:56 master-fr-par-1 kernel: [    0.342486] Freeing SMP alternatives memory: 32K
Aug 22 15:20:56 master-fr-par-1 systemd[1]: Reached target Network.
Aug 22 15:20:56 master-fr-par-1 kernel: [    0.345471] smpboot: CPU0: AMD EPYC 7282 16-Core Processor (family: 0x17, model: 0x31, stepping: 0x0)
Aug 22 15:20:56 master-fr-par-1 kernel: [    0.346317] Performance Events: Fam17h+ core perfctr, AMD PMU driver.
Aug 22 15:20:56 master-fr-par-1 kernel: [    0.346317] ... version:                0
Aug 22 15:20:56 master-fr-par-1 kernel: [    0.346317] ... bit width:              48
Aug 22 15:20:56 master-fr-par-1 kernel: [    0.346317] ... generic registers:      6
Aug 22 15:20:56 master-fr-par-1 kernel: [    0.346317] ... value mask:             0000ffffffffffff
Aug 22 15:20:56 master-fr-par-1 dhclient[541]: Internet Systems Consortium DHCP Client 4.4.1
Aug 22 15:20:56 master-fr-par-1 dhclient[541]: Copyright 2004-2018 Internet Systems Consortium.
Aug 22 15:20:56 master-fr-par-1 dhclient[541]: All rights reserved.
Aug 22 15:20:56 master-fr-par-1 dhclient[541]: For info, please visit https://www.isc.org/software/dhcp/
Aug 22 15:20:56 master-fr-par-1 dhclient[541]: 
Aug 22 15:20:56 master-fr-par-1 dhclient[541]: Listening on LPF/ens2/de:1c:ac:1f:80:1f
Aug 22 15:20:56 master-fr-par-1 dhclient[541]: Sending on   LPF/ens2/de:1c:ac:1f:80:1f
Aug 22 15:20:56 master-fr-par-1 dhclient[541]: Sending on   Socket/fallback
Aug 22 15:20:56 master-fr-par-1 kernel: [    0.346317] ... max period:             00007fffffffffff
Aug 22 15:20:56 master-fr-par-1 kernel: [    0.346325] ... fixed-purpose events:   0
Aug 22 15:20:56 master-fr-par-1 kernel: [    0.346735] ... event mask:             000000000000003f
Aug 22 15:20:56 master-fr-par-1 kernel: [    0.347391] rcu: Hierarchical SRCU implementation.
Aug 22 15:20:56 master-fr-par-1 kernel: [    0.348447] smp: Bringing up secondary CPUs ...
Aug 22 15:20:56 master-fr-par-1 kernel: [    0.349114] x86: Booting SMP configuration:
Aug 22 15:20:56 master-fr-par-1 kernel: [    0.349496] .... node  #0, CPUs:      #1
Aug 22 15:20:56 master-fr-par-1 dhclient[541]: DHCPDISCOVER on ens2 to 255.255.255.255 port 67 interval 8
Aug 22 15:20:56 master-fr-par-1 kernel: [    0.009355] kvm-clock: cpu 1, msr 9801041, secondary cpu clock
Aug 22 15:20:56 master-fr-par-1 dhclient[541]: DHCPOFFER of 10.71.102.61 from 10.71.102.60
Aug 22 15:20:56 master-fr-par-1 kernel: [    0.009355] smpboot: CPU 1 Converting physical 0 to logical die 1
Aug 22 15:20:56 master-fr-par-1 kernel: [    0.352329] kvm-guest: stealtime: cpu 1, msr 13bcb5080
Aug 22 15:20:56 master-fr-par-1 kernel: [    0.352329]  #2
Aug 22 15:20:56 master-fr-par-1 kernel: [    0.009355] kvm-clock: cpu 2, msr 9801081, secondary cpu clock
Aug 22 15:20:56 master-fr-par-1 kernel: [    0.009355] smpboot: CPU 2 Converting physical 0 to logical die 2
Aug 22 15:20:56 master-fr-par-1 dhclient[541]: DHCPREQUEST for 10.71.102.61 on ens2 to 255.255.255.255 port 67
Aug 22 15:20:56 master-fr-par-1 kernel: [    0.355322] kvm-guest: stealtime: cpu 2, msr 13bd35080
Aug 22 15:20:56 master-fr-par-1 dhclient[541]: DHCPACK of 10.71.102.61 from 10.71.102.60
Aug 22 15:20:56 master-fr-par-1 kernel: [    0.355322] smp: Brought up 1 node, 3 CPUs
Aug 22 15:20:56 master-fr-par-1 dhclient[541]: bound to 10.71.102.61 -- renewal in 39047 seconds.
Aug 22 15:20:56 master-fr-par-1 kernel: [    0.355322] smpboot: Max logical packages: 3
Aug 22 15:20:56 master-fr-par-1 cloud-init[525]: Cloud-init v. 20.2 running 'init' at Mon, 22 Aug 2022 15:20:54 +0000. Up 5.18 seconds.
Aug 22 15:20:56 master-fr-par-1 cloud-init[525]: ci-info: ++++++++++++++++++++++++++++++++++++++++Net device info+++++++++++++++++++++++++++++++++++++++++
Aug 22 15:20:56 master-fr-par-1 cloud-init[525]: ci-info: +--------+-------+------------------------------+-----------------+--------+-------------------+
Aug 22 15:20:56 master-fr-par-1 cloud-init[525]: ci-info: | Device |   Up  |           Address            |       Mask      | Scope  |     Hw-Address    |
Aug 22 15:20:56 master-fr-par-1 cloud-init[525]: ci-info: +--------+-------+------------------------------+-----------------+--------+-------------------+
Aug 22 15:20:56 master-fr-par-1 cloud-init[525]: ci-info: |  ens2  |  True |         10.71.102.61         | 255.255.255.254 | global | de:1c:ac:1f:80:1f |
Aug 22 15:20:56 master-fr-par-1 cloud-init[525]: ci-info: |  ens2  |  True | fe80::dc1c:acff:fe1f:801f/64 |        .        |  link  | de:1c:ac:1f:80:1f |
Aug 22 15:20:56 master-fr-par-1 cloud-init[525]: ci-info: |  ens5  | False |              .               |        .        |   .    | 02:00:00:01:5b:1f |
Aug 22 15:20:56 master-fr-par-1 cloud-init[525]: ci-info: |   lo   |  True |          127.0.0.1           |    255.0.0.0    |  host  |         .         |
Aug 22 15:20:56 master-fr-par-1 cloud-init[525]: ci-info: |   lo   |  True |           ::1/128            |        .        |  host  |         .         |
Aug 22 15:20:56 master-fr-par-1 cloud-init[525]: ci-info: +--------+-------+------------------------------+-----------------+--------+-------------------+
Aug 22 15:20:56 master-fr-par-1 cloud-init[525]: ci-info: +++++++++++++++++++++++++++++++Route IPv4 info+++++++++++++++++++++++++++++++
Aug 22 15:20:56 master-fr-par-1 cloud-init[525]: ci-info: +-------+--------------+--------------+-----------------+-----------+-------+
Aug 22 15:20:56 master-fr-par-1 cloud-init[525]: ci-info: | Route | Destination  |   Gateway    |     Genmask     | Interface | Flags |
Aug 22 15:20:56 master-fr-par-1 cloud-init[525]: ci-info: +-------+--------------+--------------+-----------------+-----------+-------+
Aug 22 15:20:56 master-fr-par-1 kernel: [    0.355322] smpboot: Total of 3 processors activated (16799.98 BogoMIPS)
Aug 22 15:20:56 master-fr-par-1 kernel: [    0.364038] node 0 deferred pages initialised in 8ms
Aug 22 15:20:56 master-fr-par-1 cloud-init[525]: ci-info: |   0   |   0.0.0.0    | 10.71.102.60 |     0.0.0.0     |    ens2   |   UG  |
Aug 22 15:20:56 master-fr-par-1 kernel: [    0.364049] devtmpfs: initialized
Aug 22 15:20:56 master-fr-par-1 kernel: [    0.364049] x86/mm: Memory block size: 128MB
Aug 22 15:20:56 master-fr-par-1 cloud-init[525]: ci-info: |   1   | 10.71.102.60 |   0.0.0.0    | 255.255.255.254 |    ens2   |   U   |
Aug 22 15:20:56 master-fr-par-1 kernel: [    0.366568] PM: Registering ACPI NVS region [mem 0x00800000-0x00807fff] (32768 bytes)
Aug 22 15:20:56 master-fr-par-1 kernel: [    0.367046] PM: Registering ACPI NVS region [mem 0x00810000-0x008fffff] (983040 bytes)
Aug 22 15:20:56 master-fr-par-1 cloud-init[525]: ci-info: +-------+--------------+--------------+-----------------+-----------+-------+
Aug 22 15:20:56 master-fr-par-1 cloud-init[525]: ci-info: +++++++++++++++++++Route IPv6 info+++++++++++++++++++
Aug 22 15:20:56 master-fr-par-1 kernel: [    0.367772] PM: Registering ACPI NVS region [mem 0xbe8b6000-0xbe8c3fff] (57344 bytes)
Aug 22 15:20:56 master-fr-par-1 cloud-init[525]: ci-info: +-------+-------------+---------+-----------+-------+
Aug 22 15:20:56 master-fr-par-1 kernel: [    0.368463] PM: Registering ACPI NVS region [mem 0xbfbfb000-0xbfbfefff] (16384 bytes)
Aug 22 15:20:56 master-fr-par-1 kernel: [    0.369147] PM: Registering ACPI NVS region [mem 0xbff68000-0xbfffffff] (622592 bytes)
Aug 22 15:20:56 master-fr-par-1 kernel: [    0.370337] clocksource: jiffies: mask: 0xffffffff max_cycles: 0xffffffff, max_idle_ns: 7645041785100000 ns
Aug 22 15:20:56 master-fr-par-1 cloud-init[525]: ci-info: | Route | Destination | Gateway | Interface | Flags |
Aug 22 15:20:56 master-fr-par-1 kernel: [    0.371466] futex hash table entries: 1024 (order: 4, 65536 bytes, linear)
Aug 22 15:20:56 master-fr-par-1 kernel: [    0.372500] NET: Registered protocol family 16
Aug 22 15:20:56 master-fr-par-1 kernel: [    0.373345] DMA: preallocated 512 KiB GFP_KERNEL pool for atomic allocations
Aug 22 15:20:56 master-fr-par-1 kernel: [    0.374570] DMA: preallocated 512 KiB GFP_KERNEL|GFP_DMA pool for atomic allocations
Aug 22 15:20:56 master-fr-par-1 kernel: [    0.375277] DMA: preallocated 512 KiB GFP_KERNEL|GFP_DMA32 pool for atomic allocations
Aug 22 15:20:56 master-fr-par-1 cloud-init[525]: ci-info: +-------+-------------+---------+-----------+-------+
Aug 22 15:20:56 master-fr-par-1 kernel: [    0.376023] audit: initializing netlink subsys (disabled)
Aug 22 15:20:56 master-fr-par-1 kernel: [    0.376546] audit: type=2000 audit(1661181651.048:1): state=initialized audit_enabled=0 res=1
Aug 22 15:20:56 master-fr-par-1 cloud-init[525]: ci-info: |   1   |  fe80::/64  |    ::   |    ens2   |   U   |
Aug 22 15:20:56 master-fr-par-1 kernel: [    0.376546] thermal_sys: Registered thermal governor 'fair_share'
Aug 22 15:20:56 master-fr-par-1 kernel: [    0.376546] thermal_sys: Registered thermal governor 'bang_bang'
Aug 22 15:20:56 master-fr-par-1 kernel: [    0.376546] thermal_sys: Registered thermal governor 'step_wise'
Aug 22 15:20:56 master-fr-par-1 kernel: [    0.378328] thermal_sys: Registered thermal governor 'user_space'
Aug 22 15:20:56 master-fr-par-1 kernel: [    0.378834] thermal_sys: Registered thermal governor 'power_allocator'
Aug 22 15:20:56 master-fr-par-1 kernel: [    0.379393] cpuidle: using governor ladder
Aug 22 15:20:56 master-fr-par-1 cloud-init[525]: ci-info: |   3   |  multicast  |    ::   |    ens2   |   U   |
Aug 22 15:20:56 master-fr-par-1 kernel: [    0.380318] cpuidle: using governor menu
Aug 22 15:20:56 master-fr-par-1 kernel: [    0.381261] ACPI: bus type PCI registered
Aug 22 15:20:56 master-fr-par-1 kernel: [    0.381261] acpiphp: ACPI Hot Plug PCI Controller Driver version: 0.5
Aug 22 15:20:56 master-fr-par-1 kernel: [    0.382426] PCI: Using configuration type 1 for base access
Aug 22 15:20:56 master-fr-par-1 kernel: [    0.382910] PCI: Using configuration type 1 for extended access
Aug 22 15:20:56 master-fr-par-1 kernel: [    0.384237] Kprobes globally optimized
Aug 22 15:20:56 master-fr-par-1 cloud-init[525]: ci-info: +-------+-------------+---------+-----------+-------+
Aug 22 15:20:56 master-fr-par-1 kernel: [    0.384583] HugeTLB registered 1.00 GiB page size, pre-allocated 0 pages
Aug 22 15:20:56 master-fr-par-1 kernel: [    0.384583] HugeTLB registered 2.00 MiB page size, pre-allocated 0 pages
Aug 22 15:20:56 master-fr-par-1 kernel: [    0.506794] ACPI: Added _OSI(Module Device)
Aug 22 15:20:56 master-fr-par-1 kernel: [    0.507141] ACPI: Added _OSI(Processor Device)
Aug 22 15:20:56 master-fr-par-1 kernel: [    0.507913] ACPI: Added _OSI(3.0 _SCP Extensions)
Aug 22 15:20:56 master-fr-par-1 kernel: [    0.510337] ACPI: Added _OSI(Processor Aggregator Device)
Aug 22 15:20:56 master-fr-par-1 kernel: [    0.511098] ACPI: Added _OSI(Linux-Dell-Video)
Aug 22 15:20:56 master-fr-par-1 kernel: [    0.511562] ACPI: Added _OSI(Linux-Lenovo-NV-HDMI-Audio)
Aug 22 15:20:56 master-fr-par-1 kernel: [    0.512145] ACPI: Added _OSI(Linux-HPI-Hybrid-Graphics)
Aug 22 15:20:56 master-fr-par-1 kernel: [    0.513321] ACPI: 1 ACPI AML tables successfully acquired and loaded
Aug 22 15:20:56 master-fr-par-1 kernel: [    0.515152] ACPI: Interpreter enabled
Aug 22 15:20:56 master-fr-par-1 kernel: [    0.515593] ACPI: (supports S0 S3 S4 S5)
Aug 22 15:20:56 master-fr-par-1 kernel: [    0.516030] ACPI: Using IOAPIC for interrupt routing
Aug 22 15:20:56 master-fr-par-1 kernel: [    0.516580] PCI: Using host bridge windows from ACPI; if necessary, use "pci=nocrs" and report a bug
Aug 22 15:20:56 master-fr-par-1 kernel: [    0.517509] ACPI: Enabled 2 GPEs in block 00 to 0F
Aug 22 15:20:56 master-fr-par-1 kernel: [    0.520930] ACPI: PCI Root Bridge [PCI0] (domain 0000 [bus 00-ff])
Aug 22 15:20:56 master-fr-par-1 kernel: [    0.521627] acpi PNP0A03:00: _OSC: OS supports [ExtendedConfig ASPM ClockPM Segments MSI HPX-Type3]
Aug 22 15:20:56 master-fr-par-1 kernel: [    0.522610] acpiphp: Slot [2] registered
Aug 22 15:20:56 master-fr-par-1 kernel: [    0.523103] acpiphp: Slot [3] registered
Aug 22 15:20:56 master-fr-par-1 kernel: [    0.523560] acpiphp: Slot [4] registered
Aug 22 15:20:56 master-fr-par-1 kernel: [    0.523996] acpiphp: Slot [5] registered
Aug 22 15:20:56 master-fr-par-1 kernel: [    0.524399] acpiphp: Slot [6] registered
Aug 22 15:20:56 master-fr-par-1 kernel: [    0.524833] acpiphp: Slot [7] registered
Aug 22 15:20:56 master-fr-par-1 kernel: [    0.525234] acpiphp: Slot [8] registered
Aug 22 15:20:56 master-fr-par-1 kernel: [    0.525691] acpiphp: Slot [9] registered
Aug 22 15:20:56 master-fr-par-1 kernel: [    0.526102] acpiphp: Slot [10] registered
Aug 22 15:20:56 master-fr-par-1 kernel: [    0.526342] acpiphp: Slot [11] registered
Aug 22 15:20:56 master-fr-par-1 kernel: [    0.526757] acpiphp: Slot [12] registered
Aug 22 15:20:56 master-fr-par-1 kernel: [    0.527195] acpiphp: Slot [13] registered
Aug 22 15:20:56 master-fr-par-1 kernel: [    0.527609] acpiphp: Slot [14] registered
Aug 22 15:20:56 master-fr-par-1 kernel: [    0.528047] acpiphp: Slot [15] registered
Aug 22 15:20:56 master-fr-par-1 kernel: [    0.528430] acpiphp: Slot [16] registered
Aug 22 15:20:56 master-fr-par-1 kernel: [    0.528797] acpiphp: Slot [17] registered
Aug 22 15:20:56 master-fr-par-1 kernel: [    0.529186] acpiphp: Slot [18] registered
Aug 22 15:20:56 master-fr-par-1 kernel: [    0.529633] acpiphp: Slot [19] registered
Aug 22 15:20:56 master-fr-par-1 kernel: [    0.530073] acpiphp: Slot [20] registered
Aug 22 15:20:56 master-fr-par-1 kernel: [    0.530343] acpiphp: Slot [21] registered
Aug 22 15:20:56 master-fr-par-1 kernel: [    0.530788] acpiphp: Slot [22] registered
Aug 22 15:20:56 master-fr-par-1 kernel: [    0.531176] acpiphp: Slot [23] registered
Aug 22 15:20:56 master-fr-par-1 kernel: [    0.531529] acpiphp: Slot [24] registered
Aug 22 15:20:56 master-fr-par-1 kernel: [    0.532021] acpiphp: Slot [25] registered
Aug 22 15:20:56 master-fr-par-1 kernel: [    0.532480] acpiphp: Slot [26] registered
Aug 22 15:20:56 master-fr-par-1 kernel: [    0.532941] acpiphp: Slot [27] registered
Aug 22 15:20:56 master-fr-par-1 kernel: [    0.533384] acpiphp: Slot [28] registered
Aug 22 15:20:56 master-fr-par-1 kernel: [    0.533893] acpiphp: Slot [29] registered
Aug 22 15:20:56 master-fr-par-1 kernel: [    0.534350] acpiphp: Slot [30] registered
Aug 22 15:20:56 master-fr-par-1 kernel: [    0.534848] acpiphp: Slot [31] registered
Aug 22 15:20:56 master-fr-par-1 kernel: [    0.535317] PCI host bridge to bus 0000:00
Aug 22 15:20:56 master-fr-par-1 kernel: [    0.535809] pci_bus 0000:00: root bus resource [io  0x0000-0x0cf7 window]
Aug 22 15:20:56 master-fr-par-1 kernel: [    0.536706] pci_bus 0000:00: root bus resource [io  0x0d00-0xffff window]
Aug 22 15:20:56 master-fr-par-1 kernel: [    0.537420] pci_bus 0000:00: root bus resource [mem 0x000a0000-0x000bffff window]
Aug 22 15:20:56 master-fr-par-1 kernel: [    0.538204] pci_bus 0000:00: root bus resource [mem 0xc0000000-0xfebfffff window]
Aug 22 15:20:56 master-fr-par-1 kernel: [    0.538326] pci_bus 0000:00: root bus resource [mem 0x800000000-0x80000ffff window]
Aug 22 15:20:56 master-fr-par-1 kernel: [    0.539257] pci_bus 0000:00: root bus resource [bus 00-ff]
Aug 22 15:20:56 master-fr-par-1 kernel: [    0.540193] pci 0000:00:00.0: [8086:1237] type 00 class 0x060000
Aug 22 15:20:56 master-fr-par-1 kernel: [    0.541485] pci 0000:00:01.0: [8086:7000] type 00 class 0x060100
Aug 22 15:20:56 master-fr-par-1 kernel: [    0.542933] pci 0000:00:01.1: [8086:7010] type 00 class 0x010180
Aug 22 15:20:56 master-fr-par-1 kernel: [    0.546331] pci 0000:00:01.1: reg 0x20: [io  0xc0c0-0xc0cf]
Aug 22 15:20:56 master-fr-par-1 kernel: [    0.547992] pci 0000:00:01.1: legacy IDE quirk: reg 0x10: [io  0x01f0-0x01f7]
Aug 22 15:20:56 master-fr-par-1 kernel: [    0.548715] pci 0000:00:01.1: legacy IDE quirk: reg 0x14: [io  0x03f6]
Aug 22 15:20:56 master-fr-par-1 kernel: [    0.549336] pci 0000:00:01.1: legacy IDE quirk: reg 0x18: [io  0x0170-0x0177]
Aug 22 15:20:56 master-fr-par-1 kernel: [    0.549980] pci 0000:00:01.1: legacy IDE quirk: reg 0x1c: [io  0x0376]
Aug 22 15:20:56 master-fr-par-1 kernel: [    0.550631] pci 0000:00:01.3: [8086:7113] type 00 class 0x068000
Aug 22 15:20:56 master-fr-par-1 kernel: [    0.551755] pci 0000:00:01.3: quirk: [io  0xb000-0xb03f] claimed by PIIX4 ACPI
Aug 22 15:20:56 master-fr-par-1 kernel: [    0.552493] pci 0000:00:01.3: quirk: [io  0xb100-0xb10f] claimed by PIIX4 SMB
Aug 22 15:20:56 master-fr-par-1 kernel: [    0.554198] pci 0000:00:02.0: [1af4:1000] type 00 class 0x020000
Aug 22 15:20:56 master-fr-par-1 cloud-init[525]: Generating public/private rsa key pair.
Aug 22 15:20:56 master-fr-par-1 cloud-init[525]: Your identification has been saved in /etc/ssh/ssh_host_rsa_key.
Aug 22 15:20:56 master-fr-par-1 kernel: [    0.555821] pci 0000:00:02.0: reg 0x10: [io  0xc0a0-0xc0bf]
Aug 22 15:20:56 master-fr-par-1 kernel: [    0.557672] pci 0000:00:02.0: reg 0x14: [mem 0xc0003000-0xc0003fff]
Aug 22 15:20:56 master-fr-par-1 kernel: [    0.561834] pci 0000:00:02.0: reg 0x20: [mem 0x800000000-0x800003fff 64bit pref]
Aug 22 15:20:56 master-fr-par-1 cloud-init[525]: Your public key has been saved in /etc/ssh/ssh_host_rsa_key.pub.
Aug 22 15:20:56 master-fr-par-1 kernel: [    0.564696] pci 0000:00:02.0: reg 0x30: [mem 0xfff80000-0xffffffff pref]
Aug 22 15:20:56 master-fr-par-1 kernel: [    0.566218] pci 0000:00:03.0: [1af4:1004] type 00 class 0x010000
Aug 22 15:20:56 master-fr-par-1 kernel: [    0.567743] pci 0000:00:03.0: reg 0x10: [io  0xc040-0xc07f]
Aug 22 15:20:56 master-fr-par-1 kernel: [    0.569679] pci 0000:00:03.0: reg 0x14: [mem 0xc0002000-0xc0002fff]
Aug 22 15:20:56 master-fr-par-1 kernel: [    0.575059] pci 0000:00:03.0: reg 0x20: [mem 0x800004000-0x800007fff 64bit pref]
Aug 22 15:20:56 master-fr-par-1 cloud-init[525]: The key fingerprint is:
Aug 22 15:20:56 master-fr-par-1 cloud-init[525]: SHA256:zzNnK/XMFrPnZUudLvC+jKYfNeaCGPJ1Q8+O3+kqRrc root@master-fr-par-1.masters.kops.scaleway-terraform.com
Aug 22 15:20:56 master-fr-par-1 cloud-init[525]: The key's randomart image is:
Aug 22 15:20:56 master-fr-par-1 kernel: [    0.577562] pci 0000:00:04.0: [1af4:1001] type 00 class 0x010000
Aug 22 15:20:56 master-fr-par-1 kernel: [    0.578858] pci 0000:00:04.0: reg 0x10: [io  0xc000-0xc03f]
Aug 22 15:20:56 master-fr-par-1 kernel: [    0.580346] pci 0000:00:04.0: reg 0x14: [mem 0xc0001000-0xc0001fff]
Aug 22 15:20:56 master-fr-par-1 kernel: [    0.584503] pci 0000:00:04.0: reg 0x20: [mem 0x800008000-0x80000bfff 64bit pref]
Aug 22 15:20:56 master-fr-par-1 cloud-init[525]: +---[RSA 2048]----+
Aug 22 15:20:56 master-fr-par-1 kernel: [    0.588569] pci 0000:00:05.0: [1af4:1000] type 00 class 0x020000
Aug 22 15:20:56 master-fr-par-1 cloud-init[525]: |                 |
Aug 22 15:20:56 master-fr-par-1 cloud-init[525]: |                 |
Aug 22 15:20:56 master-fr-par-1 cloud-init[525]: |           .     |
Aug 22 15:20:56 master-fr-par-1 cloud-init[525]: |          . o    |
Aug 22 15:20:56 master-fr-par-1 cloud-init[525]: |     . .S. o *   |
Aug 22 15:20:56 master-fr-par-1 cloud-init[525]: |      o +oooO.+ o|
Aug 22 15:20:56 master-fr-par-1 cloud-init[525]: |       o .*=**.*+|
Aug 22 15:20:56 master-fr-par-1 cloud-init[525]: |          .O*EX.=|
Aug 22 15:20:56 master-fr-par-1 cloud-init[525]: |         .=++B=O.|
Aug 22 15:20:56 master-fr-par-1 cloud-init[525]: +----[SHA256]-----+
Aug 22 15:20:56 master-fr-par-1 cloud-init[525]: Generating public/private dsa key pair.
Aug 22 15:20:56 master-fr-par-1 cloud-init[525]: Your identification has been saved in /etc/ssh/ssh_host_dsa_key.
Aug 22 15:20:56 master-fr-par-1 cloud-init[525]: Your public key has been saved in /etc/ssh/ssh_host_dsa_key.pub.
Aug 22 15:20:56 master-fr-par-1 kernel: [    0.590331] pci 0000:00:05.0: reg 0x10: [io  0xc080-0xc09f]
Aug 22 15:20:56 master-fr-par-1 cloud-init[525]: The key fingerprint is:
Aug 22 15:20:56 master-fr-par-1 cloud-init[525]: SHA256:IBtLBxxBRv9w2FQFI3TIxs3uF9XqUX6Te7Fjg3JrJ40 root@master-fr-par-1.masters.kops.scaleway-terraform.com
Aug 22 15:20:56 master-fr-par-1 kernel: [    0.591800] pci 0000:00:05.0: reg 0x14: [mem 0xc0000000-0xc0000fff]
Aug 22 15:20:56 master-fr-par-1 kernel: [    0.595362] pci 0000:00:05.0: reg 0x20: [mem 0x80000c000-0x80000ffff 64bit pref]
Aug 22 15:20:56 master-fr-par-1 kernel: [    0.598291] pci 0000:00:05.0: reg 0x30: [mem 0xfff80000-0xffffffff pref]
Aug 22 15:20:56 master-fr-par-1 kernel: [    0.599373] ACPI: PCI Interrupt Link [LNKA] (IRQs 5 10 *11)
Aug 22 15:20:56 master-fr-par-1 kernel: [    0.600028] ACPI: PCI Interrupt Link [LNKB] (IRQs 5 10 *11)
Aug 22 15:20:56 master-fr-par-1 kernel: [    0.600634] ACPI: PCI Interrupt Link [LNKC] (IRQs 5 *10 11)
Aug 22 15:20:56 master-fr-par-1 cloud-init[525]: The key's randomart image is:
Aug 22 15:20:56 master-fr-par-1 kernel: [    0.601306] ACPI: PCI Interrupt Link [LNKD] (IRQs 5 *10 11)
Aug 22 15:20:56 master-fr-par-1 kernel: [    0.601909] ACPI: PCI Interrupt Link [LNKS] (IRQs *9)
Aug 22 15:20:56 master-fr-par-1 kernel: [    0.602559] iommu: Default domain type: Translated 
Aug 22 15:20:56 master-fr-par-1 kernel: [    0.603069] vgaarb: loaded
Aug 22 15:20:56 master-fr-par-1 cloud-init[525]: +---[DSA 1024]----+
Aug 22 15:20:56 master-fr-par-1 kernel: [    0.603069] Registered efivars operations
Aug 22 15:20:56 master-fr-par-1 kernel: [    0.603380] NetLabel: Initializing
Aug 22 15:20:56 master-fr-par-1 cloud-init[525]: |   +Bo ++==o.  . |
Aug 22 15:20:56 master-fr-par-1 cloud-init[525]: |   ..o +=oo.  . o|
Aug 22 15:20:56 master-fr-par-1 kernel: [    0.603715] NetLabel:  domain hash size = 128
Aug 22 15:20:56 master-fr-par-1 kernel: [    0.604149] NetLabel:  protocols = UNLABELED CIPSOv4 CALIPSO
Aug 22 15:20:56 master-fr-par-1 cloud-init[525]: |    + *.o.   . +.|
Aug 22 15:20:56 master-fr-par-1 cloud-init[525]: |   . * =  . . o+o|
Aug 22 15:20:56 master-fr-par-1 cloud-init[525]: |    o   S.   o..*|
Aug 22 15:20:56 master-fr-par-1 cloud-init[525]: |          ...o.*.|
Aug 22 15:20:56 master-fr-par-1 cloud-init[525]: |           .o = +|
Aug 22 15:20:56 master-fr-par-1 cloud-init[525]: |             E o |
Aug 22 15:20:56 master-fr-par-1 cloud-init[525]: |            . o  |
Aug 22 15:20:56 master-fr-par-1 cloud-init[525]: +----[SHA256]-----+
Aug 22 15:20:56 master-fr-par-1 cloud-init[525]: Generating public/private ecdsa key pair.
Aug 22 15:20:56 master-fr-par-1 cloud-init[525]: Your identification has been saved in /etc/ssh/ssh_host_ecdsa_key.
Aug 22 15:20:56 master-fr-par-1 cloud-init[525]: Your public key has been saved in /etc/ssh/ssh_host_ecdsa_key.pub.
Aug 22 15:20:56 master-fr-par-1 cloud-init[525]: The key fingerprint is:
Aug 22 15:20:56 master-fr-par-1 cloud-init[525]: SHA256:2JD2u/X/9ZGqjDakvwDIOAAgKh3C5kP4ENhWzKk3lS4 root@master-fr-par-1.masters.kops.scaleway-terraform.com
Aug 22 15:20:56 master-fr-par-1 cloud-init[525]: The key's randomart image is:
Aug 22 15:20:56 master-fr-par-1 cloud-init[525]: +---[ECDSA 256]---+
Aug 22 15:20:56 master-fr-par-1 cloud-init[525]: |@o.+.. .         |
Aug 22 15:20:56 master-fr-par-1 cloud-init[525]: |B*o.+ o.         |
Aug 22 15:20:56 master-fr-par-1 kernel: [    0.604702] NetLabel:  unlabeled traffic allowed by default
Aug 22 15:20:56 master-fr-par-1 kernel: [    0.605300] PCI: Using ACPI for IRQ routing
Aug 22 15:20:56 master-fr-par-1 kernel: [    0.606363] PCI: pci_cache_line_size set to 64 bytes
Aug 22 15:20:56 master-fr-par-1 cloud-init[525]: |B+.. o+          |
Aug 22 15:20:56 master-fr-par-1 kernel: [    0.606510] e820: reserve RAM buffer [mem 0x00810000-0x008fffff]
Aug 22 15:20:56 master-fr-par-1 kernel: [    0.606512] e820: reserve RAM buffer [mem 0xbe8b6000-0xbfffffff]
Aug 22 15:20:56 master-fr-par-1 cloud-init[525]: |oo= E..=         |
Aug 22 15:20:56 master-fr-par-1 kernel: [    0.606514] e820: reserve RAM buffer [mem 0xbe9ed000-0xbfffffff]
Aug 22 15:20:56 master-fr-par-1 kernel: [    0.606515] e820: reserve RAM buffer [mem 0xbfb9b000-0xbfffffff]
Aug 22 15:20:56 master-fr-par-1 cloud-init[525]: | o.+ +. S        |
Aug 22 15:20:56 master-fr-par-1 kernel: [    0.606516] e820: reserve RAM buffer [mem 0xbff48000-0xbfffffff]
Aug 22 15:20:56 master-fr-par-1 kernel: [    0.606569] hpet0: at MMIO 0xfed00000, IRQs 2, 8, 0
Aug 22 15:20:56 master-fr-par-1 kernel: [    0.607119] hpet0: 3 comparators, 64-bit 100.000000 MHz counter
Aug 22 15:20:56 master-fr-par-1 kernel: [    0.610382] clocksource: Switched to clocksource kvm-clock
Aug 22 15:20:56 master-fr-par-1 kernel: [    0.635199] VFS: Disk quotas dquot_6.6.0
Aug 22 15:20:56 master-fr-par-1 kernel: [    0.635704] VFS: Dquot-cache hash table entries: 512 (order 0, 4096 bytes)
Aug 22 15:20:56 master-fr-par-1 kernel: [    0.636874] AppArmor: AppArmor Filesystem Enabled
Aug 22 15:20:56 master-fr-par-1 kernel: [    0.637430] pnp: PnP ACPI init
Aug 22 15:20:56 master-fr-par-1 kernel: [    0.637843] pnp 00:00: Plug and Play ACPI device, IDs PNP0b00 (active)
Aug 22 15:20:56 master-fr-par-1 kernel: [    0.637914] pnp 00:01: Plug and Play ACPI device, IDs PNP0303 (active)
Aug 22 15:20:56 master-fr-par-1 cloud-init[525]: |  .   .  o      .|
Aug 22 15:20:56 master-fr-par-1 kernel: [    0.637933] pnp 00:02: Plug and Play ACPI device, IDs PNP0f13 (active)
Aug 22 15:20:56 master-fr-par-1 kernel: [    0.637941] pnp 00:03: [dma 2]
Aug 22 15:20:56 master-fr-par-1 kernel: [    0.637951] pnp 00:03: Plug and Play ACPI device, IDs PNP0700 (active)
Aug 22 15:20:56 master-fr-par-1 cloud-init[525]: |       .+ .    o.|
Aug 22 15:20:56 master-fr-par-1 kernel: [    0.638016] pnp 00:04: Plug and Play ACPI device, IDs PNP0501 (active)
Aug 22 15:20:56 master-fr-par-1 kernel: [    0.638196] pnp: PnP ACPI: found 5 devices
Aug 22 15:20:56 master-fr-par-1 kernel: [    0.645666] clocksource: acpi_pm: mask: 0xffffff max_cycles: 0xffffff, max_idle_ns: 2085701024 ns
Aug 22 15:20:56 master-fr-par-1 kernel: [    0.646852] NET: Registered protocol family 2
Aug 22 15:20:56 master-fr-par-1 kernel: [    0.648745] IP idents hash table entries: 65536 (order: 7, 524288 bytes, linear)
Aug 22 15:20:56 master-fr-par-1 cloud-init[525]: |       ..=o.  . +|
Aug 22 15:20:56 master-fr-par-1 kernel: [    0.651008] tcp_listen_portaddr_hash hash table entries: 2048 (order: 3, 32768 bytes, linear)
Aug 22 15:20:56 master-fr-par-1 kernel: [    0.652313] TCP established hash table entries: 32768 (order: 6, 262144 bytes, linear)
Aug 22 15:20:56 master-fr-par-1 kernel: [    0.653855] TCP bind hash table entries: 32768 (order: 7, 524288 bytes, linear)
Aug 22 15:20:56 master-fr-par-1 cloud-init[525]: |        ++oooo..o|
Aug 22 15:20:56 master-fr-par-1 kernel: [    0.654749] TCP: Hash tables configured (established 32768 bind 32768)
Aug 22 15:20:56 master-fr-par-1 kernel: [    0.655662] UDP hash table entries: 2048 (order: 4, 65536 bytes, linear)
Aug 22 15:20:56 master-fr-par-1 kernel: [    0.656470] UDP-Lite hash table entries: 2048 (order: 4, 65536 bytes, linear)
Aug 22 15:20:56 master-fr-par-1 cloud-init[525]: +----[SHA256]-----+
Aug 22 15:20:56 master-fr-par-1 kernel: [    0.657287] NET: Registered protocol family 1
Aug 22 15:20:56 master-fr-par-1 kernel: [    0.657826] NET: Registered protocol family 44
Aug 22 15:20:56 master-fr-par-1 kernel: [    0.658352] pci 0000:00:02.0: can't claim BAR 6 [mem 0xfff80000-0xffffffff pref]: no compatible bridge window
Aug 22 15:20:56 master-fr-par-1 kernel: [    0.659461] pci 0000:00:05.0: can't claim BAR 6 [mem 0xfff80000-0xffffffff pref]: no compatible bridge window
Aug 22 15:20:56 master-fr-par-1 kernel: [    0.660509] pci 0000:00:02.0: BAR 6: assigned [mem 0xc0080000-0xc00fffff pref]
Aug 22 15:20:56 master-fr-par-1 kernel: [    0.661304] pci 0000:00:05.0: BAR 6: assigned [mem 0xc0100000-0xc017ffff pref]
Aug 22 15:20:56 master-fr-par-1 cloud-init[525]: Generating public/private ed25519 key pair.
Aug 22 15:20:56 master-fr-par-1 kernel: [    0.662090] pci_bus 0000:00: resource 4 [io  0x0000-0x0cf7 window]
Aug 22 15:20:56 master-fr-par-1 kernel: [    0.662769] pci_bus 0000:00: resource 5 [io  0x0d00-0xffff window]
Aug 22 15:20:56 master-fr-par-1 kernel: [    0.663418] pci_bus 0000:00: resource 6 [mem 0x000a0000-0x000bffff window]
Aug 22 15:20:56 master-fr-par-1 kernel: [    0.664265] pci_bus 0000:00: resource 7 [mem 0xc0000000-0xfebfffff window]
Aug 22 15:20:56 master-fr-par-1 cloud-init[525]: Your identification has been saved in /etc/ssh/ssh_host_ed25519_key.
Aug 22 15:20:56 master-fr-par-1 kernel: [    0.665015] pci_bus 0000:00: resource 8 [mem 0x800000000-0x80000ffff window]
Aug 22 15:20:56 master-fr-par-1 kernel: [    0.665839] pci 0000:00:01.0: PIIX3: Enabling Passive Release
Aug 22 15:20:56 master-fr-par-1 kernel: [    0.666602] pci 0000:00:00.0: Limiting direct PCI/PCI transfers
Aug 22 15:20:56 master-fr-par-1 cloud-init[525]: Your public key has been saved in /etc/ssh/ssh_host_ed25519_key.pub.
Aug 22 15:20:56 master-fr-par-1 kernel: [    0.667344] pci 0000:00:01.0: Activating ISA DMA hang workarounds
Aug 22 15:20:56 master-fr-par-1 kernel: [    0.668183] PCI: CLS 0 bytes, default 64
Aug 22 15:20:56 master-fr-par-1 kernel: [    0.668826] Trying to unpack rootfs image as initramfs...
Aug 22 15:20:56 master-fr-par-1 kernel: [    0.974530] Freeing initrd memory: 13140K
Aug 22 15:20:56 master-fr-par-1 cloud-init[525]: The key fingerprint is:
Aug 22 15:20:56 master-fr-par-1 cloud-init[525]: SHA256:Sbmtu7FHeiGbiRc8/plbUNYgTsHV3X4BGRHJIOEjLPY root@master-fr-par-1.masters.kops.scaleway-terraform.com
Aug 22 15:20:56 master-fr-par-1 kernel: [    0.974957] PCI-DMA: Using software bounce buffering for IO (SWIOTLB)
Aug 22 15:20:56 master-fr-par-1 kernel: [    0.975509] software IO TLB: mapped [mem 0x00000000b7f26000-0x00000000bbf26000] (64MB)
Aug 22 15:20:56 master-fr-par-1 cloud-init[525]: The key's randomart image is:
Aug 22 15:20:56 master-fr-par-1 cloud-init[525]: +--[ED25519 256]--+
Aug 22 15:20:56 master-fr-par-1 kernel: [    0.977124] Initialise system trusted keyrings
Aug 22 15:20:56 master-fr-par-1 kernel: [    0.977543] Key type blacklist registered
Aug 22 15:20:56 master-fr-par-1 kernel: [    0.977976] workingset: timestamp_bits=36 max_order=20 bucket_order=0
Aug 22 15:20:56 master-fr-par-1 kernel: [    0.979735] zbud: loaded
Aug 22 15:20:56 master-fr-par-1 kernel: [    0.980399] Key type asymmetric registered
Aug 22 15:20:56 master-fr-par-1 kernel: [    0.980784] Asymmetric key parser 'x509' registered
Aug 22 15:20:56 master-fr-par-1 kernel: [    0.981217] Block layer SCSI generic (bsg) driver version 0.4 loaded (major 252)
Aug 22 15:20:56 master-fr-par-1 cloud-init[525]: |         +=+=*B..|
Aug 22 15:20:56 master-fr-par-1 kernel: [    0.981985] io scheduler mq-deadline registered
Aug 22 15:20:56 master-fr-par-1 cloud-init[525]: |      . .+o. *..o|
Aug 22 15:20:56 master-fr-par-1 kernel: [    0.983169] Serial: 8250/16550 driver, 4 ports, IRQ sharing enabled
Aug 22 15:20:56 master-fr-par-1 kernel: [    0.983847] 00:04: ttyS0 at I/O 0x3f8 (irq = 4, base_baud = 115200) is a 16550A
Aug 22 15:20:56 master-fr-par-1 kernel: [    0.985390] i8042: PNP: PS/2 Controller [PNP0303:KBD,PNP0f13:MOU] at 0x60,0x64 irq 1,12
Aug 22 15:20:56 master-fr-par-1 kernel: [    0.986801] serio: i8042 KBD port at 0x60,0x64 irq 1
Aug 22 15:20:56 master-fr-par-1 kernel: [    0.987261] serio: i8042 AUX port at 0x60,0x64 irq 12
Aug 22 15:20:56 master-fr-par-1 kernel: [    0.988069] input: AT Translated Set 2 keyboard as /devices/platform/i8042/serio0/input/input0
Aug 22 15:20:56 master-fr-par-1 kernel: [    0.988967] rtc_cmos 00:00: RTC can wake from S4
Aug 22 15:20:56 master-fr-par-1 cloud-init[525]: |     o ooo. o ...|
Aug 22 15:20:56 master-fr-par-1 kernel: [    0.989981] rtc_cmos 00:00: registered as rtc0
Aug 22 15:20:56 master-fr-par-1 kernel: [    0.990688] rtc_cmos 00:00: setting system clock to 2022-08-22T15:20:50 UTC (1661181650)
Aug 22 15:20:56 master-fr-par-1 kernel: [    0.991499] rtc_cmos 00:00: alarms up to one day, y3k, 114 bytes nvram, hpet irqs
Aug 22 15:20:56 master-fr-par-1 kernel: [    0.992394] EFI Variables Facility v0.08 2004-May-17
Aug 22 15:20:56 master-fr-par-1 cloud-init[525]: |    . o..+.o    o|
Aug 22 15:20:56 master-fr-par-1 kernel: [    0.995089] NET: Registered protocol family 10
Aug 22 15:20:56 master-fr-par-1 cloud-init[525]: |       ES o     .|
Aug 22 15:20:56 master-fr-par-1 kernel: [    1.007751] Segment Routing with IPv6
Aug 22 15:20:56 master-fr-par-1 kernel: [    1.008420] mip6: Mobile IPv6
Aug 22 15:20:56 master-fr-par-1 kernel: [    1.008888] NET: Registered protocol family 17
Aug 22 15:20:56 master-fr-par-1 kernel: [    1.009809] IPI shorthand broadcast: enabled
Aug 22 15:20:56 master-fr-par-1 kernel: [    1.010549] sched_clock: Marking stable (1005119161, 5355357)->(1018953377, -8478859)
Aug 22 15:20:56 master-fr-par-1 kernel: [    1.012266] registered taskstats version 1
Aug 22 15:20:56 master-fr-par-1 kernel: [    1.012966] Loading compiled-in X.509 certificates
Aug 22 15:20:56 master-fr-par-1 cloud-init[525]: |        =.o.     |
Aug 22 15:20:56 master-fr-par-1 kernel: [    1.013909] Key type ._fscrypt registered
Aug 22 15:20:56 master-fr-par-1 cloud-init[525]: |       ooX ..    |
Aug 22 15:20:56 master-fr-par-1 kernel: [    1.014589] Key type .fscrypt registered
Aug 22 15:20:56 master-fr-par-1 kernel: [    1.015217] Key type fscrypt-provisioning registered
Aug 22 15:20:56 master-fr-par-1 kernel: [    1.016224] AppArmor: AppArmor sha1 policy hashing enabled
Aug 22 15:20:56 master-fr-par-1 kernel: [    1.021778] Freeing unused decrypted memory: 2036K
Aug 22 15:20:56 master-fr-par-1 kernel: [    1.023550] Freeing unused kernel image (initmem) memory: 2260K
Aug 22 15:20:56 master-fr-par-1 cloud-init[525]: |      . B+o+     |
Aug 22 15:20:56 master-fr-par-1 kernel: [    1.038448] Write protecting the kernel read-only data: 22528k
Aug 22 15:20:56 master-fr-par-1 cloud-init[525]: |       .+==.     |
Aug 22 15:20:56 master-fr-par-1 kernel: [    1.041619] Freeing unused kernel image (text/rodata gap) memory: 2036K
Aug 22 15:20:56 master-fr-par-1 kernel: [    1.043887] Freeing unused kernel image (rodata/data gap) memory: 1140K
Aug 22 15:20:56 master-fr-par-1 kernel: [    1.047992] x86/mm: Checked W+X mappings: passed, no W+X pages found.
Aug 22 15:20:56 master-fr-par-1 kernel: [    1.048812] Run /init as init process
Aug 22 15:20:56 master-fr-par-1 kernel: [    1.049143]   with arguments:
Aug 22 15:20:56 master-fr-par-1 kernel: [    1.049144]     /init
Aug 22 15:20:56 master-fr-par-1 cloud-init[525]: +----[SHA256]-----+
Aug 22 15:20:56 master-fr-par-1 kernel: [    1.049145]   with environment:
Aug 22 15:20:56 master-fr-par-1 systemd[1]: Started Initial cloud-init job (metadata service crawler).
Aug 22 15:20:56 master-fr-par-1 kernel: [    1.049145]     HOME=/
Aug 22 15:20:56 master-fr-par-1 kernel: [    1.049146]     TERM=linux
Aug 22 15:20:56 master-fr-par-1 kernel: [    1.049146]     BOOT_IMAGE=/boot/vmlinuz-5.10.103-scaleway
Aug 22 15:20:56 master-fr-par-1 kernel: [    1.049298] process '/usr/bin/sh' started with executable stack
Aug 22 15:20:56 master-fr-par-1 systemd[1]: Reached target Network is Online.
Aug 22 15:20:56 master-fr-par-1 systemd[1]: Reached target Cloud-config availability.
Aug 22 15:20:56 master-fr-par-1 systemd[1]: Reached target System Initialization.
Aug 22 15:20:56 master-fr-par-1 kernel: [    1.104088] scsi_mod: module verification failed: signature and/or required key missing - tainting kernel
Aug 22 15:20:56 master-fr-par-1 systemd[1]: Started Daily Cleanup of Temporary Directories.
Aug 22 15:20:56 master-fr-par-1 systemd[1]: Listening on D-Bus System Message Bus Socket.
Aug 22 15:20:56 master-fr-par-1 kernel: [    1.112789] scsi_mod: unknown parameter 'use_blk_mq' ignored
Aug 22 15:20:56 master-fr-par-1 kernel: [    1.113517] SCSI subsystem initialized
Aug 22 15:20:56 master-fr-par-1 systemd[1]: Started Daily apt download activities.
Aug 22 15:20:56 master-fr-par-1 kernel: [    1.120315] libata version 3.00 loaded.
Aug 22 15:20:56 master-fr-par-1 kernel: [    1.120826] ata_piix 0000:00:01.1: version 2.13
Aug 22 15:20:56 master-fr-par-1 systemd[1]: Started Daily apt upgrade and clean activities.
Aug 22 15:20:56 master-fr-par-1 systemd[1]: Listening on UUID daemon activation socket.
Aug 22 15:20:56 master-fr-par-1 systemd[1]: Reached target Sockets.
Aug 22 15:20:56 master-fr-par-1 kernel: [    1.128833] PCI Interrupt Link [LNKB] enabled at IRQ 11
Aug 22 15:20:56 master-fr-par-1 kernel: [    1.131052] scsi host0: ata_piix
Aug 22 15:20:56 master-fr-par-1 kernel: [    1.131561] scsi host1: ata_piix
Aug 22 15:20:56 master-fr-par-1 systemd[1]: Reached target Basic System.
Aug 22 15:20:56 master-fr-par-1 kernel: [    1.131940] ata1: PATA max MWDMA2 cmd 0x1f0 ctl 0x3f6 bmdma 0xc0c0 irq 14
Aug 22 15:20:56 master-fr-par-1 kernel: [    1.132659] ata2: PATA max MWDMA2 cmd 0x170 ctl 0x376 bmdma 0xc0c8 irq 15
Aug 22 15:20:56 master-fr-par-1 kernel: [    1.133516] ata1: port disabled--ignoring
Aug 22 15:20:56 master-fr-par-1 kernel: [    1.133697] ata2: port disabled--ignoring
Aug 22 15:20:56 master-fr-par-1 systemd[1]: Starting Login Service...
Aug 22 15:20:56 master-fr-par-1 systemd[1]: Starting chrony, an NTP client/server...
Aug 22 15:20:56 master-fr-par-1 systemd[1]: Starting Automatic configuration for Scaleway private network...
Aug 22 15:20:56 master-fr-par-1 kernel: [    1.149413] PCI Interrupt Link [LNKC] enabled at IRQ 10
Aug 22 15:20:56 master-fr-par-1 systemd[1]: Starting Permit User Sessions...
Aug 22 15:20:56 master-fr-par-1 kernel: [    1.164813] PCI Interrupt Link [LNKD] enabled at IRQ 10
Aug 22 15:20:56 master-fr-par-1 systemd[1]: Starting Apply the settings specified in cloud-config...
Aug 22 15:20:56 master-fr-par-1 kernel: [    1.181876] PCI Interrupt Link [LNKA] enabled at IRQ 11
Aug 22 15:20:56 master-fr-par-1 kernel: [    1.185697] virtio_blk virtio2: [vda] 78125000 512-byte logical blocks (40.0 GB/37.3 GiB)
Aug 22 15:20:56 master-fr-par-1 kernel: [    1.186439] vda: detected capacity change from 0 to 40000000000
Aug 22 15:20:56 master-fr-par-1 kernel: [    1.188565] scsi host2: Virtio SCSI HBA
Aug 22 15:20:56 master-fr-par-1 kernel: [    1.210961] virtio_net virtio0 ens2: renamed from eth0
Aug 22 15:20:56 master-fr-par-1 kernel: [    1.211172] GPT:Primary header thinks Alt. header is not at the end of the disk.
Aug 22 15:20:56 master-fr-par-1 kernel: [    1.212755] GPT:4194303 != 78124999
Aug 22 15:20:56 master-fr-par-1 systemd[1]: Starting System Logging Service...
Aug 22 15:20:56 master-fr-par-1 kernel: [    1.213332] GPT:Alternate GPT header not at the end of the disk.
Aug 22 15:20:56 master-fr-par-1 kernel: [    1.214449] GPT:4194303 != 78124999
Aug 22 15:20:56 master-fr-par-1 kernel: [    1.215037] GPT: Use GNU Parted to correct GPT errors.
Aug 22 15:20:56 master-fr-par-1 kernel: [    1.215941]  vda: vda1 vda14 vda15
Aug 22 15:20:56 master-fr-par-1 kernel: [    1.233128] virtio_net virtio3 ens5: renamed from eth1
Aug 22 15:20:56 master-fr-par-1 kernel: [    1.337799] EXT4-fs (vda1): mounted filesystem with ordered data mode. Opts: (null)
Aug 22 15:20:56 master-fr-par-1 systemd[1]: Condition check resulted in SCW fetch kernel modules from Scaleway mirror being skipped.
Aug 22 15:20:56 master-fr-par-1 kernel: [    1.694916]  vda: vda1 vda14 vda15
Aug 22 15:20:56 master-fr-par-1 kernel: [    1.710094]  vda: vda1 vda14 vda15
Aug 22 15:20:56 master-fr-par-1 systemd[1]: Starting SCW set hostname from metadata on first boot...
Aug 22 15:20:56 master-fr-par-1 systemd[1]: Starting SCW fetch ssh keys from metadata...
Aug 22 15:20:56 master-fr-par-1 systemd[1]: Started Daily rotation of log files.
Aug 22 15:20:56 master-fr-par-1 kernel: [    1.745630] EXT4-fs (vda1): mounted filesystem with ordered data mode. Opts: (null)
Aug 22 15:20:56 master-fr-par-1 kernel: [    1.787354] Not activating Mandatory Access Control as /sbin/tomoyo-init does not exist.
Aug 22 15:20:56 master-fr-par-1 rsyslogd: imuxsock: Acquired UNIX socket '/run/systemd/journal/syslog' (fd 3) from systemd.  [v8.1901.0]
Aug 22 15:20:56 master-fr-par-1 kernel: [    2.080397] EXT4-fs (vda1): re-mounted. Opts: discard,errors=remount-ro
Aug 22 15:20:56 master-fr-par-1 kernel: [    2.108296] EXT4-fs (vda1): resizing filesystem from 491515 to 9732852 blocks
Aug 22 15:20:56 master-fr-par-1 kernel: [    2.369883] EXT4-fs (vda1): resized filesystem to 9732852
Aug 22 15:20:56 master-fr-par-1 systemd[1]: Starting SCW signal successful boot...
Aug 22 15:20:56 master-fr-par-1 kernel: [    2.924199] input: Power Button as /devices/LNXSYSTM:00/LNXPWRBN:00/input/input2
Aug 22 15:20:56 master-fr-par-1 rsyslogd:  [origin software="rsyslogd" swVersion="8.1901.0" x-pid="594" x-info="https://www.rsyslog.com"] start
Aug 22 15:20:56 master-fr-par-1 kernel: [    2.946616] ACPI: Power Button [PWRF]
Aug 22 15:20:56 master-fr-par-1 kernel: [    2.968398] pstore: Using crash dump compression: deflate
Aug 22 15:20:56 master-fr-par-1 kernel: [    2.969236] pstore: Registered efi as persistent store backend
Aug 22 15:20:56 master-fr-par-1 kernel: [    3.037874] cryptd: max_cpu_qlen set to 1000
Aug 22 15:20:56 master-fr-par-1 systemd[1]: Condition check resulted in getty on tty2-tty6 if dbus and logind are not available being skipped.
Aug 22 15:20:56 master-fr-par-1 systemd[1]: Started Daily man-db regeneration.
Aug 22 15:20:56 master-fr-par-1 kernel: [    3.041919] AVX2 version of gcm_enc/dec engaged.
Aug 22 15:20:56 master-fr-par-1 systemd[1]: Reached target Timers.
Aug 22 15:20:56 master-fr-par-1 kernel: [    3.042475] AES CTR mode by8 optimization enabled
Aug 22 15:20:56 master-fr-par-1 chronyd[619]: chronyd version 3.4 starting (+CMDMON +NTP +REFCLOCK +RTC +PRIVDROP +SCFILTER +SIGND +ASYNCDNS +SECHASH +IPV6 -DEBUG)
Aug 22 15:20:56 master-fr-par-1 kernel: [    3.225247] kvm: Nested Virtualization enabled
Aug 22 15:20:56 master-fr-par-1 kernel: [    3.226012] SVM: kvm: Nested Paging enabled
Aug 22 15:20:56 master-fr-par-1 kernel: [    3.292438] audit: type=1400 audit(1661181652.796:2): apparmor="STATUS" operation="profile_load" profile="unconfined" name="nvidia_modprobe" pid=370 comm="apparmor_parser"
Aug 22 15:20:56 master-fr-par-1 kernel: [    3.294113] audit: type=1400 audit(1661181652.796:3): apparmor="STATUS" operation="profile_load" profile="unconfined" name="nvidia_modprobe//kmod" pid=370 comm="apparmor_parser"
Aug 22 15:20:56 master-fr-par-1 kernel: [    3.313768] audit: type=1400 audit(1661181652.816:4): apparmor="STATUS" operation="profile_load" profile="unconfined" name="/usr/bin/man" pid=368 comm="apparmor_parser"
Aug 22 15:20:56 master-fr-par-1 kernel: [    3.315282] audit: type=1400 audit(1661181652.816:5): apparmor="STATUS" operation="profile_load" profile="unconfined" name="man_filter" pid=368 comm="apparmor_parser"
Aug 22 15:20:56 master-fr-par-1 kernel: [    3.316654] audit: type=1400 audit(1661181652.820:6): apparmor="STATUS" operation="profile_load" profile="unconfined" name="man_groff" pid=368 comm="apparmor_parser"
Aug 22 15:20:56 master-fr-par-1 kernel: [    3.363297] audit: type=1400 audit(1661181652.868:7): apparmor="STATUS" operation="profile_load" profile="unconfined" name="/usr/sbin/chronyd" pid=371 comm="apparmor_parser"
Aug 22 15:20:56 master-fr-par-1 kernel: [    3.374626] audit: type=1400 audit(1661181652.880:8): apparmor="STATUS" operation="profile_load" profile="unconfined" name="/usr/sbin/tcpdump" pid=369 comm="apparmor_parser"
Aug 22 15:20:56 master-fr-par-1 chronyd[619]: Loaded seccomp filter
Aug 22 15:20:56 master-fr-par-1 systemd[1]: Started D-Bus System Message Bus.
Aug 22 15:20:56 master-fr-par-1 systemd[1]: Started Regular background program processing daemon.
Aug 22 15:20:56 master-fr-par-1 systemd[1]: Started System Logging Service.
Aug 22 15:20:56 master-fr-par-1 systemd[1]: Started Permit User Sessions.
Aug 22 15:20:56 master-fr-par-1 systemd[1]: Started Getty on tty1.
Aug 22 15:20:56 master-fr-par-1 systemd[1]: Started Serial Getty on ttyS0.
Aug 22 15:20:56 master-fr-par-1 cron[629]: (CRON) INFO (pidfile fd = 3)
Aug 22 15:20:56 master-fr-par-1 systemd[1]: Reached target Login Prompts.
Aug 22 15:20:56 master-fr-par-1 dbus-daemon[621]: [system] Activating systemd to hand-off: service name='org.freedesktop.hostname1' unit='dbus-org.freedesktop.hostname1.service' requested by ':1.1' (uid=0 pid=599 comm="hostnamectl status ")
Aug 22 15:20:56 master-fr-par-1 cron[629]: (CRON) INFO (Running @reboot jobs)
Aug 22 15:20:56 master-fr-par-1 dbus-daemon[621]: [system] Successfully activated service 'org.freedesktop.systemd1'
Aug 22 15:20:56 master-fr-par-1 systemd[1]: Started Login Service.
Aug 22 15:20:56 master-fr-par-1 systemd[1]: Starting Hostname Service...
Aug 22 15:20:56 master-fr-par-1 systemd[1]: Started Unattended Upgrades Shutdown.
Aug 22 15:20:56 master-fr-par-1 dhclient[661]: Internet Systems Consortium DHCP Client 4.4.1
Aug 22 15:20:56 master-fr-par-1 scw-vpc-ifup[591]: Internet Systems Consortium DHCP Client 4.4.1
Aug 22 15:20:56 master-fr-par-1 scw-vpc-ifup[591]: Copyright 2004-2018 Internet Systems Consortium.
Aug 22 15:20:56 master-fr-par-1 scw-vpc-ifup[591]: All rights reserved.
Aug 22 15:20:56 master-fr-par-1 scw-vpc-ifup[591]: For info, please visit https://www.isc.org/software/dhcp/
Aug 22 15:20:56 master-fr-par-1 dhclient[661]: Copyright 2004-2018 Internet Systems Consortium.
Aug 22 15:20:56 master-fr-par-1 dhclient[661]: All rights reserved.
Aug 22 15:20:56 master-fr-par-1 dhclient[661]: For info, please visit https://www.isc.org/software/dhcp/
Aug 22 15:20:56 master-fr-par-1 dhclient[661]: 
Aug 22 15:20:56 master-fr-par-1 systemd[1]: Started chrony, an NTP client/server.
Aug 22 15:20:56 master-fr-par-1 dhclient[661]: Listening on LPF/ens5/02:00:00:01:5b:1f
Aug 22 15:20:56 master-fr-par-1 scw-vpc-ifup[591]: Listening on LPF/ens5/02:00:00:01:5b:1f
Aug 22 15:20:56 master-fr-par-1 scw-vpc-ifup[591]: Sending on   LPF/ens5/02:00:00:01:5b:1f
Aug 22 15:20:56 master-fr-par-1 scw-vpc-ifup[591]: Sending on   Socket/fallback
Aug 22 15:20:56 master-fr-par-1 scw-vpc-ifup[591]: Created duid "\000\001\000\001*\226[X\002\000\000\001[\037".
Aug 22 15:20:56 master-fr-par-1 scw-vpc-ifup[591]: DHCPDISCOVER on ens5 to 255.255.255.255 port 67 interval 4
Aug 22 15:20:56 master-fr-par-1 dhclient[661]: Sending on   LPF/ens5/02:00:00:01:5b:1f
Aug 22 15:20:56 master-fr-par-1 dhclient[661]: Sending on   Socket/fallback
Aug 22 15:20:56 master-fr-par-1 dhclient[661]: Created duid "\000\001\000\001*\226[X\002\000\000\001[\037".
Aug 22 15:20:56 master-fr-par-1 dhclient[661]: DHCPDISCOVER on ens5 to 255.255.255.255 port 67 interval 4
Aug 22 15:20:56 master-fr-par-1 dbus-daemon[621]: [system] Successfully activated service 'org.freedesktop.hostname1'
Aug 22 15:20:56 master-fr-par-1 systemd[1]: Started Hostname Service.
Aug 22 15:20:57 master-fr-par-1 scw-signal-state[608]: booted signal sent!
Aug 22 15:20:57 master-fr-par-1 systemd[1]: scw-signal-booted.service: Succeeded.
Aug 22 15:20:57 master-fr-par-1 systemd[1]: Started SCW signal successful boot.
Aug 22 15:20:57 master-fr-par-1 cloud-init[593]: Cloud-init v. 20.2 running 'modules:config' at Mon, 22 Aug 2022 15:20:56 +0000. Up 7.29 seconds.
Aug 22 15:20:57 master-fr-par-1 systemd[1]: Started Apply the settings specified in cloud-config.
Aug 22 15:20:57 master-fr-par-1 systemd[1]: scw-fetch-ssh-keys.service: Succeeded.
Aug 22 15:20:57 master-fr-par-1 systemd[1]: Started SCW fetch ssh keys from metadata.
Aug 22 15:20:57 master-fr-par-1 systemd[1]: scw-set-hostname.service: Succeeded.
Aug 22 15:20:57 master-fr-par-1 systemd[1]: Started SCW set hostname from metadata on first boot.
Aug 22 15:20:57 master-fr-par-1 systemd[1]: Condition check resulted in Generate ssh host keys being skipped.
Aug 22 15:20:57 master-fr-par-1 systemd[1]: Starting OpenBSD Secure Shell server...
Aug 22 15:20:57 master-fr-par-1 systemd[1]: Started OpenBSD Secure Shell server.
Aug 22 15:20:57 master-fr-par-1 systemd[1]: Reached target Multi-User System.
Aug 22 15:20:57 master-fr-par-1 systemd[1]: Reached target Graphical Interface.
Aug 22 15:20:57 master-fr-par-1 systemd[1]: Starting Update UTMP about System Runlevel Changes...
Aug 22 15:20:57 master-fr-par-1 systemd[1]: Starting Execute cloud user/final scripts...
Aug 22 15:20:57 master-fr-par-1 systemd[1]: systemd-update-utmp-runlevel.service: Succeeded.
Aug 22 15:20:57 master-fr-par-1 systemd[1]: Started Update UTMP about System Runlevel Changes.
Aug 22 15:20:57 master-fr-par-1 cloud-init[732]: net.core.rmem_max = 16777216
Aug 22 15:20:57 master-fr-par-1 cloud-init[732]: net.core.wmem_max = 16777216
Aug 22 15:20:57 master-fr-par-1 cloud-init[732]: net.ipv4.tcp_rmem = 4096 87380 16777216
Aug 22 15:20:57 master-fr-par-1 cloud-init[732]: net.ipv4.tcp_wmem = 4096 87380 16777216
Aug 22 15:20:57 master-fr-par-1 cloud-init[732]: == nodeup node config starting ==
Aug 22 15:20:57 master-fr-par-1 cloud-init[732]: Attempting download with: curl -f --compressed -Lo nodeup --connect-timeout 20 --retry 6 --retry-delay 10 {url}
Aug 22 15:20:57 master-fr-par-1 cloud-init[732]:   % Total    % Received % Xferd  Average Speed   Time    Time     Time  Current
Aug 22 15:20:57 master-fr-par-1 cloud-init[732]:                                  Dload  Upload   Total   Spent    Left  Speed
Aug 22 15:20:59 master-fr-par-1 cloud-init[732]: #015  0     0    0     0    0     0      0      0 --:--:-- --:--:-- --:--:--     0#015  0  125M    0  462k    0     0   825k      0  0:02:36 --:--:--  0:02:36  823k#015100  125M  100  125M    0     0   116M      0  0:00:01  0:00:01 --:--:--  116M
Aug 22 15:20:59 master-fr-par-1 dhclient[661]: DHCPOFFER of 192.168.1.208 from 192.168.1.1
Aug 22 15:20:59 master-fr-par-1 scw-vpc-ifup[591]: DHCPOFFER of 192.168.1.208 from 192.168.1.1
Aug 22 15:20:59 master-fr-par-1 scw-vpc-ifup[591]: DHCPREQUEST for 192.168.1.208 on ens5 to 255.255.255.255 port 67
Aug 22 15:20:59 master-fr-par-1 dhclient[661]: DHCPREQUEST for 192.168.1.208 on ens5 to 255.255.255.255 port 67
Aug 22 15:20:59 master-fr-par-1 dhclient[661]: DHCPACK of 192.168.1.208 from 192.168.1.1
Aug 22 15:20:59 master-fr-par-1 scw-vpc-ifup[591]: DHCPACK of 192.168.1.208 from 192.168.1.1
Aug 22 15:20:59 master-fr-par-1 dhclient[661]: bound to 192.168.1.208 -- renewal in 2812 seconds.
Aug 22 15:20:59 master-fr-par-1 scw-vpc-ifup[591]: bound to 192.168.1.208 -- renewal in 2812 seconds.
Aug 22 15:20:59 master-fr-par-1 cloud-init[732]: == Downloaded https://s3.fr-par.scw.cloud/kops-binaries/kops/1.25.0-alpha.2/linux/amd64/nodeup (SHA256 = 8e223c53dc1b9a452a53af75c061fadfd7c6595bda09ff2c32b7bf71646be132) ==
Aug 22 15:20:59 master-fr-par-1 cloud-init[732]: Running nodeup
Aug 22 15:20:59 master-fr-par-1 systemd[1]: Started Automatic configuration for Scaleway private network.
Aug 22 15:20:59 master-fr-par-1 cloud-init[732]: nodeup version 1.25.0-alpha.2 (git-v1.25.0-alpha.2-118-g343fa277af)
Aug 22 15:20:59 master-fr-par-1 cloud-init[732]: I0822 15:20:59.806070     818 install.go:194] Built service manifest "kops-configuration.service"
Aug 22 15:20:59 master-fr-par-1 cloud-init[732]: [Unit]
Aug 22 15:20:59 master-fr-par-1 cloud-init[732]: Description=Run kOps bootstrap (nodeup)
Aug 22 15:20:59 master-fr-par-1 cloud-init[732]: Documentation=https://github.com/kubernetes/kops
Aug 22 15:20:59 master-fr-par-1 cloud-init[732]: [Service]
Aug 22 15:20:59 master-fr-par-1 cloud-init[732]: EnvironmentFile=/etc/sysconfig/kops-configuration
Aug 22 15:20:59 master-fr-par-1 cloud-init[732]: EnvironmentFile=/etc/environment
Aug 22 15:20:59 master-fr-par-1 cloud-init[732]: ExecStart=/opt/kops/bin/nodeup --conf=/opt/kops/conf/kube_env.yaml --v=8
Aug 22 15:20:59 master-fr-par-1 cloud-init[732]: Type=oneshot
Aug 22 15:20:59 master-fr-par-1 cloud-init[732]: [Install]
Aug 22 15:20:59 master-fr-par-1 cloud-init[732]: WantedBy=multi-user.target
Aug 22 15:20:59 master-fr-par-1 cloud-init[732]: I0822 15:20:59.806126     818 install.go:62] No package task found; won't update packages
Aug 22 15:20:59 master-fr-par-1 cloud-init[732]: I0822 15:20:59.806301     818 topological_sort.go:71] Dependencies:
Aug 22 15:20:59 master-fr-par-1 cloud-init[732]: I0822 15:20:59.806314     818 topological_sort.go:73] #011File//etc/sysconfig/kops-configuration:#011[]
Aug 22 15:20:59 master-fr-par-1 cloud-init[732]: I0822 15:20:59.806321     818 topological_sort.go:73] #011Service/kops-configuration.service:#011[File//etc/sysconfig/kops-configuration]
Aug 22 15:20:59 master-fr-par-1 cloud-init[732]: I0822 15:20:59.806343     818 executor.go:111] Tasks: 0 done / 2 total; 1 can run
Aug 22 15:20:59 master-fr-par-1 cloud-init[732]: I0822 15:20:59.806442     818 executor.go:186] Executing task "File//etc/sysconfig/kops-configuration": File: "/etc/sysconfig/kops-configuration"
Aug 22 15:20:59 master-fr-par-1 cloud-init[732]: I0822 15:20:59.806725     818 files.go:57] Writing file "/etc/sysconfig/kops-configuration"
Aug 22 15:20:59 master-fr-par-1 cloud-init[732]: I0822 15:20:59.806893     818 files.go:113] Changing file mode for "/etc/sysconfig/kops-configuration" to -rw-r--r--
Aug 22 15:20:59 master-fr-par-1 cloud-init[732]: I0822 15:20:59.806928     818 executor.go:111] Tasks: 1 done / 2 total; 1 can run
Aug 22 15:20:59 master-fr-par-1 cloud-init[732]: I0822 15:20:59.807013     818 executor.go:186] Executing task "Service/kops-configuration.service": Service: kops-configuration.service
Aug 22 15:20:59 master-fr-par-1 cloud-init[732]: I0822 15:20:59.807126     818 changes.go:81] Field changed "Definition" actual="<nil>" expected="[Unit]\nDescription=Run kOps bootstrap (nodeup)\nDocumentation=https://github.com/kubernetes/kops\n\n[Service]\nEnvironmentFile=/etc/sysconfig/kops-configuration\nEnvironmentFile=/etc/environment\nExecStart=/opt/kops/bin/nodeup --conf=/opt/kops/conf/kube_env.yaml --v=8\nType=oneshot\n\n[Install]\nWantedBy=multi-user.target\n"
Aug 22 15:20:59 master-fr-par-1 cloud-init[732]: I0822 15:20:59.807160     818 changes.go:81] Field changed "Running" actual="false" expected="true"
Aug 22 15:20:59 master-fr-par-1 cloud-init[732]: I0822 15:20:59.807192     818 changes.go:81] Field changed "Enabled" actual="<nil>" expected="true"
Aug 22 15:20:59 master-fr-par-1 cloud-init[732]: I0822 15:20:59.807205     818 changes.go:81] Field changed "ManageState" actual="<nil>" expected="true"
Aug 22 15:20:59 master-fr-par-1 cloud-init[732]: I0822 15:20:59.807213     818 changes.go:81] Field changed "SmartRestart" actual="<nil>" expected="true"
Aug 22 15:20:59 master-fr-par-1 cloud-init[732]: I0822 15:20:59.807306     818 files.go:57] Writing file "/lib/systemd/system/kops-configuration.service"
Aug 22 15:20:59 master-fr-par-1 cloud-init[732]: I0822 15:20:59.807406     818 files.go:113] Changing file mode for "/lib/systemd/system/kops-configuration.service" to -rw-r--r--
Aug 22 15:20:59 master-fr-par-1 cloud-init[732]: I0822 15:20:59.807425     818 service.go:287] Reloading systemd configuration
Aug 22 15:20:59 master-fr-par-1 systemd[1]: Reloading.
Aug 22 15:20:59 master-fr-par-1 systemd[1]: serial-getty@ttyS0.service: Current command vanished from the unit file, execution of the command list won't be resumed.
Aug 22 15:20:59 master-fr-par-1 systemd[1]: getty@tty1.service: Current command vanished from the unit file, execution of the command list won't be resumed.
Aug 22 15:20:59 master-fr-par-1 cloud-init[732]: I0822 15:20:59.938727     818 service.go:350] Restarting service "kops-configuration.service"
Aug 22 15:20:59 master-fr-par-1 systemd[1]: Starting Run kOps bootstrap (nodeup)...
Aug 22 15:20:59 master-fr-par-1 nodeup[875]: nodeup version 1.25.0-alpha.2 (git-v1.25.0-alpha.2-118-g343fa277af)
Aug 22 15:20:59 master-fr-par-1 nodeup[875]: I0822 15:20:59.988881     875 s3context.go:90] Found S3_ENDPOINT="https://s3.fr-par.scw.cloud", using as non-AWS S3 backend
Aug 22 15:20:59 master-fr-par-1 nodeup[875]: I0822 15:20:59.989137     875 s3fs.go:329] Reading file "scw://kops-state-store-test/kops.scaleway-terraform.com/cluster-completed.spec"
Aug 22 15:21:00 master-fr-par-1 nodeup[875]: I0822 15:21:00.175392     875 s3fs.go:329] Reading file "scw://kops-state-store-test/kops.scaleway-terraform.com/igconfig/master/master-fr-par-1/nodeupconfig.yaml"
Aug 22 15:21:00 master-fr-par-1 nodeup[875]: ***** adding asset [da575ceb7c44fddbe7d2514c16798f39f8c10e54b5dbef3bcee5ac547637db11@https://storage.googleapis.com/kubernetes-release/release/v1.24.3/bin/linux/amd64/kubelet]I0822 15:21:00.267905     875 http.go:82] Downloading "https://storage.googleapis.com/kubernetes-release/release/v1.24.3/bin/linux/amd64/kubelet"
Aug 22 15:21:01 master-fr-par-1 nodeup[875]: I0822 15:21:01.773797     875 http.go:126] Copying "https://storage.googleapis.com/kubernetes-release/release/v1.24.3/bin/linux/amd64/kubelet" to "/var/cache/nodeup/sha256:da575ceb7c44fddbe7d2514c16798f39f8c10e54b5dbef3bcee5ac547637db11_kubelet" took "3.13µs"
Aug 22 15:21:02 master-fr-par-1 nodeup[875]: I0822 15:21:02.137662     875 files.go:133] Hash matched for "/var/cache/nodeup/sha256:da575ceb7c44fddbe7d2514c16798f39f8c10e54b5dbef3bcee5ac547637db11_kubelet": sha256:da575ceb7c44fddbe7d2514c16798f39f8c10e54b5dbef3bcee5ac547637db11
Aug 22 15:21:02 master-fr-par-1 nodeup[875]: I0822 15:21:02.137731     875 assetstore.go:272] added asset "kubelet" for &{"/var/cache/nodeup/sha256:da575ceb7c44fddbe7d2514c16798f39f8c10e54b5dbef3bcee5ac547637db11_kubelet"}
Aug 22 15:21:02 master-fr-par-1 nodeup[875]: ***** adding asset [8a45348bdaf81d46caf1706c8bf95b3f431150554f47d444ffde89e8cdd712c1@https://storage.googleapis.com/kubernetes-release/release/v1.24.3/bin/linux/amd64/kubectl]I0822 15:21:02.137844     875 http.go:82] Downloading "https://storage.googleapis.com/kubernetes-release/release/v1.24.3/bin/linux/amd64/kubectl"
Aug 22 15:21:03 master-fr-par-1 chronyd[619]: Selected source 162.159.200.1
Aug 22 15:21:03 master-fr-par-1 chronyd[619]: System clock wrong by 1.177553 seconds, adjustment started
Aug 22 15:21:03 master-fr-par-1 chronyd[619]: System clock was stepped by 1.177553 seconds
Aug 22 15:21:04 master-fr-par-1 nodeup[875]: I0822 15:21:04.068030     875 http.go:126] Copying "https://storage.googleapis.com/kubernetes-release/release/v1.24.3/bin/linux/amd64/kubectl" to "/var/cache/nodeup/sha256:8a45348bdaf81d46caf1706c8bf95b3f431150554f47d444ffde89e8cdd712c1_kubectl" took "2.31µs"
Aug 22 15:21:04 master-fr-par-1 nodeup[875]: I0822 15:21:04.225682     875 files.go:133] Hash matched for "/var/cache/nodeup/sha256:8a45348bdaf81d46caf1706c8bf95b3f431150554f47d444ffde89e8cdd712c1_kubectl": sha256:8a45348bdaf81d46caf1706c8bf95b3f431150554f47d444ffde89e8cdd712c1
Aug 22 15:21:04 master-fr-par-1 nodeup[875]: I0822 15:21:04.225999     875 assetstore.go:272] added asset "kubectl" for &{"/var/cache/nodeup/sha256:8a45348bdaf81d46caf1706c8bf95b3f431150554f47d444ffde89e8cdd712c1_kubectl"}
Aug 22 15:21:04 master-fr-par-1 nodeup[875]: ***** adding asset [962100bbc4baeaaa5748cdbfce941f756b1531c2eadb290129401498bfac21e7@https://storage.googleapis.com/k8s-artifacts-cni/release/v0.9.1/cni-plugins-linux-amd64-v0.9.1.tgz]I0822 15:21:04.226242     875 http.go:82] Downloading "https://storage.googleapis.com/k8s-artifacts-cni/release/v0.9.1/cni-plugins-linux-amd64-v0.9.1.tgz"
Aug 22 15:21:05 master-fr-par-1 nodeup[875]: I0822 15:21:05.152005     875 http.go:126] Copying "https://storage.googleapis.com/k8s-artifacts-cni/release/v0.9.1/cni-plugins-linux-amd64-v0.9.1.tgz" to "/var/cache/nodeup/sha256:962100bbc4baeaaa5748cdbfce941f756b1531c2eadb290129401498bfac21e7_cni-plugins-linux-amd64-v0_9_1_tgz" took "1.84µs"
Aug 22 15:21:05 master-fr-par-1 nodeup[875]: I0822 15:21:05.278585     875 files.go:133] Hash matched for "/var/cache/nodeup/sha256:962100bbc4baeaaa5748cdbfce941f756b1531c2eadb290129401498bfac21e7_cni-plugins-linux-amd64-v0_9_1_tgz": sha256:962100bbc4baeaaa5748cdbfce941f756b1531c2eadb290129401498bfac21e7
Aug 22 15:21:05 master-fr-par-1 nodeup[875]: I0822 15:21:05.278695     875 assetstore.go:272] added asset "cni-plugins-linux-amd64-v0.9.1.tgz" for &{"/var/cache/nodeup/sha256:962100bbc4baeaaa5748cdbfce941f756b1531c2eadb290129401498bfac21e7_cni-plugins-linux-amd64-v0_9_1_tgz"}
Aug 22 15:21:05 master-fr-par-1 nodeup[875]: I0822 15:21:05.278882     875 assetstore.go:301] running extract command [tar zxf /var/cache/nodeup/sha256:962100bbc4baeaaa5748cdbfce941f756b1531c2eadb290129401498bfac21e7_cni-plugins-linux-amd64-v0_9_1_tgz -C /var/cache/nodeup/extracted/sha256:962100bbc4baeaaa5748cdbfce941f756b1531c2eadb290129401498bfac21e7_cni-plugins-linux-amd64-v0_9_1_tgz.tmp-1661181665278750126]
Aug 22 15:21:05 master-fr-par-1 nodeup[875]: I0822 15:21:05.993384     875 assetstore.go:340] added asset "bandwidth" for &{"/var/cache/nodeup/extracted/sha256:962100bbc4baeaaa5748cdbfce941f756b1531c2eadb290129401498bfac21e7_cni-plugins-linux-amd64-v0_9_1_tgz/bandwidth"}
Aug 22 15:21:05 master-fr-par-1 nodeup[875]: I0822 15:21:05.993426     875 assetstore.go:340] added asset "bridge" for &{"/var/cache/nodeup/extracted/sha256:962100bbc4baeaaa5748cdbfce941f756b1531c2eadb290129401498bfac21e7_cni-plugins-linux-amd64-v0_9_1_tgz/bridge"}
Aug 22 15:21:05 master-fr-par-1 nodeup[875]: I0822 15:21:05.993438     875 assetstore.go:340] added asset "dhcp" for &{"/var/cache/nodeup/extracted/sha256:962100bbc4baeaaa5748cdbfce941f756b1531c2eadb290129401498bfac21e7_cni-plugins-linux-amd64-v0_9_1_tgz/dhcp"}
Aug 22 15:21:05 master-fr-par-1 nodeup[875]: I0822 15:21:05.993451     875 assetstore.go:340] added asset "firewall" for &{"/var/cache/nodeup/extracted/sha256:962100bbc4baeaaa5748cdbfce941f756b1531c2eadb290129401498bfac21e7_cni-plugins-linux-amd64-v0_9_1_tgz/firewall"}
Aug 22 15:21:05 master-fr-par-1 nodeup[875]: I0822 15:21:05.993466     875 assetstore.go:340] added asset "flannel" for &{"/var/cache/nodeup/extracted/sha256:962100bbc4baeaaa5748cdbfce941f756b1531c2eadb290129401498bfac21e7_cni-plugins-linux-amd64-v0_9_1_tgz/flannel"}
Aug 22 15:21:05 master-fr-par-1 nodeup[875]: I0822 15:21:05.993479     875 assetstore.go:340] added asset "host-device" for &{"/var/cache/nodeup/extracted/sha256:962100bbc4baeaaa5748cdbfce941f756b1531c2eadb290129401498bfac21e7_cni-plugins-linux-amd64-v0_9_1_tgz/host-device"}
Aug 22 15:21:05 master-fr-par-1 nodeup[875]: I0822 15:21:05.993491     875 assetstore.go:340] added asset "host-local" for &{"/var/cache/nodeup/extracted/sha256:962100bbc4baeaaa5748cdbfce941f756b1531c2eadb290129401498bfac21e7_cni-plugins-linux-amd64-v0_9_1_tgz/host-local"}
Aug 22 15:21:05 master-fr-par-1 nodeup[875]: I0822 15:21:05.993504     875 assetstore.go:340] added asset "ipvlan" for &{"/var/cache/nodeup/extracted/sha256:962100bbc4baeaaa5748cdbfce941f756b1531c2eadb290129401498bfac21e7_cni-plugins-linux-amd64-v0_9_1_tgz/ipvlan"}
Aug 22 15:21:05 master-fr-par-1 nodeup[875]: I0822 15:21:05.993516     875 assetstore.go:340] added asset "loopback" for &{"/var/cache/nodeup/extracted/sha256:962100bbc4baeaaa5748cdbfce941f756b1531c2eadb290129401498bfac21e7_cni-plugins-linux-amd64-v0_9_1_tgz/loopback"}
Aug 22 15:21:05 master-fr-par-1 nodeup[875]: I0822 15:21:05.993529     875 assetstore.go:340] added asset "macvlan" for &{"/var/cache/nodeup/extracted/sha256:962100bbc4baeaaa5748cdbfce941f756b1531c2eadb290129401498bfac21e7_cni-plugins-linux-amd64-v0_9_1_tgz/macvlan"}
Aug 22 15:21:05 master-fr-par-1 nodeup[875]: I0822 15:21:05.993541     875 assetstore.go:340] added asset "portmap" for &{"/var/cache/nodeup/extracted/sha256:962100bbc4baeaaa5748cdbfce941f756b1531c2eadb290129401498bfac21e7_cni-plugins-linux-amd64-v0_9_1_tgz/portmap"}
Aug 22 15:21:05 master-fr-par-1 nodeup[875]: I0822 15:21:05.993554     875 assetstore.go:340] added asset "ptp" for &{"/var/cache/nodeup/extracted/sha256:962100bbc4baeaaa5748cdbfce941f756b1531c2eadb290129401498bfac21e7_cni-plugins-linux-amd64-v0_9_1_tgz/ptp"}
Aug 22 15:21:05 master-fr-par-1 nodeup[875]: I0822 15:21:05.993567     875 assetstore.go:340] added asset "sbr" for &{"/var/cache/nodeup/extracted/sha256:962100bbc4baeaaa5748cdbfce941f756b1531c2eadb290129401498bfac21e7_cni-plugins-linux-amd64-v0_9_1_tgz/sbr"}
Aug 22 15:21:05 master-fr-par-1 nodeup[875]: I0822 15:21:05.993580     875 assetstore.go:340] added asset "static" for &{"/var/cache/nodeup/extracted/sha256:962100bbc4baeaaa5748cdbfce941f756b1531c2eadb290129401498bfac21e7_cni-plugins-linux-amd64-v0_9_1_tgz/static"}
Aug 22 15:21:05 master-fr-par-1 nodeup[875]: I0822 15:21:05.993594     875 assetstore.go:340] added asset "tuning" for &{"/var/cache/nodeup/extracted/sha256:962100bbc4baeaaa5748cdbfce941f756b1531c2eadb290129401498bfac21e7_cni-plugins-linux-amd64-v0_9_1_tgz/tuning"}
Aug 22 15:21:05 master-fr-par-1 nodeup[875]: I0822 15:21:05.993609     875 assetstore.go:340] added asset "vlan" for &{"/var/cache/nodeup/extracted/sha256:962100bbc4baeaaa5748cdbfce941f756b1531c2eadb290129401498bfac21e7_cni-plugins-linux-amd64-v0_9_1_tgz/vlan"}
Aug 22 15:21:05 master-fr-par-1 nodeup[875]: I0822 15:21:05.993622     875 assetstore.go:340] added asset "vrf" for &{"/var/cache/nodeup/extracted/sha256:962100bbc4baeaaa5748cdbfce941f756b1531c2eadb290129401498bfac21e7_cni-plugins-linux-amd64-v0_9_1_tgz/vrf"}
Aug 22 15:21:05 master-fr-par-1 nodeup[875]: ***** adding asset [3a1322c18ee5ff4b9bd5af6b7b30c923a3eab8af1df05554f530ef8e2b24ac5e@https://github.com/containerd/containerd/releases/download/v1.6.8/containerd-1.6.8-linux-amd64.tar.gz]I0822 15:21:05.993702     875 http.go:82] Downloading "https://github.com/containerd/containerd/releases/download/v1.6.8/containerd-1.6.8-linux-amd64.tar.gz"
Aug 22 15:21:10 master-fr-par-1 nodeup[875]: I0822 15:21:10.138101     875 http.go:126] Copying "https://github.com/containerd/containerd/releases/download/v1.6.8/containerd-1.6.8-linux-amd64.tar.gz" to "/var/cache/nodeup/sha256:3a1322c18ee5ff4b9bd5af6b7b30c923a3eab8af1df05554f530ef8e2b24ac5e_containerd-1_6_8-linux-amd64_tar_gz" took "1.84µs"
Aug 22 15:21:10 master-fr-par-1 nodeup[875]: I0822 15:21:10.279030     875 files.go:133] Hash matched for "/var/cache/nodeup/sha256:3a1322c18ee5ff4b9bd5af6b7b30c923a3eab8af1df05554f530ef8e2b24ac5e_containerd-1_6_8-linux-amd64_tar_gz": sha256:3a1322c18ee5ff4b9bd5af6b7b30c923a3eab8af1df05554f530ef8e2b24ac5e
Aug 22 15:21:10 master-fr-par-1 nodeup[875]: I0822 15:21:10.279384     875 assetstore.go:272] added asset "containerd-1.6.8-linux-amd64.tar.gz" for &{"/var/cache/nodeup/sha256:3a1322c18ee5ff4b9bd5af6b7b30c923a3eab8af1df05554f530ef8e2b24ac5e_containerd-1_6_8-linux-amd64_tar_gz"}
Aug 22 15:21:10 master-fr-par-1 nodeup[875]: I0822 15:21:10.279683     875 assetstore.go:301] running extract command [tar zxf /var/cache/nodeup/sha256:3a1322c18ee5ff4b9bd5af6b7b30c923a3eab8af1df05554f530ef8e2b24ac5e_containerd-1_6_8-linux-amd64_tar_gz -C /var/cache/nodeup/extracted/sha256:3a1322c18ee5ff4b9bd5af6b7b30c923a3eab8af1df05554f530ef8e2b24ac5e_containerd-1_6_8-linux-amd64_tar_gz.tmp-1661181670279553684]
Aug 22 15:21:11 master-fr-par-1 nodeup[875]: I0822 15:21:11.491255     875 assetstore.go:340] added asset "containerd" for &{"/var/cache/nodeup/extracted/sha256:3a1322c18ee5ff4b9bd5af6b7b30c923a3eab8af1df05554f530ef8e2b24ac5e_containerd-1_6_8-linux-amd64_tar_gz/bin/containerd"}
Aug 22 15:21:11 master-fr-par-1 nodeup[875]: I0822 15:21:11.491300     875 assetstore.go:340] added asset "containerd-shim" for &{"/var/cache/nodeup/extracted/sha256:3a1322c18ee5ff4b9bd5af6b7b30c923a3eab8af1df05554f530ef8e2b24ac5e_containerd-1_6_8-linux-amd64_tar_gz/bin/containerd-shim"}
Aug 22 15:21:11 master-fr-par-1 nodeup[875]: I0822 15:21:11.491313     875 assetstore.go:340] added asset "containerd-shim-runc-v1" for &{"/var/cache/nodeup/extracted/sha256:3a1322c18ee5ff4b9bd5af6b7b30c923a3eab8af1df05554f530ef8e2b24ac5e_containerd-1_6_8-linux-amd64_tar_gz/bin/containerd-shim-runc-v1"}
Aug 22 15:21:11 master-fr-par-1 nodeup[875]: I0822 15:21:11.491324     875 assetstore.go:340] added asset "containerd-shim-runc-v2" for &{"/var/cache/nodeup/extracted/sha256:3a1322c18ee5ff4b9bd5af6b7b30c923a3eab8af1df05554f530ef8e2b24ac5e_containerd-1_6_8-linux-amd64_tar_gz/bin/containerd-shim-runc-v2"}
Aug 22 15:21:11 master-fr-par-1 nodeup[875]: I0822 15:21:11.491335     875 assetstore.go:340] added asset "containerd-stress" for &{"/var/cache/nodeup/extracted/sha256:3a1322c18ee5ff4b9bd5af6b7b30c923a3eab8af1df05554f530ef8e2b24ac5e_containerd-1_6_8-linux-amd64_tar_gz/bin/containerd-stress"}
